../Drivers/STM32WB0x_HAL_Driver/Inc/stm32wb0x_ll_pwr.h:2503:22:LL_PWR_EnableGPIOPullUp	16	static
../Drivers/STM32WB0x_HAL_Driver/Inc/stm32wb0x_ll_pwr.h:2694:22:LL_PWR_SetNoPullA	16	static
../Drivers/STM32WB0x_HAL_Driver/Inc/stm32wb0x_ll_pwr.h:2723:22:LL_PWR_SetNoPullB	16	static
../Drivers/STM32WB0x_HAL_Driver/Inc/stm32wb0x_ll_radio_timer.h:325:26:LL_RADIO_TIMER_GetAbsoluteTime	16	static
../Drivers/STM32WB0x_HAL_Driver/Inc/stm32wb0x_ll_bus.h:229:22:LL_AHB1_GRP1_EnableClock	24	static
../Drivers/STM32WB0x_HAL_Driver/Inc/stm32wb0x_ll_bus.h:642:22:LL_APB2_GRP1_EnableClock	24	static
../Drivers/STM32WB0x_HAL_Driver/Inc/stm32wb0x_ll_bus.h:659:26:LL_APB2_GRP1_IsEnabledClock	16	static
../Drivers/STM32WB0x_HAL_Driver/Inc/stm32wb0x_ll_bus.h:685:22:LL_APB2_GRP1_ForceReset	16	static
../Drivers/STM32WB0x_HAL_Driver/Inc/stm32wb0x_ll_bus.h:698:22:LL_APB2_GRP1_ReleaseReset	16	static
../Core/Src/main.c:85:5:main	72	static
../Core/Src/main.c:163:6:SystemClock_Config	48	static
../Core/Src/main.c:193:6:PeriphCommonClock_Config	32	static
../Core/Src/main.c:211:13:MX_RADIO_Init	16	static
../Core/Src/main.c:235:13:MX_RADIO_TIMER_Init	16	static
../Core/Src/main.c:273:13:MX_SPI2_Init	8	static
../Core/Src/main.c:311:13:MX_USART1_UART_Init	8	static
../Core/Src/main.c:356:13:MX_GPIO_Init	32	static
../Core/Src/main.c:413:6:HAL_RADIO_CallbackRcvError	40	static
../Core/Src/main.c:420:6:HAL_RADIO_CallbackRcvTimeout	40	static
../Core/Src/main.c:427:6:HAL_RADIO_CallbackTxDone	32	static
../Core/Src/main.c:434:6:HAL_RADIO_CallbackRcvOk	40	static
../Core/Src/main.c:446:6:Error_Handler	8	static,ignoring_inline_asm
