../Core/Inc/DW1000.c:415:13:final_msg_get_ts	8	static
../Core/Inc/DW1000.c:86:20:DW1000_write_reg	24	static
../Core/Inc/DW1000.c:67:20:DW1000_read_reg	24	static,ignoring_inline_asm
../Core/Inc/DW1000.c:381:17:get_tx_timestamp_u64	32	static
../Core/Inc/DW1000.c:394:17:get_rx_timestamp_u64	32	static
../Core/Inc/DW1000.c:106:6:DW1000_init	40	static
../Core/Inc/DW1000.c:219:9:DW1000_config	56	static
../Core/Inc/DW1000.c:423:6:DW1000_initiator	56	static
../Core/Inc/DW1000.c:537:8:DW1000_responder	88	static
