../Core/Src/stm32wb0x_it.c:69:6:NMI_Handler	0	static
../Core/Src/stm32wb0x_it.c:84:6:HardFault_Handler	0	static
../Core/Src/stm32wb0x_it.c:99:6:SVC_Handler	0	static
../Core/Src/stm32wb0x_it.c:112:6:PendSV_Handler	0	static
../Core/Src/stm32wb0x_it.c:125:6:SysTick_Handler	8	static
../Core/Src/stm32wb0x_it.c:146:6:GPIOB_IRQHandler	8	static
../Core/Src/stm32wb0x_it.c:161:6:RADIO_TIMER_CPU_WKUP_IRQHandler	8	static
../Core/Src/stm32wb0x_it.c:175:6:RADIO_TIMER_TXRX_WKUP_IRQHandler	8	static
../Core/Src/stm32wb0x_it.c:189:6:RADIO_TIMER_ERROR_IRQHandler	8	static
../Core/Src/stm32wb0x_it.c:203:6:RADIO_TXRX_IRQHandler	8	static
../Core/Src/stm32wb0x_it.c:217:6:RADIO_TXRX_SEQ_IRQHandler	8	static
