Archive member included to satisfy reference by file (symbol)

C:/ST/STM32CubeIDE_1.16.0/STM32CubeIDE/plugins/com.st.stm32cube.ide.mcu.externaltools.gnu-tools-for-stm32.12.3.rel1.win32_1.1.0.202410251130/tools/bin/../lib/gcc/arm-none-eabi/12.3.1/../../../../arm-none-eabi/lib/thumb/v6-m/nofp\libc_nano.a(libc_a-exit.o)
                              C:/ST/STM32CubeIDE_1.16.0/STM32CubeIDE/plugins/com.st.stm32cube.ide.mcu.externaltools.gnu-tools-for-stm32.12.3.rel1.win32_1.1.0.202410251130/tools/bin/../lib/gcc/arm-none-eabi/12.3.1/../../../../arm-none-eabi/lib/thumb/v6-m/nofp/crt0.o (exit)
C:/ST/STM32CubeIDE_1.16.0/STM32CubeIDE/plugins/com.st.stm32cube.ide.mcu.externaltools.gnu-tools-for-stm32.12.3.rel1.win32_1.1.0.202410251130/tools/bin/../lib/gcc/arm-none-eabi/12.3.1/../../../../arm-none-eabi/lib/thumb/v6-m/nofp\libc_nano.a(libc_a-nano-vfprintf_float.o)
                              (_printf_float)
C:/ST/STM32CubeIDE_1.16.0/STM32CubeIDE/plugins/com.st.stm32cube.ide.mcu.externaltools.gnu-tools-for-stm32.12.3.rel1.win32_1.1.0.202410251130/tools/bin/../lib/gcc/arm-none-eabi/12.3.1/../../../../arm-none-eabi/lib/thumb/v6-m/nofp\libc_nano.a(libc_a-nano-vfprintf_i.o)
                              C:/ST/STM32CubeIDE_1.16.0/STM32CubeIDE/plugins/com.st.stm32cube.ide.mcu.externaltools.gnu-tools-for-stm32.12.3.rel1.win32_1.1.0.202410251130/tools/bin/../lib/gcc/arm-none-eabi/12.3.1/../../../../arm-none-eabi/lib/thumb/v6-m/nofp\libc_nano.a(libc_a-nano-vfprintf_float.o) (_printf_common)
C:/ST/STM32CubeIDE_1.16.0/STM32CubeIDE/plugins/com.st.stm32cube.ide.mcu.externaltools.gnu-tools-for-stm32.12.3.rel1.win32_1.1.0.202410251130/tools/bin/../lib/gcc/arm-none-eabi/12.3.1/../../../../arm-none-eabi/lib/thumb/v6-m/nofp\libc_nano.a(libc_a-findfp.o)
                              C:/ST/STM32CubeIDE_1.16.0/STM32CubeIDE/plugins/com.st.stm32cube.ide.mcu.externaltools.gnu-tools-for-stm32.12.3.rel1.win32_1.1.0.202410251130/tools/bin/../lib/gcc/arm-none-eabi/12.3.1/../../../../arm-none-eabi/lib/thumb/v6-m/nofp\libc_nano.a(libc_a-exit.o) (__stdio_exit_handler)
C:/ST/STM32CubeIDE_1.16.0/STM32CubeIDE/plugins/com.st.stm32cube.ide.mcu.externaltools.gnu-tools-for-stm32.12.3.rel1.win32_1.1.0.202410251130/tools/bin/../lib/gcc/arm-none-eabi/12.3.1/../../../../arm-none-eabi/lib/thumb/v6-m/nofp\libc_nano.a(libc_a-fwalk.o)
                              C:/ST/STM32CubeIDE_1.16.0/STM32CubeIDE/plugins/com.st.stm32cube.ide.mcu.externaltools.gnu-tools-for-stm32.12.3.rel1.win32_1.1.0.202410251130/tools/bin/../lib/gcc/arm-none-eabi/12.3.1/../../../../arm-none-eabi/lib/thumb/v6-m/nofp\libc_nano.a(libc_a-findfp.o) (_fwalk_sglue)
C:/ST/STM32CubeIDE_1.16.0/STM32CubeIDE/plugins/com.st.stm32cube.ide.mcu.externaltools.gnu-tools-for-stm32.12.3.rel1.win32_1.1.0.202410251130/tools/bin/../lib/gcc/arm-none-eabi/12.3.1/../../../../arm-none-eabi/lib/thumb/v6-m/nofp\libc_nano.a(libc_a-stdio.o)
                              C:/ST/STM32CubeIDE_1.16.0/STM32CubeIDE/plugins/com.st.stm32cube.ide.mcu.externaltools.gnu-tools-for-stm32.12.3.rel1.win32_1.1.0.202410251130/tools/bin/../lib/gcc/arm-none-eabi/12.3.1/../../../../arm-none-eabi/lib/thumb/v6-m/nofp\libc_nano.a(libc_a-findfp.o) (__sread)
C:/ST/STM32CubeIDE_1.16.0/STM32CubeIDE/plugins/com.st.stm32cube.ide.mcu.externaltools.gnu-tools-for-stm32.12.3.rel1.win32_1.1.0.202410251130/tools/bin/../lib/gcc/arm-none-eabi/12.3.1/../../../../arm-none-eabi/lib/thumb/v6-m/nofp\libc_nano.a(libc_a-memcmp.o)
                              ./Drivers/DW1000/DW1000.o (memcmp)
C:/ST/STM32CubeIDE_1.16.0/STM32CubeIDE/plugins/com.st.stm32cube.ide.mcu.externaltools.gnu-tools-for-stm32.12.3.rel1.win32_1.1.0.202410251130/tools/bin/../lib/gcc/arm-none-eabi/12.3.1/../../../../arm-none-eabi/lib/thumb/v6-m/nofp\libc_nano.a(libc_a-memset.o)
                              C:/ST/STM32CubeIDE_1.16.0/STM32CubeIDE/plugins/com.st.stm32cube.ide.mcu.externaltools.gnu-tools-for-stm32.12.3.rel1.win32_1.1.0.202410251130/tools/bin/../lib/gcc/arm-none-eabi/12.3.1/../../../../arm-none-eabi/lib/thumb/v6-m/nofp/crt0.o (memset)
C:/ST/STM32CubeIDE_1.16.0/STM32CubeIDE/plugins/com.st.stm32cube.ide.mcu.externaltools.gnu-tools-for-stm32.12.3.rel1.win32_1.1.0.202410251130/tools/bin/../lib/gcc/arm-none-eabi/12.3.1/../../../../arm-none-eabi/lib/thumb/v6-m/nofp\libc_nano.a(libc_a-localeconv.o)
                              C:/ST/STM32CubeIDE_1.16.0/STM32CubeIDE/plugins/com.st.stm32cube.ide.mcu.externaltools.gnu-tools-for-stm32.12.3.rel1.win32_1.1.0.202410251130/tools/bin/../lib/gcc/arm-none-eabi/12.3.1/../../../../arm-none-eabi/lib/thumb/v6-m/nofp\libc_nano.a(libc_a-nano-vfprintf_float.o) (_localeconv_r)
C:/ST/STM32CubeIDE_1.16.0/STM32CubeIDE/plugins/com.st.stm32cube.ide.mcu.externaltools.gnu-tools-for-stm32.12.3.rel1.win32_1.1.0.202410251130/tools/bin/../lib/gcc/arm-none-eabi/12.3.1/../../../../arm-none-eabi/lib/thumb/v6-m/nofp\libc_nano.a(libc_a-closer.o)
[...]
Memory Configuration

Name             Origin             Length             Attributes
RAM              0x20000000         0x00010000         xrw
FLASH            0x10040000         0x0003f000         xr
REGION_NVM       0x1007f000         0x00001000         xr
REGION_ROM       0x10000000         0x00001800         xr
*default*        0x00000000         0xffffffff

Linker script and memory map

LOAD C:/ST/STM32CubeIDE_1.16.0/STM32CubeIDE/plugins/com.st.stm32cube.ide.mcu.externaltools.gnu-tools-for-stm32.12.3.rel1.win32_1.1.0.202410251130/tools/bin/../lib/gcc/arm-none-eabi/12.3.1/thumb/v6-m/nofp/crti.o
LOAD C:/ST/STM32CubeIDE_1.16.0/STM32CubeIDE/plugins/com.st.stm32cube.ide.mcu.externaltools.gnu-tools-for-stm32.12.3.rel1.win32_1.1.0.202410251130/tools/bin/../lib/gcc/arm-none-eabi/12.3.1/thumb/v6-m/nofp/crtbegin.o
LOAD C:/ST/STM32CubeIDE_1.16.0/STM32CubeIDE/plugins/com.st.stm32cube.ide.mcu.externaltools.gnu-tools-for-stm32.12.3.rel1.win32_1.1.0.202410251130/tools/bin/../lib/gcc/arm-none-eabi/12.3.1/../../../../arm-none-eabi/lib/thumb/v6-m/nofp/crt0.o
LOAD ./Core/Src/blue_unit_conversion.o
LOAD ./Core/Src/main.o
LOAD ./Core/Src/stm32wb0x_hal_msp.o
LOAD ./Core/Src/stm32wb0x_it.o
LOAD ./Core/Src/syscalls.o
LOAD ./Core/Src/sysmem.o
LOAD ./Core/Src/system_stm32wb0x.o
LOAD ./Core/Startup/startup_stm32wb07ccvx.o
LOAD ./Drivers/DW1000/DW1000.o
LOAD ./Drivers/DW1000/SPI.o
LOAD ./Drivers/STM32WB0x_HAL_Driver/Src/stm32wb0x_hal.o
LOAD ./Drivers/STM32WB0x_HAL_Driver/Src/stm32wb0x_hal_cortex.o
LOAD ./Drivers/STM32WB0x_HAL_Driver/Src/stm32wb0x_hal_dma.o
LOAD ./Drivers/STM32WB0x_HAL_Driver/Src/stm32wb0x_hal_flash.o
LOAD ./Drivers/STM32WB0x_HAL_Driver/Src/stm32wb0x_hal_flash_ex.o
LOAD ./Drivers/STM32WB0x_HAL_Driver/Src/stm32wb0x_hal_gpio.o
LOAD ./Drivers/STM32WB0x_HAL_Driver/Src/stm32wb0x_hal_pwr.o
LOAD ./Drivers/STM32WB0x_HAL_Driver/Src/stm32wb0x_hal_pwr_ex.o
LOAD ./Drivers/STM32WB0x_HAL_Driver/Src/stm32wb0x_hal_radio.o
LOAD ./Drivers/STM32WB0x_HAL_Driver/Src/stm32wb0x_hal_radio_timer.o
LOAD ./Drivers/STM32WB0x_HAL_Driver/Src/stm32wb0x_hal_rcc.o
LOAD ./Drivers/STM32WB0x_HAL_Driver/Src/stm32wb0x_hal_rcc_ex.o
LOAD ./Drivers/STM32WB0x_HAL_Driver/Src/stm32wb0x_hal_spi.o
LOAD ./Drivers/STM32WB0x_HAL_Driver/Src/stm32wb0x_hal_spi_ex.o
LOAD ./Drivers/STM32WB0x_HAL_Driver/Src/stm32wb0x_hal_uart.o
LOAD ./Drivers/STM32WB0x_HAL_Driver/Src/stm32wb0x_hal_uart_ex.o
START GROUP
LOAD C:/ST/STM32CubeIDE_1.16.0/STM32CubeIDE/plugins/com.st.stm32cube.ide.mcu.externaltools.gnu-tools-for-stm32.12.3.rel1.win32_1.1.0.202410251130/tools/bin/../lib/gcc/arm-none-eabi/12.3.1/../../../../arm-none-eabi/lib/thumb/v6-m/nofp\libc_nano.a
LOAD C:/ST/STM32CubeIDE_1.16.0/STM32CubeIDE/plugins/com.st.stm32cube.ide.mcu.externaltools.gnu-tools-for-stm32.12.3.rel1.win32_1.1.0.202410251130/tools/bin/../lib/gcc/arm-none-eabi/12.3.1/../../../../arm-none-eabi/lib/thumb/v6-m/nofp\libm.a
END GROUP
START GROUP
LOAD C:/ST/STM32CubeIDE_1.16.0/STM32CubeIDE/plugins/com.st.stm32cube.ide.mcu.externaltools.gnu-tools-for-stm32.12.3.rel1.win32_1.1.0.202410251130/tools/bin/../lib/gcc/arm-none-eabi/12.3.1/thumb/v6-m/nofp\libgcc.a
LOAD C:/ST/STM32CubeIDE_1.16.0/STM32CubeIDE/plugins/com.st.stm32cube.ide.mcu.externaltools.gnu-tools-for-stm32.12.3.rel1.win32_1.1.0.202410251130/tools/bin/../lib/gcc/arm-none-eabi/12.3.1/../../../../arm-none-eabi/lib/thumb/v6-m/nofp\libc_nano.a
END GROUP
START GROUP
LOAD C:/ST/STM32CubeIDE_1.16.0/STM32CubeIDE/plugins/com.st.stm32cube.ide.mcu.externaltools.gnu-tools-for-stm32.12.3.rel1.win32_1.1.0.202410251130/tools/bin/../lib/gcc/arm-none-eabi/12.3.1/thumb/v6-m/nofp\libgcc.a
LOAD C:/ST/STM32CubeIDE_1.16.0/STM32CubeIDE/plugins/com.st.stm32cube.ide.mcu.externaltools.gnu-tools-for-stm32.12.3.rel1.win32_1.1.0.202410251130/tools/bin/../lib/gcc/arm-none-eabi/12.3.1/../../../../arm-none-eabi/lib/thumb/v6-m/nofp\libc_nano.a
LOAD C:/ST/STM32CubeIDE_1.16.0/STM32CubeIDE/plugins/com.st.stm32cube.ide.mcu.externaltools.gnu-tools-for-stm32.12.3.rel1.win32_1.1.0.202410251130/tools/bin/../lib/gcc/arm-none-eabi/12.3.1/../../../../arm-none-eabi/lib/thumb/v6-m/nofp\libnosys.a
END GROUP
START GROUP
LOAD C:/ST/STM32CubeIDE_1.16.0/STM32CubeIDE/plugins/com.st.stm32cube.ide.mcu.externaltools.gnu-tools-for-stm32.12.3.rel1.win32_1.1.0.202410251130/tools/bin/../lib/gcc/arm-none-eabi/12.3.1/thumb/v6-m/nofp\libgcc.a
LOAD C:/ST/STM32CubeIDE_1.16.0/STM32CubeIDE/plugins/com.st.stm32cube.ide.mcu.externaltools.gnu-tools-for-stm32.12.3.rel1.win32_1.1.0.202410251130/tools/bin/../lib/gcc/arm-none-eabi/12.3.1/../../../../arm-none-eabi/lib/thumb/v6-m/nofp\libc_nano.a
LOAD C:/ST/STM32CubeIDE_1.16.0/STM32CubeIDE/plugins/com.st.stm32cube.ide.mcu.externaltools.gnu-tools-for-stm32.12.3.rel1.win32_1.1.0.202410251130/tools/bin/../lib/gcc/arm-none-eabi/12.3.1/../../../../arm-none-eabi/lib/thumb/v6-m/nofp\libnosys.a
END GROUP
LOAD C:/ST/STM32CubeIDE_1.16.0/STM32CubeIDE/plugins/com.st.stm32cube.ide.mcu.externaltools.gnu-tools-for-stm32.12.3.rel1.win32_1.1.0.202410251130/tools/bin/../lib/gcc/arm-none-eabi/12.3.1/thumb/v6-m/nofp/crtend.o
LOAD C:/ST/STM32CubeIDE_1.16.0/STM32CubeIDE/plugins/com.st.stm32cube.ide.mcu.externaltools.gnu-tools-for-stm32.12.3.rel1.win32_1.1.0.202410251130/tools/bin/../lib/gcc/arm-none-eabi/12.3.1/thumb/v6-m/nofp/crtn.o
                0x20000000                        _MEMORY_RAM_BEGIN_ = 0x20000000
                0x00010000                        _MEMORY_RAM_SIZE_ = 0x10000
                0x2000ffff                        _MEMORY_RAM_END_ = 0x2000ffff
                0x10040000                        _MEMORY_FLASH_BEGIN_ = 0x10040000
                0x00040000                        _MEMORY_FLASH_SIZE_ = 0x40000
                0x1007ffff                        _MEMORY_FLASH_END_ = 0x1007ffff
                0x10000000                        _MEMORY_ROM_BEGIN_ = 0x10000000
                0x00001800                        _MEMORY_ROM_SIZE_ = 0x1800
                0x100017ff                        _MEMORY_ROM_END_ = 0x100017ff
                0x00001000                        FLASH_NVM_DATASIZE = 0x1000
                0x00000000                        MEMORY_FLASH_APP_OFFSET = DEFINED (MEMORY_FLASH_APP_OFFSET)?MEMORY_FLASH_APP_OFFSET:0x0
                0x0003f000                        MEMORY_FLASH_APP_SIZE = DEFINED (MEMORY_FLASH_APP_SIZE)?MEMORY_FLASH_APP_SIZE:((_MEMORY_FLASH_SIZE_ - FLASH_NVM_DATASIZE) - MEMORY_FLASH_APP_OFFSET)
                0x00000000                        _Min_Heap_Size = 0x0
                0x00000c00                        _Min_Stack_Size = 0xc00

.intvec         0x10040000       0xc0
                0x10040000                        . = ALIGN (0x4)
 *(.intvec)
 .intvec        0x10040000       0xc0 ./Core/Startup/startup_stm32wb07ccvx.o
                0x10040000                __vector_table
                0x100400c0                        . = ALIGN (0x4)

.text           0x100400c0     0xbe08
                0x100400c0                        . = ALIGN (0x4)
 *(TAG_OTA_START)
 *(.cmd_call_table)
 *(.text)
 .text          0x100400c0       0x44 ./Core/Src/blue_unit_conversion.o
                0x100400c0                blue_unit_conversion
 .text          0x10040104        0xe C:/ST/STM32CubeIDE_1.16.0/STM32CubeIDE/plugins/com.st.stm32cube.ide.mcu.externaltools.gnu-tools-for-stm32.12.3.rel1.win32_1.1.0.202410251130/tools/bin/../lib/gcc/arm-none-eabi/12.3.1/../../../../arm-none-eabi/lib/thumb/v6-m/nofp\libc_nano.a(libc_a-strlen.o)
                0x10040104                strlen
 *fill*         0x10040112        0x2 
 .text          0x10040114       0x14 C:/ST/STM32CubeIDE_1.16.0/STM32CubeIDE/plugins/com.st.stm32cube.ide.mcu.externaltools.gnu-tools-for-stm32.12.3.rel1.win32_1.1.0.202410251130/tools/bin/../lib/gcc/arm-none-eabi/12.3.1/thumb/v6-m/nofp\libgcc.a(_thumb1_case_uqi.o)
                0x10040114                __gnu_thumb1_case_uqi
 .text          0x10040128       0x14 C:/ST/STM32CubeIDE_1.16.0/STM32CubeIDE/plugins/com.st.stm32cube.ide.mcu.externaltools.gnu-tools-for-stm32.12.3.rel1.win32_1.1.0.202410251130/tools/bin/../lib/gcc/arm-none-eabi/12.3.1/thumb/v6-m/nofp\libgcc.a(_thumb1_case_shi.o)
                0x10040128                __gnu_thumb1_case_shi
 .text          0x1004013c      0x114 C:/ST/STM32CubeIDE_1.16.0/STM32CubeIDE/plugins/com.st.stm32cube.ide.mcu.externaltools.gnu-tools-for-stm32.12.3.rel1.win32_1.1.0.202410251130/tools/bin/../lib/gcc/arm-none-eabi/12.3.1/thumb/v6-m/nofp\libgcc.a(_udivsi3.o)
                0x1004013c                __aeabi_uidiv
                0x1004013c                __udivsi3
                0x10040248                __aeabi_uidivmod
 .text          0x10040250      0x1d4 C:/ST/STM32CubeIDE_1.16.0/STM32CubeIDE/plugins/com.st.stm32cube.ide.mcu.externaltools.gnu-tools-for-stm32.12.3.rel1.win32_1.1.0.202410251130/tools/bin/../lib/gcc/arm-none-eabi/12.3.1/thumb/v6-m/nofp\libgcc.a(_divsi3.o)
                0x10040250                __divsi3
                0x10040250                __aeabi_idiv
                0x1004041c                __aeabi_idivmod
 .text          0x10040424        0x4 C:/ST/STM32CubeIDE_1.16.0/STM32CubeIDE/plugins/com.st.stm32cube.ide.mcu.externaltools.gnu-tools-for-stm32.12.3.rel1.win32_1.1.0.202410251130/tools/bin/../lib/gcc/arm-none-eabi/12.3.1/thumb/v6-m/nofp\libgcc.a(_dvmd_tls.o)
                0x10040424                __aeabi_idiv0
                0x10040424                __aeabi_ldiv0
 .text          0x10040428       0x7c C:/ST/STM32CubeIDE_1.16.0/STM32CubeIDE/plugins/com.st.stm32cube.ide.mcu.externaltools.gnu-tools-for-stm32.12.3.rel1.win32_1.1.0.202410251130/tools/bin/../lib/gcc/arm-none-eabi/12.3.1/thumb/v6-m/nofp\libgcc.a(_arm_cmpdf2.o)
                0x10040428                __aeabi_cdrcmple
                0x10040438                __aeabi_cdcmple
                0x10040438                __aeabi_cdcmpeq
                0x10040448                __aeabi_dcmpeq
                0x10040454                __aeabi_dcmplt
                0x10040468                __aeabi_dcmple
                0x1004047c                __aeabi_dcmpgt
                0x10040490                __aeabi_dcmpge
 .text          0x100404a4       0x40 C:/ST/STM32CubeIDE_1.16.0/STM32CubeIDE/plugins/com.st.stm32cube.ide.mcu.externaltools.gnu-tools-for-stm32.12.3.rel1.win32_1.1.0.202410251130/tools/bin/../lib/gcc/arm-none-eabi/12.3.1/thumb/v6-m/nofp\libgcc.a(_aeabi_uldivmod.o)
                0x100404a4                __aeabi_uldivmod
 .text          0x100404e4       0x5c C:/ST/STM32CubeIDE_1.16.0/STM32CubeIDE/plugins/com.st.stm32cube.ide.mcu.externaltools.gnu-tools-for-stm32.12.3.rel1.win32_1.1.0.202410251130/tools/bin/../lib/gcc/arm-none-eabi/12.3.1/thumb/v6-m/nofp\libgcc.a(_muldi3.o)
                0x100404e4                __muldi3
                0x100404e4                __aeabi_lmul
 .text          0x10040540       0x3c C:/ST/STM32CubeIDE_1.16.0/STM32CubeIDE/plugins/com.st.stm32cube.ide.mcu.externaltools.gnu-tools-for-stm32.12.3.rel1.win32_1.1.0.202410251130/tools/bin/../lib/gcc/arm-none-eabi/12.3.1/thumb/v6-m/nofp\libgcc.a(_fixunsdfsi.o)
                0x10040540                __aeabi_d2uiz
                0x10040540                __fixunsdfsi
 .text          0x1004057c      0x198 C:/ST/STM32CubeIDE_1.16.0/STM32CubeIDE/plugins/com.st.stm32cube.ide.mcu.externaltools.gnu-tools-for-stm32.12.3.rel1.win32_1.1.0.202410251130/tools/bin/../lib/gcc/arm-none-eabi/12.3.1/thumb/v6-m/nofp\libgcc.a(_udivmoddi4.o)
                0x1004057c                __udivmoddi4
 .text          0x10040714      0x6c8 C:/ST/STM32CubeIDE_1.16.0/STM32CubeIDE/plugins/com.st.stm32cube.ide.mcu.externaltools.gnu-tools-for-stm32.12.3.rel1.win32_1.1.0.202410251130/tools/bin/../lib/gcc/arm-none-eabi/12.3.1/thumb/v6-m/nofp\libgcc.a(adddf3.o)
                0x10040714                __aeabi_dadd
 .text          0x10040ddc      0x634 C:/ST/STM32CubeIDE_1.16.0/STM32CubeIDE/plugins/com.st.stm32cube.ide.mcu.externaltools.gnu-tools-for-stm32.12.3.rel1.win32_1.1.0.202410251130/tools/bin/../lib/gcc/arm-none-eabi/12.3.1/thumb/v6-m/nofp\libgcc.a(divdf3.o)
                0x10040ddc                __aeabi_ddiv
 .text          0x10041410       0x88 C:/ST/STM32CubeIDE_1.16.0/STM32CubeIDE/plugins/com.st.stm32cube.ide.mcu.externaltools.gnu-tools-for-stm32.12.3.rel1.win32_1.1.0.202410251130/tools/bin/../lib/gcc/arm-none-eabi/12.3.1/thumb/v6-m/nofp\libgcc.a(eqdf2.o)
                0x10041410                __nedf2
                0x10041410                __eqdf2
 .text          0x10041498       0xe8 C:/ST/STM32CubeIDE_1.16.0/STM32CubeIDE/plugins/com.st.stm32cube.ide.mcu.externaltools.gnu-tools-for-stm32.12.3.rel1.win32_1.1.0.202410251130/tools/bin/../lib/gcc/arm-none-eabi/12.3.1/thumb/v6-m/nofp\libgcc.a(gedf2.o)
                0x10041498                __gedf2
                0x10041498                __gtdf2
 .text          0x10041580       0xe4 C:/ST/STM32CubeIDE_1.16.0/STM32CubeIDE/plugins/com.st.stm32cube.ide.mcu.externaltools.gnu-tools-for-stm32.12.3.rel1.win32_1.1.0.202410251130/tools/bin/../lib/gcc/arm-none-eabi/12.3.1/thumb/v6-m/nofp\libgcc.a(ledf2.o)
                0x10041580                __ledf2
                0x10041580                __ltdf2
 .text          0x10041664      0x590 C:/ST/STM32CubeIDE_1.16.0/STM32CubeIDE/plugins/com.st.stm32cube.ide.mcu.externaltools.gnu-tools-for-stm32.12.3.rel1.win32_1.1.0.202410251130/tools/bin/../lib/gcc/arm-none-eabi/12.3.1/thumb/v6-m/nofp\libgcc.a(muldf3.o)
                0x10041664                __aeabi_dmul
 .text          0x10041bf4      0x738 C:/ST/STM32CubeIDE_1.16.0/STM32CubeIDE/plugins/com.st.stm32cube.ide.mcu.externaltools.gnu-tools-for-stm32.12.3.rel1.win32_1.1.0.202410251130/tools/bin/../lib/gcc/arm-none-eabi/12.3.1/thumb/v6-m/nofp\libgcc.a(subdf3.o)
                0x10041bf4                __aeabi_dsub
 .text          0x1004232c       0x44 C:/ST/STM32CubeIDE_1.16.0/STM32CubeIDE/plugins/com.st.stm32cube.ide.mcu.externaltools.gnu-tools-for-stm32.12.3.rel1.win32_1.1.0.202410251130/tools/bin/../lib/gcc/arm-none-eabi/12.3.1/thumb/v6-m/nofp\libgcc.a(unorddf2.o)
                0x1004232c                __aeabi_dcmpun
 .text          0x10042370       0x78 C:/ST/STM32CubeIDE_1.16.0/STM32CubeIDE/plugins/com.st.stm32cube.ide.mcu.externaltools.gnu-tools-for-stm32.12.3.rel1.win32_1.1.0.202410251130/tools/bin/../lib/gcc/arm-none-eabi/12.3.1/thumb/v6-m/nofp\libgcc.a(fixdfsi.o)
                0x10042370                __aeabi_d2iz
 .text          0x100423e8       0x5c C:/ST/STM32CubeIDE_1.16.0/STM32CubeIDE/plugins/com.st.stm32cube.ide.mcu.externaltools.gnu-tools-for-stm32.12.3.rel1.win32_1.1.0.202410251130/tools/bin/../lib/gcc/arm-none-eabi/12.3.1/thumb/v6-m/nofp\libgcc.a(floatsidf.o)
                0x100423e8                __aeabi_i2d
 .text          0x10042444       0x48 C:/ST/STM32CubeIDE_1.16.0/STM32CubeIDE/plugins/com.st.stm32cube.ide.mcu.externaltools.gnu-tools-for-stm32.12.3.rel1.win32_1.1.0.202410251130/tools/bin/../lib/gcc/arm-none-eabi/12.3.1/thumb/v6-m/nofp\libgcc.a(floatunsidf.o)
                0x10042444                __aeabi_ui2d
 .text          0x1004248c       0x3c C:/ST/STM32CubeIDE_1.16.0/STM32CubeIDE/plugins/com.st.stm32cube.ide.mcu.externaltools.gnu-tools-for-stm32.12.3.rel1.win32_1.1.0.202410251130/tools/bin/../lib/gcc/arm-none-eabi/12.3.1/thumb/v6-m/nofp\libgcc.a(_clzsi2.o)
                0x1004248c                __clzsi2
 .text          0x100424c8       0x18 C:/ST/STM32CubeIDE_1.16.0/STM32CubeIDE/plugins/com.st.stm32cube.ide.mcu.externaltools.gnu-tools-for-stm32.12.3.rel1.win32_1.1.0.202410251130/tools/bin/../lib/gcc/arm-none-eabi/12.3.1/thumb/v6-m/nofp\libgcc.a(_clzdi2.o)
                0x100424c8                __clzdi2
 *(.text*)
 .text.LL_PWR_EnableGPIOPullUp
                0x100424e0       0x30 ./Core/Src/main.o
 .text.LL_PWR_SetNoPullA
                0x10042510       0x30 ./Core/Src/main.o
 .text.LL_PWR_SetNoPullB
                0x10042540       0x30 ./Core/Src/main.o
 .text.LL_RADIO_TIMER_GetAbsoluteTime
                0x10042570       0x14 ./Core/Src/main.o
 .text.LL_AHB1_GRP1_EnableClock
                0x10042584       0x2c ./Core/Src/main.o
 .text.LL_APB2_GRP1_EnableClock
                0x100425b0       0x2c ./Core/Src/main.o
 .text.LL_APB2_GRP1_IsEnabledClock
                0x100425dc       0x28 ./Core/Src/main.o
 .text.LL_APB2_GRP1_ForceReset
                0x10042604       0x20 ./Core/Src/main.o
 .text.LL_APB2_GRP1_ReleaseReset
                0x10042624       0x24 ./Core/Src/main.o
 .text.main     0x10042648      0x300 ./Core/Src/main.o
                0x10042648                main
 .text.SystemClock_Config
                0x10042948       0x6e ./Core/Src/main.o
                0x10042948                SystemClock_Config
 .text.PeriphCommonClock_Config
                0x100429b6       0x3a ./Core/Src/main.o
                0x100429b6                PeriphCommonClock_Config
 .text.MX_RADIO_Init
                0x100429f0       0x20 ./Core/Src/main.o
 .text.MX_RADIO_TIMER_Init
                0x10042a10       0x68 ./Core/Src/main.o
 .text.MX_SPI2_Init
                0x10042a78       0x7c ./Core/Src/main.o
 .text.MX_USART1_UART_Init
                0x10042af4       0x9c ./Core/Src/main.o
 .text.MX_GPIO_Init
                0x10042b90      0x110 ./Core/Src/main.o
 .text.split_from_uint64
                0x10042ca0       0x76 ./Core/Src/main.o
                0x10042ca0                split_from_uint64
 .text.combine_to_uint64
                0x10042d16       0xc0 ./Core/Src/main.o
                0x10042d16                combine_to_uint64
 *fill*         0x10042dd6        0x2 
 .text.HAL_RADIO_CallbackRcvOk
                0x10042dd8      0x1d8 ./Core/Src/main.o
                0x10042dd8                HAL_RADIO_CallbackRcvOk
 .text.HAL_GPIO_EXTI_Callback
                0x10042fb0       0x20 ./Core/Src/main.o
                0x10042fb0                HAL_GPIO_EXTI_Callback
 .text.Error_Handler
                0x10042fd0        0xc ./Core/Src/main.o
                0x10042fd0                Error_Handler
 .text.LL_PWR_SetNoPullA
                0x10042fdc       0x30 ./Core/Src/stm32wb0x_hal_msp.o
 .text.LL_AHB1_GRP1_EnableClock
                0x1004300c       0x2c ./Core/Src/stm32wb0x_hal_msp.o
 .text.LL_APB0_GRP1_EnableClock
                0x10043038       0x2c ./Core/Src/stm32wb0x_hal_msp.o
 .text.LL_APB1_GRP1_EnableClock
                0x10043064       0x2c ./Core/Src/stm32wb0x_hal_msp.o
 .text.LL_APB2_GRP1_EnableClock
                0x10043090       0x2c ./Core/Src/stm32wb0x_hal_msp.o
 .text.LL_APB2_GRP1_IsEnabledClock
                0x100430bc       0x28 ./Core/Src/stm32wb0x_hal_msp.o
 .text.LL_APB2_GRP1_ForceReset
                0x100430e4       0x20 ./Core/Src/stm32wb0x_hal_msp.o
 .text.LL_APB2_GRP1_ReleaseReset
                0x10043104       0x24 ./Core/Src/stm32wb0x_hal_msp.o
 .text.HAL_MspInit
                0x10043128       0x14 ./Core/Src/stm32wb0x_hal_msp.o
                0x10043128                HAL_MspInit
 .text.HAL_RADIO_MspInit
                0x1004313c       0x84 ./Core/Src/stm32wb0x_hal_msp.o
                0x1004313c                HAL_RADIO_MspInit
 .text.HAL_SPI_MspInit
                0x100431c0       0x74 ./Core/Src/stm32wb0x_hal_msp.o
                0x100431c0                HAL_SPI_MspInit
 .text.HAL_UART_MspInit
                0x10043234       0x78 ./Core/Src/stm32wb0x_hal_msp.o
                0x10043234                HAL_UART_MspInit
 .text.NMI_Handler
                0x100432ac        0x8 ./Core/Src/stm32wb0x_it.o
                0x100432ac                NMI_Handler
 .text.HardFault_Handler
                0x100432b4        0x8 ./Core/Src/stm32wb0x_it.o
                0x100432b4                HardFault_Handler
 .text.SVC_Handler
                0x100432bc        0xa ./Core/Src/stm32wb0x_it.o
                0x100432bc                SVC_Handler
 .text.PendSV_Handler
                0x100432c6        0xa ./Core/Src/stm32wb0x_it.o
                0x100432c6                PendSV_Handler
 .text.SysTick_Handler
                0x100432d0        0xe ./Core/Src/stm32wb0x_it.o
                0x100432d0                SysTick_Handler
 *fill*         0x100432de        0x2 
 .text.GPIOB_IRQHandler
                0x100432e0       0x18 ./Core/Src/stm32wb0x_it.o
                0x100432e0                GPIOB_IRQHandler
 .text.RADIO_TIMER_CPU_WKUP_IRQHandler
                0x100432f8        0xe ./Core/Src/stm32wb0x_it.o
                0x100432f8                RADIO_TIMER_CPU_WKUP_IRQHandler
 .text.RADIO_TIMER_TXRX_WKUP_IRQHandler
                0x10043306        0xe ./Core/Src/stm32wb0x_it.o
                0x10043306                RADIO_TIMER_TXRX_WKUP_IRQHandler
 .text.RADIO_TIMER_ERROR_IRQHandler
                0x10043314        0xe ./Core/Src/stm32wb0x_it.o
                0x10043314                RADIO_TIMER_ERROR_IRQHandler
 .text.RADIO_TXRX_IRQHandler
                0x10043322        0xe ./Core/Src/stm32wb0x_it.o
                0x10043322                RADIO_TXRX_IRQHandler
 .text.RADIO_TXRX_SEQ_IRQHandler
                0x10043330        0xe ./Core/Src/stm32wb0x_it.o
                0x10043330                RADIO_TXRX_SEQ_IRQHandler
 .text._getpid  0x1004333e        0xc ./Core/Src/syscalls.o
                0x1004333e                _getpid
 .text._kill    0x1004334a       0x20 ./Core/Src/syscalls.o
                0x1004334a                _kill
 .text._exit    0x1004336a       0x1a ./Core/Src/syscalls.o
                0x1004336a                _exit
 .text._read    0x10043384       0x3a ./Core/Src/syscalls.o
                0x10043384                _read
 .text._write   0x100433be       0x38 ./Core/Src/syscalls.o
                0x100433be                _write
 .text._close   0x100433f6       0x14 ./Core/Src/syscalls.o
                0x100433f6                _close
 .text._fstat   0x1004340a       0x1c ./Core/Src/syscalls.o
                0x1004340a                _fstat
 .text._isatty  0x10043426       0x12 ./Core/Src/syscalls.o
                0x10043426                _isatty
 .text._lseek   0x10043438       0x16 ./Core/Src/syscalls.o
                0x10043438                _lseek
 *fill*         0x1004344e        0x2 
 .text._sbrk    0x10043450       0x6c ./Core/Src/sysmem.o
                0x10043450                _sbrk
 .text.__NVIC_SetPriority
                0x100434bc       0xdc ./Core/Src/system_stm32wb0x.o
 .text.__NVIC_SystemReset
                0x10043598       0x24 ./Core/Src/system_stm32wb0x.o
 .text.SystemInit
                0x100435bc      0x1c4 ./Core/Src/system_stm32wb0x.o
                0x100435bc                SystemInit
 .text.SystemCoreClockUpdate
                0x10043780       0x64 ./Core/Src/system_stm32wb0x.o
                0x10043780                SystemCoreClockUpdate
 .text.CPUcontextRestore
                0x100437e4        0xa ./Core/Src/system_stm32wb0x.o
                0x100437e4                CPUcontextRestore
 *fill*         0x100437ee        0x2 
 .text.Reset_Handler
                0x100437f0       0x64 ./Core/Startup/startup_stm32wb07ccvx.o
                0x100437f0                Reset_Handler
 .text.Default_Handler
                0x10043854        0x2 ./Core/Startup/startup_stm32wb07ccvx.o
                0x10043854                GPIOA_IRQHandler
                0x10043854                PVD_IRQHandler
                0x10043854                I2C1_IRQHandler
                0x10043854                SPI1_IRQHandler
                0x10043854                PKA_IRQHandler
                0x10043854                I2C2_IRQHandler
                0x10043854                RTC_IRQHandler
                0x10043854                RCC_IRQHandler
                0x10043854                Default_Handler
                0x10043854                TIM1_IRQHandler
                0x10043854                ADC_IRQHandler
                0x10043854                SPI2_IRQHandler
                0x10043854                LPUART1_IRQHandler
                0x10043854                DMA_IRQHandler
                0x10043854                FLASH_IRQHandler
                0x10043854                USART1_IRQHandler
                0x10043854                SPI3_IRQHandler
 *fill*         0x10043856        0x2 
 .text.DW1000_read_reg
                0x10043858       0xc4 ./Drivers/DW1000/DW1000.o
 .text.DW1000_write_reg
                0x1004391c       0xc0 ./Drivers/DW1000/DW1000.o
 .text.DW1000_init
                0x100439dc      0x2c0 ./Drivers/DW1000/DW1000.o
                0x100439dc                DW1000_init
 .text.DW1000_config
                0x10043c9c      0x3f4 ./Drivers/DW1000/DW1000.o
                0x10043c9c                DW1000_config
 .text.get_tx_timestamp_u64
                0x10044090       0xaa ./Drivers/DW1000/DW1000.o
 .text.get_rx_timestamp_u64
                0x1004413a       0xaa ./Drivers/DW1000/DW1000.o
 .text.final_msg_set_ts
                0x100441e4       0x64 ./Drivers/DW1000/DW1000.o
 .text.DW1000_initiator
                0x10044248      0x31c ./Drivers/DW1000/DW1000.o
                0x10044248                DW1000_initiator
 .text.SPI_write8
                0x10044564       0xf8 ./Drivers/DW1000/SPI.o
                0x10044564                SPI_write8
 .text.SPI_read8
                0x1004465c      0x164 ./Drivers/DW1000/SPI.o
                0x1004465c                SPI_read8
 .text.HAL_Init
                0x100447c0       0x2e ./Drivers/STM32WB0x_HAL_Driver/Src/stm32wb0x_hal.o
                0x100447c0                HAL_Init
 *fill*         0x100447ee        0x2 
 .text.HAL_InitTick
                0x100447f0       0x90 ./Drivers/STM32WB0x_HAL_Driver/Src/stm32wb0x_hal.o
                0x100447f0                HAL_InitTick
 .text.HAL_IncTick
                0x10044880       0x24 ./Drivers/STM32WB0x_HAL_Driver/Src/stm32wb0x_hal.o
                0x10044880                HAL_IncTick
 .text.HAL_GetTick
                0x100448a4       0x14 ./Drivers/STM32WB0x_HAL_Driver/Src/stm32wb0x_hal.o
                0x100448a4                HAL_GetTick
 .text.HAL_GetTickPrio
                0x100448b8       0x14 ./Drivers/STM32WB0x_HAL_Driver/Src/stm32wb0x_hal.o
                0x100448b8                HAL_GetTickPrio
 .text.HAL_Delay
                0x100448cc       0x48 ./Drivers/STM32WB0x_HAL_Driver/Src/stm32wb0x_hal.o
                0x100448cc                HAL_Delay
 .text.__NVIC_EnableIRQ
                0x10044914       0x34 ./Drivers/STM32WB0x_HAL_Driver/Src/stm32wb0x_hal_cortex.o
 .text.__NVIC_SetPriority
                0x10044948       0xdc ./Drivers/STM32WB0x_HAL_Driver/Src/stm32wb0x_hal_cortex.o
 .text.SysTick_Config
                0x10044a24       0x48 ./Drivers/STM32WB0x_HAL_Driver/Src/stm32wb0x_hal_cortex.o
 .text.HAL_NVIC_SetPriority
                0x10044a6c       0x2a ./Drivers/STM32WB0x_HAL_Driver/Src/stm32wb0x_hal_cortex.o
                0x10044a6c                HAL_NVIC_SetPriority
 .text.HAL_NVIC_EnableIRQ
                0x10044a96       0x20 ./Drivers/STM32WB0x_HAL_Driver/Src/stm32wb0x_hal_cortex.o
                0x10044a96                HAL_NVIC_EnableIRQ
 .text.HAL_SYSTICK_Config
                0x10044ab6       0x1a ./Drivers/STM32WB0x_HAL_Driver/Src/stm32wb0x_hal_cortex.o
                0x10044ab6                HAL_SYSTICK_Config
 .text.HAL_GPIO_Init
                0x10044ad0      0x352 ./Drivers/STM32WB0x_HAL_Driver/Src/stm32wb0x_hal_gpio.o
                0x10044ad0                HAL_GPIO_Init
 .text.HAL_GPIO_WritePin
                0x10044e22       0x3a ./Drivers/STM32WB0x_HAL_Driver/Src/stm32wb0x_hal_gpio.o
                0x10044e22                HAL_GPIO_WritePin
 .text.HAL_GPIO_EXTI_IRQHandler
                0x10044e5c       0x7c ./Drivers/STM32WB0x_HAL_Driver/Src/stm32wb0x_hal_gpio.o
                0x10044e5c                HAL_GPIO_EXTI_IRQHandler
 .text.LL_RADIO_SetRadioConfigurationAddressPointer
                0x10044ed8       0x20 ./Drivers/STM32WB0x_HAL_Driver/Src/stm32wb0x_hal_radio.o
 .text.LL_RADIO_SetWakeupInitDelay
                0x10044ef8       0x30 ./Drivers/STM32WB0x_HAL_Driver/Src/stm32wb0x_hal_radio.o
 .text.LL_RADIO_SetTimer12InitDelayCal
                0x10044f28       0x34 ./Drivers/STM32WB0x_HAL_Driver/Src/stm32wb0x_hal_radio.o
 .text.LL_RADIO_SetTimer12InitDelayNoCal
                0x10044f5c       0x28 ./Drivers/STM32WB0x_HAL_Driver/Src/stm32wb0x_hal_radio.o
 .text.LL_RADIO_SetTransmitCalDelayChk
                0x10044f84       0x2c ./Drivers/STM32WB0x_HAL_Driver/Src/stm32wb0x_hal_radio.o
 .text.LL_RADIO_SetTransmitNoCalDelayChk
                0x10044fb0       0x30 ./Drivers/STM32WB0x_HAL_Driver/Src/stm32wb0x_hal_radio.o
 .text.LL_RADIO_SetReceivedCalDelayChk
                0x10044fe0       0x34 ./Drivers/STM32WB0x_HAL_Driver/Src/stm32wb0x_hal_radio.o
 .text.LL_RADIO_SetReceivedNoCalDelayChk
                0x10045014       0x28 ./Drivers/STM32WB0x_HAL_Driver/Src/stm32wb0x_hal_radio.o
 .text.LL_RADIO_SetConfigurationEndDuration
                0x1004503c       0x2c ./Drivers/STM32WB0x_HAL_Driver/Src/stm32wb0x_hal_radio.o
 .text.LL_RADIO_SetTxDataReadyCheck
                0x10045068       0x30 ./Drivers/STM32WB0x_HAL_Driver/Src/stm32wb0x_hal_radio.o
 .text.LL_RADIO_SetTxDelayStart
                0x10045098       0x34 ./Drivers/STM32WB0x_HAL_Driver/Src/stm32wb0x_hal_radio.o
 .text.LL_RADIO_SetTxDelayEnd
                0x100450cc       0x34 ./Drivers/STM32WB0x_HAL_Driver/Src/stm32wb0x_hal_radio.o
 .text.LL_RADIO_SetTransmissionReadyTimeout
                0x10045100       0x2c ./Drivers/STM32WB0x_HAL_Driver/Src/stm32wb0x_hal_radio.o
 .text.LL_RADIO_ChkFlagAutoclearEnable_Enable
                0x1004512c       0x1c ./Drivers/STM32WB0x_HAL_Driver/Src/stm32wb0x_hal_radio.o
 .text.LL_RADIO_NoActiveLErrorInterrupt_Enable
                0x10045148       0x1c ./Drivers/STM32WB0x_HAL_Driver/Src/stm32wb0x_hal_radio.o
 .text.LL_RADIO_TxRxSkipInterrupt_Enable
                0x10045164       0x1c ./Drivers/STM32WB0x_HAL_Driver/Src/stm32wb0x_hal_radio.o
 .text.LL_RADIO_Active2ErrorInterrupt_Enable
                0x10045180       0x1c ./Drivers/STM32WB0x_HAL_Driver/Src/stm32wb0x_hal_radio.o
 .text.LL_RADIO_TIMER_DisableTimer1
                0x1004519c       0x1e ./Drivers/STM32WB0x_HAL_Driver/Src/stm32wb0x_hal_radio.o
 .text.LL_RADIO_TIMER_DisableTimer2
                0x100451ba       0x1e ./Drivers/STM32WB0x_HAL_Driver/Src/stm32wb0x_hal_radio.o
 .text.LL_RADIO_TIMER_DisableBLEWakeupTimer
                0x100451d8       0x20 ./Drivers/STM32WB0x_HAL_Driver/Src/stm32wb0x_hal_radio.o
 .text.CondRoutineTrue
                0x100451f8       0x12 ./Drivers/STM32WB0x_HAL_Driver/Src/stm32wb0x_hal_radio.o
 .text.DataRoutineNull
                0x1004520a       0x14 ./Drivers/STM32WB0x_HAL_Driver/Src/stm32wb0x_hal_radio.o
 *fill*         0x1004521e        0x2 
 .text.HAL_RADIO_Init
                0x10045220      0x5d0 ./Drivers/STM32WB0x_HAL_Driver/Src/stm32wb0x_hal_radio.o
                0x10045220                HAL_RADIO_Init
 .text.HAL_RADIO_ReadRSSI
                0x100457f0       0xa0 ./Drivers/STM32WB0x_HAL_Driver/Src/stm32wb0x_hal_radio.o
                0x100457f0                HAL_RADIO_ReadRSSI
 .text.HAL_RADIO_Callback
                0x10045890       0xd6 ./Drivers/STM32WB0x_HAL_Driver/Src/stm32wb0x_hal_radio.o
                0x10045890                HAL_RADIO_Callback
 .text.HAL_RADIO_CallbackRcvError
                0x10045966       0x10 ./Drivers/STM32WB0x_HAL_Driver/Src/stm32wb0x_hal_radio.o
                0x10045966                HAL_RADIO_CallbackRcvError
 .text.HAL_RADIO_CallbackRcvTimeout
                0x10045976       0x10 ./Drivers/STM32WB0x_HAL_Driver/Src/stm32wb0x_hal_radio.o
                0x10045976                HAL_RADIO_CallbackRcvTimeout
 .text.HAL_RADIO_CallbackRcvEncryptErr
                0x10045986       0x10 ./Drivers/STM32WB0x_HAL_Driver/Src/stm32wb0x_hal_radio.o
                0x10045986                HAL_RADIO_CallbackRcvEncryptErr
 .text.HAL_RADIO_CallbackTxDone
                0x10045996        0xa ./Drivers/STM32WB0x_HAL_Driver/Src/stm32wb0x_hal_radio.o
                0x10045996                HAL_RADIO_CallbackTxDone
 .text.HAL_RADIO_ActionPacketIsr
                0x100459a0      0x238 ./Drivers/STM32WB0x_HAL_Driver/Src/stm32wb0x_hal_radio.o
 .text.HAL_RADIO_SetChannelMap
                0x10045bd8       0x98 ./Drivers/STM32WB0x_HAL_Driver/Src/stm32wb0x_hal_radio.o
                0x10045bd8                HAL_RADIO_SetChannelMap
 .text.HAL_RADIO_SetChannel
                0x10045c70       0xc0 ./Drivers/STM32WB0x_HAL_Driver/Src/stm32wb0x_hal_radio.o
                0x10045c70                HAL_RADIO_SetChannel
 .text.HAL_RADIO_SetTxAttributes
                0x10045d30       0x88 ./Drivers/STM32WB0x_HAL_Driver/Src/stm32wb0x_hal_radio.o
                0x10045d30                HAL_RADIO_SetTxAttributes
 .text.HAL_RADIO_SetGlobalReceiveTimeout
                0x10045db8      0x100 ./Drivers/STM32WB0x_HAL_Driver/Src/stm32wb0x_hal_radio.o
                0x10045db8                HAL_RADIO_SetGlobalReceiveTimeout
 .text.HAL_RADIO_SetReservedArea
                0x10045eb8      0x15c ./Drivers/STM32WB0x_HAL_Driver/Src/stm32wb0x_hal_radio.o
                0x10045eb8                HAL_RADIO_SetReservedArea
 .text.HAL_RADIO_MakeActionPacketPending
                0x10046014      0x18c ./Drivers/STM32WB0x_HAL_Driver/Src/stm32wb0x_hal_radio.o
                0x10046014                HAL_RADIO_MakeActionPacketPending
 .text.HAL_RADIO_GetStatus
                0x100461a0       0x3c ./Drivers/STM32WB0x_HAL_Driver/Src/stm32wb0x_hal_radio.o
                0x100461a0                HAL_RADIO_GetStatus
 .text.HAL_RADIO_SetTxPower
                0x100461dc       0x54 ./Drivers/STM32WB0x_HAL_Driver/Src/stm32wb0x_hal_radio.o
                0x100461dc                HAL_RADIO_SetTxPower
 .text.HAL_RADIO_SetNetworkID
                0x10046230       0x1c ./Drivers/STM32WB0x_HAL_Driver/Src/stm32wb0x_hal_radio.o
                0x10046230                HAL_RADIO_SetNetworkID
 .text.HAL_RADIO_SendPacketWithAck
                0x1004624c      0x158 ./Drivers/STM32WB0x_HAL_Driver/Src/stm32wb0x_hal_radio.o
                0x1004624c                HAL_RADIO_SendPacketWithAck
 .text.HAL_RADIO_TxRxCallback
                0x100463a4       0x10 ./Drivers/STM32WB0x_HAL_Driver/Src/stm32wb0x_hal_radio.o
                0x100463a4                HAL_RADIO_TxRxCallback
 .text.HAL_RADIO_TxRxSeqCallback
                0x100463b4        0xa ./Drivers/STM32WB0x_HAL_Driver/Src/stm32wb0x_hal_radio.o
                0x100463b4                HAL_RADIO_TxRxSeqCallback
 .text.HAL_RADIO_TXRX_IRQHandler
                0x100463be       0x4e ./Drivers/STM32WB0x_HAL_Driver/Src/stm32wb0x_hal_radio.o
                0x100463be                HAL_RADIO_TXRX_IRQHandler
 .text.HAL_RADIO_TXRX_SEQ_IRQHandler
                0x1004640c        0xe ./Drivers/STM32WB0x_HAL_Driver/Src/stm32wb0x_hal_radio.o
                0x1004640c                HAL_RADIO_TXRX_SEQ_IRQHandler
 *fill*         0x1004641a        0x2 
 .text.__NVIC_EnableIRQ
                0x1004641c       0x34 ./Drivers/STM32WB0x_HAL_Driver/Src/stm32wb0x_hal_radio_timer.o
 .text.LL_RADIO_TIMER_EnableTimer1
                0x10046450       0x20 ./Drivers/STM32WB0x_HAL_Driver/Src/stm32wb0x_hal_radio_timer.o
 .text.LL_RADIO_TIMER_DisableTimer1
                0x10046470       0x1e ./Drivers/STM32WB0x_HAL_Driver/Src/stm32wb0x_hal_radio_timer.o
 .text.LL_RADIO_TIMER_IsEnabledTimer1
                0x1004648e       0x22 ./Drivers/STM32WB0x_HAL_Driver/Src/stm32wb0x_hal_radio_timer.o
 .text.LL_RADIO_TIMER_DisableTimer2
                0x100464b0       0x1e ./Drivers/STM32WB0x_HAL_Driver/Src/stm32wb0x_hal_radio_timer.o
 .text.LL_RADIO_TIMER_IsEnabledTimer2
                0x100464ce       0x22 ./Drivers/STM32WB0x_HAL_Driver/Src/stm32wb0x_hal_radio_timer.o
 .text.LL_RADIO_TIMER_SetTimeout
                0x100464f0       0x18 ./Drivers/STM32WB0x_HAL_Driver/Src/stm32wb0x_hal_radio_timer.o
 .text.LL_RADIO_TIMER_GetTimeout
                0x10046508       0x14 ./Drivers/STM32WB0x_HAL_Driver/Src/stm32wb0x_hal_radio_timer.o
 .text.LL_RADIO_TIMER_EnableBLEWakeupTimer
                0x1004651c       0x1e ./Drivers/STM32WB0x_HAL_Driver/Src/stm32wb0x_hal_radio_timer.o
 *fill*         0x1004653a        0x2 
 .text.LL_RADIO_TIMER_DisableBLEWakeupTimer
                0x1004653c       0x20 ./Drivers/STM32WB0x_HAL_Driver/Src/stm32wb0x_hal_radio_timer.o
 .text.LL_RADIO_TIMER_IsEnabledBLEWakeupTimer
                0x1004655c       0x28 ./Drivers/STM32WB0x_HAL_Driver/Src/stm32wb0x_hal_radio_timer.o
 .text.LL_RADIO_TIMER_EnableCPUWakeupTimer
                0x10046584       0x1e ./Drivers/STM32WB0x_HAL_Driver/Src/stm32wb0x_hal_radio_timer.o
 *fill*         0x100465a2        0x2 
 .text.LL_RADIO_TIMER_DisableCPUWakeupTimer
                0x100465a4       0x20 ./Drivers/STM32WB0x_HAL_Driver/Src/stm32wb0x_hal_radio_timer.o
 .text.LL_RADIO_TIMER_SetWakeupOffset
                0x100465c4       0x1e ./Drivers/STM32WB0x_HAL_Driver/Src/stm32wb0x_hal_radio_timer.o
 .text.LL_RADIO_TIMER_SetBLEWakeupTime
                0x100465e2       0x18 ./Drivers/STM32WB0x_HAL_Driver/Src/stm32wb0x_hal_radio_timer.o
 .text.LL_RADIO_TIMER_GetBLEWakeupTime
                0x100465fa       0x14 ./Drivers/STM32WB0x_HAL_Driver/Src/stm32wb0x_hal_radio_timer.o
 .text.LL_RADIO_TIMER_SetCPUWakeupTime
                0x1004660e       0x18 ./Drivers/STM32WB0x_HAL_Driver/Src/stm32wb0x_hal_radio_timer.o
 .text.LL_RADIO_TIMER_GetAbsoluteTime
                0x10046626       0x14 ./Drivers/STM32WB0x_HAL_Driver/Src/stm32wb0x_hal_radio_timer.o
 .text.LL_RADIO_TIMER_EnableWakeupTimerLowPowerMode
                0x1004663a       0x1e ./Drivers/STM32WB0x_HAL_Driver/Src/stm32wb0x_hal_radio_timer.o
 .text.LL_RADIO_TIMER_SetSleepRequestMode
                0x10046658       0x34 ./Drivers/STM32WB0x_HAL_Driver/Src/stm32wb0x_hal_radio_timer.o
 .text.LL_RADIO_TIMER_EnableBLEWakeupIT
                0x1004668c       0x1c ./Drivers/STM32WB0x_HAL_Driver/Src/stm32wb0x_hal_radio_timer.o
 .text.LL_RADIO_TIMER_EnableCPUWakeupIT
                0x100466a8       0x1c ./Drivers/STM32WB0x_HAL_Driver/Src/stm32wb0x_hal_radio_timer.o
 .text.LL_RADIO_TIMER_ClearFlag_BLEWakeup
                0x100466c4       0x1c ./Drivers/STM32WB0x_HAL_Driver/Src/stm32wb0x_hal_radio_timer.o
 .text.LL_RADIO_TIMER_IsActiveFlag_BLEWakeup
                0x100466e0       0x22 ./Drivers/STM32WB0x_HAL_Driver/Src/stm32wb0x_hal_radio_timer.o
 .text.LL_RADIO_TIMER_ClearFlag_CPUWakeup
                0x10046702       0x1c ./Drivers/STM32WB0x_HAL_Driver/Src/stm32wb0x_hal_radio_timer.o
 .text.LL_RADIO_TIMER_IsActiveFlag_CPUWakeup
                0x1004671e       0x22 ./Drivers/STM32WB0x_HAL_Driver/Src/stm32wb0x_hal_radio_timer.o
 .text.LL_RADIO_TIMER_SetLSIWindowCalibrationLength
                0x10046740       0x18 ./Drivers/STM32WB0x_HAL_Driver/Src/stm32wb0x_hal_radio_timer.o
 .text.LL_RADIO_TIMER_StartLSICalibration
                0x10046758       0x16 ./Drivers/STM32WB0x_HAL_Driver/Src/stm32wb0x_hal_radio_timer.o
 .text.LL_RADIO_TIMER_GetLSIPeriod
                0x1004676e       0x14 ./Drivers/STM32WB0x_HAL_Driver/Src/stm32wb0x_hal_radio_timer.o
 .text.LL_RADIO_TIMER_GetLSIFrequency
                0x10046782       0x14 ./Drivers/STM32WB0x_HAL_Driver/Src/stm32wb0x_hal_radio_timer.o
 .text.LL_RADIO_TIMER_ClearFlag_LSICalibrationEnded
                0x10046796       0x1c ./Drivers/STM32WB0x_HAL_Driver/Src/stm32wb0x_hal_radio_timer.o
 .text.LL_RADIO_TIMER_IsActiveFlag_LSICalibrationEnded
                0x100467b2       0x22 ./Drivers/STM32WB0x_HAL_Driver/Src/stm32wb0x_hal_radio_timer.o
 .text.HAL_RADIO_TIMER_Init
                0x100467d4      0x220 ./Drivers/STM32WB0x_HAL_Driver/Src/stm32wb0x_hal_radio_timer.o
                0x100467d4                HAL_RADIO_TIMER_Init
 .text.HAL_RADIO_TIMER_Tick
                0x100469f4      0x338 ./Drivers/STM32WB0x_HAL_Driver/Src/stm32wb0x_hal_radio_timer.o
                0x100469f4                HAL_RADIO_TIMER_Tick
 .text.HAL_RADIO_TIMER_GetAnchorPoint
                0x10046d2c       0x26 ./Drivers/STM32WB0x_HAL_Driver/Src/stm32wb0x_hal_radio_timer.o
                0x10046d2c                HAL_RADIO_TIMER_GetAnchorPoint
 *fill*         0x10046d52        0x2 
 .text.HAL_RADIO_TIMER_SetRadioTimerValue
                0x10046d54      0x18c ./Drivers/STM32WB0x_HAL_Driver/Src/stm32wb0x_hal_radio_timer.o
                0x10046d54                HAL_RADIO_TIMER_SetRadioTimerValue
 .text.HAL_RADIO_TIMER_GetRadioTimerValue
                0x10046ee0       0x1a ./Drivers/STM32WB0x_HAL_Driver/Src/stm32wb0x_hal_radio_timer.o
                0x10046ee0                HAL_RADIO_TIMER_GetRadioTimerValue
 .text.HAL_RADIO_TIMER_RadioTimerIsr
                0x10046efa       0x2a ./Drivers/STM32WB0x_HAL_Driver/Src/stm32wb0x_hal_radio_timer.o
                0x10046efa                HAL_RADIO_TIMER_RadioTimerIsr
 .text.HAL_RADIO_TIMER_EndOfRadioActivityIsr
                0x10046f24       0x18 ./Drivers/STM32WB0x_HAL_Driver/Src/stm32wb0x_hal_radio_timer.o
                0x10046f24                HAL_RADIO_TIMER_EndOfRadioActivityIsr
 .text.HAL_RADIO_TIMER_UsToSystime
                0x10046f3c       0x1a ./Drivers/STM32WB0x_HAL_Driver/Src/stm32wb0x_hal_radio_timer.o
                0x10046f3c                HAL_RADIO_TIMER_UsToSystime
 *fill*         0x10046f56        0x2 
 .text.HAL_RADIO_TIMER_MachineTimeToSysTime
                0x10046f58       0x2c ./Drivers/STM32WB0x_HAL_Driver/Src/stm32wb0x_hal_radio_timer.o
                0x10046f58                HAL_RADIO_TIMER_MachineTimeToSysTime
 .text.HAL_RADIO_TIMER_GetCurrentSysTime
                0x10046f84       0x24 ./Drivers/STM32WB0x_HAL_Driver/Src/stm32wb0x_hal_radio_timer.o
                0x10046f84                HAL_RADIO_TIMER_GetCurrentSysTime
 .text.HAL_RADIO_TIMER_StopVirtualTimer
                0x10046fa8       0xb0 ./Drivers/STM32WB0x_HAL_Driver/Src/stm32wb0x_hal_radio_timer.o
                0x10046fa8                HAL_RADIO_TIMER_StopVirtualTimer
 .text.HAL_RADIO_TIMER_WakeUpCallback
                0x10047058       0x58 ./Drivers/STM32WB0x_HAL_Driver/Src/stm32wb0x_hal_radio_timer.o
                0x10047058                HAL_RADIO_TIMER_WakeUpCallback
 .text.HAL_RADIO_TIMER_TimeoutCallback
                0x100470b0       0x6c ./Drivers/STM32WB0x_HAL_Driver/Src/stm32wb0x_hal_radio_timer.o
                0x100470b0                HAL_RADIO_TIMER_TimeoutCallback
 .text._calibrationProcedure
                0x1004711c       0x40 ./Drivers/STM32WB0x_HAL_Driver/Src/stm32wb0x_hal_radio_timer.o
 .text._timer_start_calibration
                0x1004715c       0x20 ./Drivers/STM32WB0x_HAL_Driver/Src/stm32wb0x_hal_radio_timer.o
 .text._timer_calibrate
                0x1004717c       0x30 ./Drivers/STM32WB0x_HAL_Driver/Src/stm32wb0x_hal_radio_timer.o
 .text._get_calibration_data
                0x100471ac       0xd0 ./Drivers/STM32WB0x_HAL_Driver/Src/stm32wb0x_hal_radio_timer.o
 .text._configureTxRxDelay
                0x1004727c       0xf8 ./Drivers/STM32WB0x_HAL_Driver/Src/stm32wb0x_hal_radio_timer.o
 .text._us_to_systime
                0x10047374       0x2a ./Drivers/STM32WB0x_HAL_Driver/Src/stm32wb0x_hal_radio_timer.o
 *fill*         0x1004739e        0x2 
 .text._us_to_machinetime
                0x100473a0       0x64 ./Drivers/STM32WB0x_HAL_Driver/Src/stm32wb0x_hal_radio_timer.o
 .text._update_xtal_startup_time
                0x10047404       0x5c ./Drivers/STM32WB0x_HAL_Driver/Src/stm32wb0x_hal_radio_timer.o
 .text._calibration_callback
                0x10047460       0x28 ./Drivers/STM32WB0x_HAL_Driver/Src/stm32wb0x_hal_radio_timer.o
 .text._start_timer
                0x10047488       0xbc ./Drivers/STM32WB0x_HAL_Driver/Src/stm32wb0x_hal_radio_timer.o
 .text._get_system_time_and_machine
                0x10047544       0xd0 ./Drivers/STM32WB0x_HAL_Driver/Src/stm32wb0x_hal_radio_timer.o
 .text._update_user_timeout
                0x10047614      0x16c ./Drivers/STM32WB0x_HAL_Driver/Src/stm32wb0x_hal_radio_timer.o
 .text._insert_timer_in_queue
                0x10047780       0x60 ./Drivers/STM32WB0x_HAL_Driver/Src/stm32wb0x_hal_radio_timer.o
 .text._virtualTimeBaseEnable
                0x100477e0       0x58 ./Drivers/STM32WB0x_HAL_Driver/Src/stm32wb0x_hal_radio_timer.o
 .text._remove_timer_in_queue
                0x10047838       0x58 ./Drivers/STM32WB0x_HAL_Driver/Src/stm32wb0x_hal_radio_timer.o
 .text._check_callbacks
                0x10047890       0x92 ./Drivers/STM32WB0x_HAL_Driver/Src/stm32wb0x_hal_radio_timer.o
 *fill*         0x10047922        0x2 
 .text._updateCalibrationData
                0x10047924       0x6c ./Drivers/STM32WB0x_HAL_Driver/Src/stm32wb0x_hal_radio_timer.o
 .text._update_system_time
                0x10047990       0xbc ./Drivers/STM32WB0x_HAL_Driver/Src/stm32wb0x_hal_radio_timer.o
 .text._check_radio_activity
                0x10047a4c      0x114 ./Drivers/STM32WB0x_HAL_Driver/Src/stm32wb0x_hal_radio_timer.o
 .text.TIMER_SetRadioHostWakeupTime
                0x10047b60       0xd4 ./Drivers/STM32WB0x_HAL_Driver/Src/stm32wb0x_hal_radio_timer.o
 .text._set_controller_as_host
                0x10047c34       0x2c ./Drivers/STM32WB0x_HAL_Driver/Src/stm32wb0x_hal_radio_timer.o
 .text._check_host_activity
                0x10047c60       0x5c ./Drivers/STM32WB0x_HAL_Driver/Src/stm32wb0x_hal_radio_timer.o
 .text.TIMER_SetRadioTimerValue
                0x10047cbc      0x1f8 ./Drivers/STM32WB0x_HAL_Driver/Src/stm32wb0x_hal_radio_timer.o
 .text.TIMER_GetPastSysTime
                0x10047eb4       0x60 ./Drivers/STM32WB0x_HAL_Driver/Src/stm32wb0x_hal_radio_timer.o
 .text.TIMER_GetRadioTimerValue
                0x10047f14       0x78 ./Drivers/STM32WB0x_HAL_Driver/Src/stm32wb0x_hal_radio_timer.o
 .text.HAL_RADIO_TIMER_CpuWakeUpCallback
                0x10047f8c        0xa ./Drivers/STM32WB0x_HAL_Driver/Src/stm32wb0x_hal_radio_timer.o
                0x10047f8c                HAL_RADIO_TIMER_CpuWakeUpCallback
 .text.HAL_RADIO_TIMER_TxRxWakeUpCallback
                0x10047f96        0xa ./Drivers/STM32WB0x_HAL_Driver/Src/stm32wb0x_hal_radio_timer.o
                0x10047f96                HAL_RADIO_TIMER_TxRxWakeUpCallback
 .text.HAL_RADIO_TIMER_CPU_WKUP_IRQHandler
                0x10047fa0       0x12 ./Drivers/STM32WB0x_HAL_Driver/Src/stm32wb0x_hal_radio_timer.o
                0x10047fa0                HAL_RADIO_TIMER_CPU_WKUP_IRQHandler
 .text.HAL_RADIO_TIMER_TXRX_WKUP_IRQHandler
                0x10047fb2       0x12 ./Drivers/STM32WB0x_HAL_Driver/Src/stm32wb0x_hal_radio_timer.o
                0x10047fb2                HAL_RADIO_TIMER_TXRX_WKUP_IRQHandler
 .text.HAL_RADIO_TIMER_ERROR_IRQHandler
                0x10047fc4       0x2c ./Drivers/STM32WB0x_HAL_Driver/Src/stm32wb0x_hal_radio_timer.o
                0x10047fc4                HAL_RADIO_TIMER_ERROR_IRQHandler
 .text.LL_PWR_SetNoPullB
                0x10047ff0       0x30 ./Drivers/STM32WB0x_HAL_Driver/Src/stm32wb0x_hal_rcc.o
 .text.LL_RCC_HSE_Enable
                0x10048020       0x1c ./Drivers/STM32WB0x_HAL_Driver/Src/stm32wb0x_hal_rcc.o
 .text.LL_RCC_HSE_Disable
                0x1004803c       0x20 ./Drivers/STM32WB0x_HAL_Driver/Src/stm32wb0x_hal_rcc.o
 .text.LL_RCC_HSE_IsReady
                0x1004805c       0x28 ./Drivers/STM32WB0x_HAL_Driver/Src/stm32wb0x_hal_rcc.o
 .text.LL_RCC_HSE_SetCapacitorTuning
                0x10048084       0x40 ./Drivers/STM32WB0x_HAL_Driver/Src/stm32wb0x_hal_rcc.o
 .text.LL_RCC_HSE_SetCurrentControl
                0x100480c4       0x2c ./Drivers/STM32WB0x_HAL_Driver/Src/stm32wb0x_hal_rcc.o
 .text.LL_RCC_HSI_Enable
                0x100480f0       0x28 ./Drivers/STM32WB0x_HAL_Driver/Src/stm32wb0x_hal_rcc.o
 .text.LL_RCC_HSI_Disable
                0x10048118       0x28 ./Drivers/STM32WB0x_HAL_Driver/Src/stm32wb0x_hal_rcc.o
 .text.LL_RCC_HSI_IsReady
                0x10048140       0x28 ./Drivers/STM32WB0x_HAL_Driver/Src/stm32wb0x_hal_rcc.o
 .text.LL_RCC_DIRECT_HSE_Enable
                0x10048168       0x4c ./Drivers/STM32WB0x_HAL_Driver/Src/stm32wb0x_hal_rcc.o
 .text.LL_RCC_LSCO_SetSource
                0x100481b4       0x2c ./Drivers/STM32WB0x_HAL_Driver/Src/stm32wb0x_hal_rcc.o
 .text.LL_RCC_LSE_Enable
                0x100481e0       0x1c ./Drivers/STM32WB0x_HAL_Driver/Src/stm32wb0x_hal_rcc.o
 .text.LL_RCC_LSE_Disable
                0x100481fc       0x1c ./Drivers/STM32WB0x_HAL_Driver/Src/stm32wb0x_hal_rcc.o
 .text.LL_RCC_LSE_IsReady
                0x10048218       0x20 ./Drivers/STM32WB0x_HAL_Driver/Src/stm32wb0x_hal_rcc.o
 .text.LL_RCC_LSE_EnableBypass
                0x10048238       0x1c ./Drivers/STM32WB0x_HAL_Driver/Src/stm32wb0x_hal_rcc.o
 .text.LL_RCC_LSE_DisableBypass
                0x10048254       0x1c ./Drivers/STM32WB0x_HAL_Driver/Src/stm32wb0x_hal_rcc.o
 .text.LL_RCC_LSE_IsBypassEnabled
                0x10048270       0x20 ./Drivers/STM32WB0x_HAL_Driver/Src/stm32wb0x_hal_rcc.o
 .text.LL_RCC_LSE_SetDriveCapability
                0x10048290       0x28 ./Drivers/STM32WB0x_HAL_Driver/Src/stm32wb0x_hal_rcc.o
 .text.LL_RCC_LSI_Enable
                0x100482b8       0x1c ./Drivers/STM32WB0x_HAL_Driver/Src/stm32wb0x_hal_rcc.o
 .text.LL_RCC_LSI_Disable
                0x100482d4       0x1c ./Drivers/STM32WB0x_HAL_Driver/Src/stm32wb0x_hal_rcc.o
 .text.LL_RCC_LSI_IsReady
                0x100482f0       0x20 ./Drivers/STM32WB0x_HAL_Driver/Src/stm32wb0x_hal_rcc.o
 .text.LL_RCC_RC64MPLL_Enable
                0x10048310       0x1c ./Drivers/STM32WB0x_HAL_Driver/Src/stm32wb0x_hal_rcc.o
 .text.LL_RCC_RC64MPLL_Disable
                0x1004832c       0x20 ./Drivers/STM32WB0x_HAL_Driver/Src/stm32wb0x_hal_rcc.o
 .text.LL_RCC_RC64MPLL_IsReady
                0x1004834c       0x28 ./Drivers/STM32WB0x_HAL_Driver/Src/stm32wb0x_hal_rcc.o
 .text.LL_RCC_SetRC64MPLLPrescaler
                0x10048374       0x28 ./Drivers/STM32WB0x_HAL_Driver/Src/stm32wb0x_hal_rcc.o
 .text.HAL_RCC_OscConfig
                0x1004839c      0x2a0 ./Drivers/STM32WB0x_HAL_Driver/Src/stm32wb0x_hal_rcc.o
                0x1004839c                HAL_RCC_OscConfig
 .text.HAL_RCC_ClockConfig
                0x1004863c      0x158 ./Drivers/STM32WB0x_HAL_Driver/Src/stm32wb0x_hal_rcc.o
                0x1004863c                HAL_RCC_ClockConfig
 .text.HAL_RCC_GetSysClockFreq
                0x10048794       0x14 ./Drivers/STM32WB0x_HAL_Driver/Src/stm32wb0x_hal_rcc.o
                0x10048794                HAL_RCC_GetSysClockFreq
 .text.LL_RCC_LSCO_SetSource
                0x100487a8       0x2c ./Drivers/STM32WB0x_HAL_Driver/Src/stm32wb0x_hal_rcc_ex.o
 .text.LL_RCC_SetRFClock
                0x100487d4       0x28 ./Drivers/STM32WB0x_HAL_Driver/Src/stm32wb0x_hal_rcc_ex.o
 .text.LL_RCC_SetSMPSPrescaler
                0x100487fc       0x2c ./Drivers/STM32WB0x_HAL_Driver/Src/stm32wb0x_hal_rcc_ex.o
 .text.LL_RCC_SetSPI2I2SClockSource
                0x10048828       0x2c ./Drivers/STM32WB0x_HAL_Driver/Src/stm32wb0x_hal_rcc_ex.o
 .text.LL_RCC_SetSPI3I2SClockSource
                0x10048854       0x2c ./Drivers/STM32WB0x_HAL_Driver/Src/stm32wb0x_hal_rcc_ex.o
 .text.HAL_RCCEx_PeriphCLKConfig
                0x10048880       0x76 ./Drivers/STM32WB0x_HAL_Driver/Src/stm32wb0x_hal_rcc_ex.o
                0x10048880                HAL_RCCEx_PeriphCLKConfig
 *fill*         0x100488f6        0x2 
 .text.HAL_SPI_Init
                0x100488f8      0x170 ./Drivers/STM32WB0x_HAL_Driver/Src/stm32wb0x_hal_spi.o
                0x100488f8                HAL_SPI_Init
 .text.HAL_UART_Init
                0x10048a68       0xac ./Drivers/STM32WB0x_HAL_Driver/Src/stm32wb0x_hal_uart.o
                0x10048a68                HAL_UART_Init
 .text.UART_SetConfig
                0x10048b14      0x2cc ./Drivers/STM32WB0x_HAL_Driver/Src/stm32wb0x_hal_uart.o
                0x10048b14                UART_SetConfig
 .text.UART_AdvFeatureConfig
                0x10048de0      0x168 ./Drivers/STM32WB0x_HAL_Driver/Src/stm32wb0x_hal_uart.o
                0x10048de0                UART_AdvFeatureConfig
 .text.UART_CheckIdleState
                0x10048f48      0x154 ./Drivers/STM32WB0x_HAL_Driver/Src/stm32wb0x_hal_uart.o
                0x10048f48                UART_CheckIdleState
 .text.UART_WaitOnFlagUntilTimeout
                0x1004909c       0xde ./Drivers/STM32WB0x_HAL_Driver/Src/stm32wb0x_hal_uart.o
                0x1004909c                UART_WaitOnFlagUntilTimeout
 *fill*         0x1004917a        0x2 
 .text.UART_EndRxTransfer
                0x1004917c       0xcc ./Drivers/STM32WB0x_HAL_Driver/Src/stm32wb0x_hal_uart.o
 .text.HAL_UARTEx_DisableFifoMode
                0x10049248       0x74 ./Drivers/STM32WB0x_HAL_Driver/Src/stm32wb0x_hal_uart_ex.o
                0x10049248                HAL_UARTEx_DisableFifoMode
 .text.HAL_UARTEx_SetTxFifoThreshold
                0x100492bc       0x7e ./Drivers/STM32WB0x_HAL_Driver/Src/stm32wb0x_hal_uart_ex.o
                0x100492bc                HAL_UARTEx_SetTxFifoThreshold
 *fill*         0x1004933a        0x2 
 .text.HAL_UARTEx_SetRxFifoThreshold
                0x1004933c       0x84 ./Drivers/STM32WB0x_HAL_Driver/Src/stm32wb0x_hal_uart_ex.o
                0x1004933c                HAL_UARTEx_SetRxFifoThreshold
 .text.UARTEx_SetNbDataToProcess
                0x100493c0       0xbc ./Drivers/STM32WB0x_HAL_Driver/Src/stm32wb0x_hal_uart_ex.o
 .text.__cvt    0x1004947c       0xcc C:/ST/STM32CubeIDE_1.16.0/STM32CubeIDE/plugins/com.st.stm32cube.ide.mcu.externaltools.gnu-tools-for-stm32.12.3.rel1.win32_1.1.0.202410251130/tools/bin/../lib/gcc/arm-none-eabi/12.3.1/../../../../arm-none-eabi/lib/thumb/v6-m/nofp\libc_nano.a(libc_a-nano-vfprintf_float.o)
                0x1004947c                __cvt
 .text.__exponent
                0x10049548       0x80 C:/ST/STM32CubeIDE_1.16.0/STM32CubeIDE/plugins/com.st.stm32cube.ide.mcu.externaltools.gnu-tools-for-stm32.12.3.rel1.win32_1.1.0.202410251130/tools/bin/../lib/gcc/arm-none-eabi/12.3.1/../../../../arm-none-eabi/lib/thumb/v6-m/nofp\libc_nano.a(libc_a-nano-vfprintf_float.o)
                0x10049548                __exponent
 .text._printf_float
                0x100495c8      0x47c C:/ST/STM32CubeIDE_1.16.0/STM32CubeIDE/plugins/com.st.stm32cube.ide.mcu.externaltools.gnu-tools-for-stm32.12.3.rel1.win32_1.1.0.202410251130/tools/bin/../lib/gcc/arm-none-eabi/12.3.1/../../../../arm-none-eabi/lib/thumb/v6-m/nofp\libc_nano.a(libc_a-nano-vfprintf_float.o)
                0x100495c8                _printf_float
 .text._printf_common
                0x10049a44       0xde C:/ST/STM32CubeIDE_1.16.0/STM32CubeIDE/plugins/com.st.stm32cube.ide.mcu.externaltools.gnu-tools-for-stm32.12.3.rel1.win32_1.1.0.202410251130/tools/bin/../lib/gcc/arm-none-eabi/12.3.1/../../../../arm-none-eabi/lib/thumb/v6-m/nofp\libc_nano.a(libc_a-nano-vfprintf_i.o)
                0x10049a44                _printf_common
 *fill*         0x10049b22        0x2 
 .text._printf_i
                0x10049b24      0x21c C:/ST/STM32CubeIDE_1.16.0/STM32CubeIDE/plugins/com.st.stm32cube.ide.mcu.externaltools.gnu-tools-for-stm32.12.3.rel1.win32_1.1.0.202410251130/tools/bin/../lib/gcc/arm-none-eabi/12.3.1/../../../../arm-none-eabi/lib/thumb/v6-m/nofp\libc_nano.a(libc_a-nano-vfprintf_i.o)
                0x10049b24                _printf_i
 .text.std      0x10049d40       0x6c C:/ST/STM32CubeIDE_1.16.0/STM32CubeIDE/plugins/com.st.stm32cube.ide.mcu.externaltools.gnu-tools-for-stm32.12.3.rel1.win32_1.1.0.202410251130/tools/bin/../lib/gcc/arm-none-eabi/12.3.1/../../../../arm-none-eabi/lib/thumb/v6-m/nofp\libc_nano.a(libc_a-findfp.o)
 .text.stdio_exit_handler
                0x10049dac       0x1c C:/ST/STM32CubeIDE_1.16.0/STM32CubeIDE/plugins/com.st.stm32cube.ide.mcu.externaltools.gnu-tools-for-stm32.12.3.rel1.win32_1.1.0.202410251130/tools/bin/../lib/gcc/arm-none-eabi/12.3.1/../../../../arm-none-eabi/lib/thumb/v6-m/nofp\libc_nano.a(libc_a-findfp.o)
 .text.cleanup_stdio
                0x10049dc8       0x3c C:/ST/STM32CubeIDE_1.16.0/STM32CubeIDE/plugins/com.st.stm32cube.ide.mcu.externaltools.gnu-tools-for-stm32.12.3.rel1.win32_1.1.0.202410251130/tools/bin/../lib/gcc/arm-none-eabi/12.3.1/../../../../arm-none-eabi/lib/thumb/v6-m/nofp\libc_nano.a(libc_a-findfp.o)
 .text.global_stdio_init.part.0
                0x10049e04       0x3c C:/ST/STM32CubeIDE_1.16.0/STM32CubeIDE/plugins/com.st.stm32cube.ide.mcu.externaltools.gnu-tools-for-stm32.12.3.rel1.win32_1.1.0.202410251130/tools/bin/../lib/gcc/arm-none-eabi/12.3.1/../../../../arm-none-eabi/lib/thumb/v6-m/nofp\libc_nano.a(libc_a-findfp.o)
 .text.__sfp_lock_acquire
                0x10049e40       0x10 C:/ST/STM32CubeIDE_1.16.0/STM32CubeIDE/plugins/com.st.stm32cube.ide.mcu.externaltools.gnu-tools-for-stm32.12.3.rel1.win32_1.1.0.202410251130/tools/bin/../lib/gcc/arm-none-eabi/12.3.1/../../../../arm-none-eabi/lib/thumb/v6-m/nofp\libc_nano.a(libc_a-findfp.o)
                0x10049e40                __sfp_lock_acquire
 .text.__sfp_lock_release
                0x10049e50       0x10 C:/ST/STM32CubeIDE_1.16.0/STM32CubeIDE/plugins/com.st.stm32cube.ide.mcu.externaltools.gnu-tools-for-stm32.12.3.rel1.win32_1.1.0.202410251130/tools/bin/../lib/gcc/arm-none-eabi/12.3.1/../../../../arm-none-eabi/lib/thumb/v6-m/nofp\libc_nano.a(libc_a-findfp.o)
                0x10049e50                __sfp_lock_release
 .text.__sinit  0x10049e60       0x30 C:/ST/STM32CubeIDE_1.16.0/STM32CubeIDE/plugins/com.st.stm32cube.ide.mcu.externaltools.gnu-tools-for-stm32.12.3.rel1.win32_1.1.0.202410251130/tools/bin/../lib/gcc/arm-none-eabi/12.3.1/../../../../arm-none-eabi/lib/thumb/v6-m/nofp\libc_nano.a(libc_a-findfp.o)
                0x10049e60                __sinit
 .text._fwalk_sglue
                0x10049e90       0x38 C:/ST/STM32CubeIDE_1.16.0/STM32CubeIDE/plugins/com.st.stm32cube.ide.mcu.externaltools.gnu-tools-for-stm32.12.3.rel1.win32_1.1.0.202410251130/tools/bin/../lib/gcc/arm-none-eabi/12.3.1/../../../../arm-none-eabi/lib/thumb/v6-m/nofp\libc_nano.a(libc_a-fwalk.o)
                0x10049e90                _fwalk_sglue
 .text.__sread  0x10049ec8       0x28 C:/ST/STM32CubeIDE_1.16.0/STM32CubeIDE/plugins/com.st.stm32cube.ide.mcu.externaltools.gnu-tools-for-stm32.12.3.rel1.win32_1.1.0.202410251130/tools/bin/../lib/gcc/arm-none-eabi/12.3.1/../../../../arm-none-eabi/lib/thumb/v6-m/nofp\libc_nano.a(libc_a-stdio.o)
                0x10049ec8                __sread
 .text.__swrite
                0x10049ef0       0x38 C:/ST/STM32CubeIDE_1.16.0/STM32CubeIDE/plugins/com.st.stm32cube.ide.mcu.externaltools.gnu-tools-for-stm32.12.3.rel1.win32_1.1.0.202410251130/tools/bin/../lib/gcc/arm-none-eabi/12.3.1/../../../../arm-none-eabi/lib/thumb/v6-m/nofp\libc_nano.a(libc_a-stdio.o)
                0x10049ef0                __swrite
 .text.__sseek  0x10049f28       0x2c C:/ST/STM32CubeIDE_1.16.0/STM32CubeIDE/plugins/com.st.stm32cube.ide.mcu.externaltools.gnu-tools-for-stm32.12.3.rel1.win32_1.1.0.202410251130/tools/bin/../lib/gcc/arm-none-eabi/12.3.1/../../../../arm-none-eabi/lib/thumb/v6-m/nofp\libc_nano.a(libc_a-stdio.o)
                0x10049f28                __sseek
 .text.__sclose
                0x10049f54        0xc C:/ST/STM32CubeIDE_1.16.0/STM32CubeIDE/plugins/com.st.stm32cube.ide.mcu.externaltools.gnu-tools-for-stm32.12.3.rel1.win32_1.1.0.202410251130/tools/bin/../lib/gcc/arm-none-eabi/12.3.1/../../../../arm-none-eabi/lib/thumb/v6-m/nofp\libc_nano.a(libc_a-stdio.o)
                0x10049f54                __sclose
 .text.memcmp   0x10049f60       0x1c C:/ST/STM32CubeIDE_1.16.0/STM32CubeIDE/plugins/com.st.stm32cube.ide.mcu.externaltools.gnu-tools-for-stm32.12.3.rel1.win32_1.1.0.202410251130/tools/bin/../lib/gcc/arm-none-eabi/12.3.1/../../../../arm-none-eabi/lib/thumb/v6-m/nofp\libc_nano.a(libc_a-memcmp.o)
                0x10049f60                memcmp
 .text.memset   0x10049f7c       0x10 C:/ST/STM32CubeIDE_1.16.0/STM32CubeIDE/plugins/com.st.stm32cube.ide.mcu.externaltools.gnu-tools-for-stm32.12.3.rel1.win32_1.1.0.202410251130/tools/bin/../lib/gcc/arm-none-eabi/12.3.1/../../../../arm-none-eabi/lib/thumb/v6-m/nofp\libc_nano.a(libc_a-memset.o)
                0x10049f7c                memset
 .text._localeconv_r
                0x10049f8c        0x8 C:/ST/STM32CubeIDE_1.16.0/STM32CubeIDE/plugins/com.st.stm32cube.ide.mcu.externaltools.gnu-tools-for-stm32.12.3.rel1.win32_1.1.0.202410251130/tools/bin/../lib/gcc/arm-none-eabi/12.3.1/../../../../arm-none-eabi/lib/thumb/v6-m/nofp\libc_nano.a(libc_a-localeconv.o)
                0x10049f8c                _localeconv_r
 .text._close_r
                0x10049f94       0x24 C:/ST/STM32CubeIDE_1.16.0/STM32CubeIDE/plugins/com.st.stm32cube.ide.mcu.externaltools.gnu-tools-for-stm32.12.3.rel1.win32_1.1.0.202410251130/tools/bin/../lib/gcc/arm-none-eabi/12.3.1/../../../../arm-none-eabi/lib/thumb/v6-m/nofp\libc_nano.a(libc_a-closer.o)
                0x10049f94                _close_r
 .text._lseek_r
                0x10049fb8       0x28 C:/ST/STM32CubeIDE_1.16.0/STM32CubeIDE/plugins/com.st.stm32cube.ide.mcu.externaltools.gnu-tools-for-stm32.12.3.rel1.win32_1.1.0.202410251130/tools/bin/../lib/gcc/arm-none-eabi/12.3.1/../../../../arm-none-eabi/lib/thumb/v6-m/nofp\libc_nano.a(libc_a-lseekr.o)
                0x10049fb8                _lseek_r
 .text._read_r  0x10049fe0       0x28 C:/ST/STM32CubeIDE_1.16.0/STM32CubeIDE/plugins/com.st.stm32cube.ide.mcu.externaltools.gnu-tools-for-stm32.12.3.rel1.win32_1.1.0.202410251130/tools/bin/../lib/gcc/arm-none-eabi/12.3.1/../../../../arm-none-eabi/lib/thumb/v6-m/nofp\libc_nano.a(libc_a-readr.o)
                0x10049fe0                _read_r
 .text._write_r
                0x1004a008       0x28 C:/ST/STM32CubeIDE_1.16.0/STM32CubeIDE/plugins/com.st.stm32cube.ide.mcu.externaltools.gnu-tools-for-stm32.12.3.rel1.win32_1.1.0.202410251130/tools/bin/../lib/gcc/arm-none-eabi/12.3.1/../../../../arm-none-eabi/lib/thumb/v6-m/nofp\libc_nano.a(libc_a-writer.o)
                0x1004a008                _write_r
 .text.__errno  0x1004a030        0xc C:/ST/STM32CubeIDE_1.16.0/STM32CubeIDE/plugins/com.st.stm32cube.ide.mcu.externaltools.gnu-tools-for-stm32.12.3.rel1.win32_1.1.0.202410251130/tools/bin/../lib/gcc/arm-none-eabi/12.3.1/../../../../arm-none-eabi/lib/thumb/v6-m/nofp\libc_nano.a(libc_a-errno.o)
                0x1004a030                __errno
 .text.__retarget_lock_init_recursive
                0x1004a03c        0x2 C:/ST/STM32CubeIDE_1.16.0/STM32CubeIDE/plugins/com.st.stm32cube.ide.mcu.externaltools.gnu-tools-for-stm32.12.3.rel1.win32_1.1.0.202410251130/tools/bin/../lib/gcc/arm-none-eabi/12.3.1/../../../../arm-none-eabi/lib/thumb/v6-m/nofp\libc_nano.a(libc_a-lock.o)
                0x1004a03c                __retarget_lock_init_recursive
 .text.__retarget_lock_acquire_recursive
                0x1004a03e        0x2 C:/ST/STM32CubeIDE_1.16.0/STM32CubeIDE/plugins/com.st.stm32cube.ide.mcu.externaltools.gnu-tools-for-stm32.12.3.rel1.win32_1.1.0.202410251130/tools/bin/../lib/gcc/arm-none-eabi/12.3.1/../../../../arm-none-eabi/lib/thumb/v6-m/nofp\libc_nano.a(libc_a-lock.o)
                0x1004a03e                __retarget_lock_acquire_recursive
 .text.__retarget_lock_release_recursive
                0x1004a040        0x2 C:/ST/STM32CubeIDE_1.16.0/STM32CubeIDE/plugins/com.st.stm32cube.ide.mcu.externaltools.gnu-tools-for-stm32.12.3.rel1.win32_1.1.0.202410251130/tools/bin/../lib/gcc/arm-none-eabi/12.3.1/../../../../arm-none-eabi/lib/thumb/v6-m/nofp\libc_nano.a(libc_a-lock.o)
                0x1004a040                __retarget_lock_release_recursive
 .text.memchr   0x1004a042       0x16 C:/ST/STM32CubeIDE_1.16.0/STM32CubeIDE/plugins/com.st.stm32cube.ide.mcu.externaltools.gnu-tools-for-stm32.12.3.rel1.win32_1.1.0.202410251130/tools/bin/../lib/gcc/arm-none-eabi/12.3.1/../../../../arm-none-eabi/lib/thumb/v6-m/nofp\libc_nano.a(libc_a-memchr-stub.o)
                0x1004a042                memchr
 .text.quorem   0x1004a058      0x11c C:/ST/STM32CubeIDE_1.16.0/STM32CubeIDE/plugins/com.st.stm32cube.ide.mcu.externaltools.gnu-tools-for-stm32.12.3.rel1.win32_1.1.0.202410251130/tools/bin/../lib/gcc/arm-none-eabi/12.3.1/../../../../arm-none-eabi/lib/thumb/v6-m/nofp\libc_nano.a(libc_a-dtoa.o)
 .text._dtoa_r  0x1004a174      0xbe8 C:/ST/STM32CubeIDE_1.16.0/STM32CubeIDE/plugins/com.st.stm32cube.ide.mcu.externaltools.gnu-tools-for-stm32.12.3.rel1.win32_1.1.0.202410251130/tools/bin/../lib/gcc/arm-none-eabi/12.3.1/../../../../arm-none-eabi/lib/thumb/v6-m/nofp\libc_nano.a(libc_a-dtoa.o)
                0x1004a174                _dtoa_r
 .text._free_r  0x1004ad5c       0x94 C:/ST/STM32CubeIDE_1.16.0/STM32CubeIDE/plugins/com.st.stm32cube.ide.mcu.externaltools.gnu-tools-for-stm32.12.3.rel1.win32_1.1.0.202410251130/tools/bin/../lib/gcc/arm-none-eabi/12.3.1/../../../../arm-none-eabi/lib/thumb/v6-m/nofp\libc_nano.a(libc_a-freer.o)
                0x1004ad5c                _free_r
 .text.malloc   0x1004adf0       0x14 C:/ST/STM32CubeIDE_1.16.0/STM32CubeIDE/plugins/com.st.stm32cube.ide.mcu.externaltools.gnu-tools-for-stm32.12.3.rel1.win32_1.1.0.202410251130/tools/bin/../lib/gcc/arm-none-eabi/12.3.1/../../../../arm-none-eabi/lib/thumb/v6-m/nofp\libc_nano.a(libc_a-malloc.o)
                0x1004adf0                malloc
 .text.sbrk_aligned
                0x1004ae04       0x44 C:/ST/STM32CubeIDE_1.16.0/STM32CubeIDE/plugins/com.st.stm32cube.ide.mcu.externaltools.gnu-tools-for-stm32.12.3.rel1.win32_1.1.0.202410251130/tools/bin/../lib/gcc/arm-none-eabi/12.3.1/../../../../arm-none-eabi/lib/thumb/v6-m/nofp\libc_nano.a(libc_a-mallocr.o)
 .text._malloc_r
                0x1004ae48      0x100 C:/ST/STM32CubeIDE_1.16.0/STM32CubeIDE/plugins/com.st.stm32cube.ide.mcu.externaltools.gnu-tools-for-stm32.12.3.rel1.win32_1.1.0.202410251130/tools/bin/../lib/gcc/arm-none-eabi/12.3.1/../../../../arm-none-eabi/lib/thumb/v6-m/nofp\libc_nano.a(libc_a-mallocr.o)
                0x1004ae48                _malloc_r
 .text.__malloc_lock
                0x1004af48       0x10 C:/ST/STM32CubeIDE_1.16.0/STM32CubeIDE/plugins/com.st.stm32cube.ide.mcu.externaltools.gnu-tools-for-stm32.12.3.rel1.win32_1.1.0.202410251130/tools/bin/../lib/gcc/arm-none-eabi/12.3.1/../../../../arm-none-eabi/lib/thumb/v6-m/nofp\libc_nano.a(libc_a-mlock.o)
                0x1004af48                __malloc_lock
 .text.__malloc_unlock
                0x1004af58       0x10 C:/ST/STM32CubeIDE_1.16.0/STM32CubeIDE/plugins/com.st.stm32cube.ide.mcu.externaltools.gnu-tools-for-stm32.12.3.rel1.win32_1.1.0.202410251130/tools/bin/../lib/gcc/arm-none-eabi/12.3.1/../../../../arm-none-eabi/lib/thumb/v6-m/nofp\libc_nano.a(libc_a-mlock.o)
                0x1004af58                __malloc_unlock
 .text._Balloc  0x1004af68       0x88 C:/ST/STM32CubeIDE_1.16.0/STM32CubeIDE/plugins/com.st.stm32cube.ide.mcu.externaltools.gnu-tools-for-stm32.12.3.rel1.win32_1.1.0.202410251130/tools/bin/../lib/gcc/arm-none-eabi/12.3.1/../../../../arm-none-eabi/lib/thumb/v6-m/nofp\libc_nano.a(libc_a-mprec.o)
                0x1004af68                _Balloc
 .text._Bfree   0x1004aff0       0x48 C:/ST/STM32CubeIDE_1.16.0/STM32CubeIDE/plugins/com.st.stm32cube.ide.mcu.externaltools.gnu-tools-for-stm32.12.3.rel1.win32_1.1.0.202410251130/tools/bin/../lib/gcc/arm-none-eabi/12.3.1/../../../../arm-none-eabi/lib/thumb/v6-m/nofp\libc_nano.a(libc_a-mprec.o)
                0x1004aff0                _Bfree
 .text.__multadd
                0x1004b038       0x88 C:/ST/STM32CubeIDE_1.16.0/STM32CubeIDE/plugins/com.st.stm32cube.ide.mcu.externaltools.gnu-tools-for-stm32.12.3.rel1.win32_1.1.0.202410251130/tools/bin/../lib/gcc/arm-none-eabi/12.3.1/../../../../arm-none-eabi/lib/thumb/v6-m/nofp\libc_nano.a(libc_a-mprec.o)
                0x1004b038                __multadd
 .text.__hi0bits
                0x1004b0c0       0x42 C:/ST/STM32CubeIDE_1.16.0/STM32CubeIDE/plugins/com.st.stm32cube.ide.mcu.externaltools.gnu-tools-for-stm32.12.3.rel1.win32_1.1.0.202410251130/tools/bin/../lib/gcc/arm-none-eabi/12.3.1/../../../../arm-none-eabi/lib/thumb/v6-m/nofp\libc_nano.a(libc_a-mprec.o)
                0x1004b0c0                __hi0bits
 .text.__lo0bits
                0x1004b102       0x5c C:/ST/STM32CubeIDE_1.16.0/STM32CubeIDE/plugins/com.st.stm32cube.ide.mcu.externaltools.gnu-tools-for-stm32.12.3.rel1.win32_1.1.0.202410251130/tools/bin/../lib/gcc/arm-none-eabi/12.3.1/../../../../arm-none-eabi/lib/thumb/v6-m/nofp\libc_nano.a(libc_a-mprec.o)
                0x1004b102                __lo0bits
 *fill*         0x1004b15e        0x2 
 .text.__i2b    0x1004b160       0x30 C:/ST/STM32CubeIDE_1.16.0/STM32CubeIDE/plugins/com.st.stm32cube.ide.mcu.externaltools.gnu-tools-for-stm32.12.3.rel1.win32_1.1.0.202410251130/tools/bin/../lib/gcc/arm-none-eabi/12.3.1/../../../../arm-none-eabi/lib/thumb/v6-m/nofp\libc_nano.a(libc_a-mprec.o)
                0x1004b160                __i2b
 .text.__multiply
                0x1004b190      0x164 C:/ST/STM32CubeIDE_1.16.0/STM32CubeIDE/plugins/com.st.stm32cube.ide.mcu.externaltools.gnu-tools-for-stm32.12.3.rel1.win32_1.1.0.202410251130/tools/bin/../lib/gcc/arm-none-eabi/12.3.1/../../../../arm-none-eabi/lib/thumb/v6-m/nofp\libc_nano.a(libc_a-mprec.o)
                0x1004b190                __multiply
 .text.__pow5mult
                0x1004b2f4       0xb8 C:/ST/STM32CubeIDE_1.16.0/STM32CubeIDE/plugins/com.st.stm32cube.ide.mcu.externaltools.gnu-tools-for-stm32.12.3.rel1.win32_1.1.0.202410251130/tools/bin/../lib/gcc/arm-none-eabi/12.3.1/../../../../arm-none-eabi/lib/thumb/v6-m/nofp\libc_nano.a(libc_a-mprec.o)
                0x1004b2f4                __pow5mult
 .text.__lshift
                0x1004b3ac       0xd8 C:/ST/STM32CubeIDE_1.16.0/STM32CubeIDE/plugins/com.st.stm32cube.ide.mcu.externaltools.gnu-tools-for-stm32.12.3.rel1.win32_1.1.0.202410251130/tools/bin/../lib/gcc/arm-none-eabi/12.3.1/../../../../arm-none-eabi/lib/thumb/v6-m/nofp\libc_nano.a(libc_a-mprec.o)
                0x1004b3ac                __lshift
 .text.__mcmp   0x1004b484       0x36 C:/ST/STM32CubeIDE_1.16.0/STM32CubeIDE/plugins/com.st.stm32cube.ide.mcu.externaltools.gnu-tools-for-stm32.12.3.rel1.win32_1.1.0.202410251130/tools/bin/../lib/gcc/arm-none-eabi/12.3.1/../../../../arm-none-eabi/lib/thumb/v6-m/nofp\libc_nano.a(libc_a-mprec.o)
                0x1004b484                __mcmp
 *fill*         0x1004b4ba        0x2 
 .text.__mdiff  0x1004b4bc      0x134 C:/ST/STM32CubeIDE_1.16.0/STM32CubeIDE/plugins/com.st.stm32cube.ide.mcu.externaltools.gnu-tools-for-stm32.12.3.rel1.win32_1.1.0.202410251130/tools/bin/../lib/gcc/arm-none-eabi/12.3.1/../../../../arm-none-eabi/lib/thumb/v6-m/nofp\libc_nano.a(libc_a-mprec.o)
                0x1004b4bc                __mdiff
 .text.__d2b    0x1004b5f0       0xc0 C:/ST/STM32CubeIDE_1.16.0/STM32CubeIDE/plugins/com.st.stm32cube.ide.mcu.externaltools.gnu-tools-for-stm32.12.3.rel1.win32_1.1.0.202410251130/tools/bin/../lib/gcc/arm-none-eabi/12.3.1/../../../../arm-none-eabi/lib/thumb/v6-m/nofp\libc_nano.a(libc_a-mprec.o)
                0x1004b5f0                __d2b
 .text.__sflush_r
                0x1004b6b0      0x10c C:/ST/STM32CubeIDE_1.16.0/STM32CubeIDE/plugins/com.st.stm32cube.ide.mcu.externaltools.gnu-tools-for-stm32.12.3.rel1.win32_1.1.0.202410251130/tools/bin/../lib/gcc/arm-none-eabi/12.3.1/../../../../arm-none-eabi/lib/thumb/v6-m/nofp\libc_nano.a(libc_a-fflush.o)
                0x1004b6b0                __sflush_r
 .text._fflush_r
                0x1004b7bc       0x56 C:/ST/STM32CubeIDE_1.16.0/STM32CubeIDE/plugins/com.st.stm32cube.ide.mcu.externaltools.gnu-tools-for-stm32.12.3.rel1.win32_1.1.0.202410251130/tools/bin/../lib/gcc/arm-none-eabi/12.3.1/../../../../arm-none-eabi/lib/thumb/v6-m/nofp\libc_nano.a(libc_a-fflush.o)
                0x1004b7bc                _fflush_r
 *fill*         0x1004b812        0x2 
 .text._sbrk_r  0x1004b814       0x24 C:/ST/STM32CubeIDE_1.16.0/STM32CubeIDE/plugins/com.st.stm32cube.ide.mcu.externaltools.gnu-tools-for-stm32.12.3.rel1.win32_1.1.0.202410251130/tools/bin/../lib/gcc/arm-none-eabi/12.3.1/../../../../arm-none-eabi/lib/thumb/v6-m/nofp\libc_nano.a(libc_a-sbrkr.o)
                0x1004b814                _sbrk_r
 .text.memcpy   0x1004b838       0x12 C:/ST/STM32CubeIDE_1.16.0/STM32CubeIDE/plugins/com.st.stm32cube.ide.mcu.externaltools.gnu-tools-for-stm32.12.3.rel1.win32_1.1.0.202410251130/tools/bin/../lib/gcc/arm-none-eabi/12.3.1/../../../../arm-none-eabi/lib/thumb/v6-m/nofp\libc_nano.a(libc_a-memcpy-stub.o)
                0x1004b838                memcpy
 *fill*         0x1004b84a        0x2 
 .text.__assert_func
                0x1004b84c       0x3c C:/ST/STM32CubeIDE_1.16.0/STM32CubeIDE/plugins/com.st.stm32cube.ide.mcu.externaltools.gnu-tools-for-stm32.12.3.rel1.win32_1.1.0.202410251130/tools/bin/../lib/gcc/arm-none-eabi/12.3.1/../../../../arm-none-eabi/lib/thumb/v6-m/nofp\libc_nano.a(libc_a-assert.o)
                0x1004b84c                __assert_func
 .text._calloc_r
                0x1004b888       0x5a C:/ST/STM32CubeIDE_1.16.0/STM32CubeIDE/plugins/com.st.stm32cube.ide.mcu.externaltools.gnu-tools-for-stm32.12.3.rel1.win32_1.1.0.202410251130/tools/bin/../lib/gcc/arm-none-eabi/12.3.1/../../../../arm-none-eabi/lib/thumb/v6-m/nofp\libc_nano.a(libc_a-callocr.o)
                0x1004b888                _calloc_r
 .text.__ascii_mbtowc
                0x1004b8e2       0x24 C:/ST/STM32CubeIDE_1.16.0/STM32CubeIDE/plugins/com.st.stm32cube.ide.mcu.externaltools.gnu-tools-for-stm32.12.3.rel1.win32_1.1.0.202410251130/tools/bin/../lib/gcc/arm-none-eabi/12.3.1/../../../../arm-none-eabi/lib/thumb/v6-m/nofp\libc_nano.a(libc_a-mbtowc_r.o)
                0x1004b8e2                __ascii_mbtowc
 .text.__ascii_wctomb
                0x1004b906       0x1a C:/ST/STM32CubeIDE_1.16.0/STM32CubeIDE/plugins/com.st.stm32cube.ide.mcu.externaltools.gnu-tools-for-stm32.12.3.rel1.win32_1.1.0.202410251130/tools/bin/../lib/gcc/arm-none-eabi/12.3.1/../../../../arm-none-eabi/lib/thumb/v6-m/nofp\libc_nano.a(libc_a-wctomb_r.o)
                0x1004b906                __ascii_wctomb
 .text.fprintf  0x1004b920       0x20 C:/ST/STM32CubeIDE_1.16.0/STM32CubeIDE/plugins/com.st.stm32cube.ide.mcu.externaltools.gnu-tools-for-stm32.12.3.rel1.win32_1.1.0.202410251130/tools/bin/../lib/gcc/arm-none-eabi/12.3.1/../../../../arm-none-eabi/lib/thumb/v6-m/nofp\libc_nano.a(libc_a-fprintf.o)
                0x1004b920                fiprintf
                0x1004b920                fprintf
 .text.abort    0x1004b940        0xe C:/ST/STM32CubeIDE_1.16.0/STM32CubeIDE/plugins/com.st.stm32cube.ide.mcu.externaltools.gnu-tools-for-stm32.12.3.rel1.win32_1.1.0.202410251130/tools/bin/../lib/gcc/arm-none-eabi/12.3.1/../../../../arm-none-eabi/lib/thumb/v6-m/nofp\libc_nano.a(libc_a-abort.o)
                0x1004b940                abort
 .text.__sfputc_r
                0x1004b94e       0x2a C:/ST/STM32CubeIDE_1.16.0/STM32CubeIDE/plugins/com.st.stm32cube.ide.mcu.externaltools.gnu-tools-for-stm32.12.3.rel1.win32_1.1.0.202410251130/tools/bin/../lib/gcc/arm-none-eabi/12.3.1/../../../../arm-none-eabi/lib/thumb/v6-m/nofp\libc_nano.a(libc_a-nano-vfprintf.o)
 .text.__sfputs_r
                0x1004b978       0x24 C:/ST/STM32CubeIDE_1.16.0/STM32CubeIDE/plugins/com.st.stm32cube.ide.mcu.externaltools.gnu-tools-for-stm32.12.3.rel1.win32_1.1.0.202410251130/tools/bin/../lib/gcc/arm-none-eabi/12.3.1/../../../../arm-none-eabi/lib/thumb/v6-m/nofp\libc_nano.a(libc_a-nano-vfprintf.o)
                0x1004b978                __sfputs_r
 .text._vfprintf_r
                0x1004b99c      0x238 C:/ST/STM32CubeIDE_1.16.0/STM32CubeIDE/plugins/com.st.stm32cube.ide.mcu.externaltools.gnu-tools-for-stm32.12.3.rel1.win32_1.1.0.202410251130/tools/bin/../lib/gcc/arm-none-eabi/12.3.1/../../../../arm-none-eabi/lib/thumb/v6-m/nofp\libc_nano.a(libc_a-nano-vfprintf.o)
                0x1004b99c                _vfprintf_r
                0x1004b99c                _vfiprintf_r
 .text.__swbuf_r
                0x1004bbd4       0x84 C:/ST/STM32CubeIDE_1.16.0/STM32CubeIDE/plugins/com.st.stm32cube.ide.mcu.externaltools.gnu-tools-for-stm32.12.3.rel1.win32_1.1.0.202410251130/tools/bin/../lib/gcc/arm-none-eabi/12.3.1/../../../../arm-none-eabi/lib/thumb/v6-m/nofp\libc_nano.a(libc_a-wbuf.o)
                0x1004bbd4                __swbuf_r
 .text.__swsetup_r
                0x1004bc58       0xbc C:/ST/STM32CubeIDE_1.16.0/STM32CubeIDE/plugins/com.st.stm32cube.ide.mcu.externaltools.gnu-tools-for-stm32.12.3.rel1.win32_1.1.0.202410251130/tools/bin/../lib/gcc/arm-none-eabi/12.3.1/../../../../arm-none-eabi/lib/thumb/v6-m/nofp\libc_nano.a(libc_a-wsetup.o)
                0x1004bc58                __swsetup_r
 .text._raise_r
                0x1004bd14       0x52 C:/ST/STM32CubeIDE_1.16.0/STM32CubeIDE/plugins/com.st.stm32cube.ide.mcu.externaltools.gnu-tools-for-stm32.12.3.rel1.win32_1.1.0.202410251130/tools/bin/../lib/gcc/arm-none-eabi/12.3.1/../../../../arm-none-eabi/lib/thumb/v6-m/nofp\libc_nano.a(libc_a-signal.o)
                0x1004bd14                _raise_r
 *fill*         0x1004bd66        0x2 
 .text.raise    0x1004bd68       0x14 C:/ST/STM32CubeIDE_1.16.0/STM32CubeIDE/plugins/com.st.stm32cube.ide.mcu.externaltools.gnu-tools-for-stm32.12.3.rel1.win32_1.1.0.202410251130/tools/bin/../lib/gcc/arm-none-eabi/12.3.1/../../../../arm-none-eabi/lib/thumb/v6-m/nofp\libc_nano.a(libc_a-signal.o)
                0x1004bd68                raise
 .text._kill_r  0x1004bd7c       0x24 C:/ST/STM32CubeIDE_1.16.0/STM32CubeIDE/plugins/com.st.stm32cube.ide.mcu.externaltools.gnu-tools-for-stm32.12.3.rel1.win32_1.1.0.202410251130/tools/bin/../lib/gcc/arm-none-eabi/12.3.1/../../../../arm-none-eabi/lib/thumb/v6-m/nofp\libc_nano.a(libc_a-signalr.o)
                0x1004bd7c                _kill_r
 .text._getpid_r
                0x1004bda0        0x8 C:/ST/STM32CubeIDE_1.16.0/STM32CubeIDE/plugins/com.st.stm32cube.ide.mcu.externaltools.gnu-tools-for-stm32.12.3.rel1.win32_1.1.0.202410251130/tools/bin/../lib/gcc/arm-none-eabi/12.3.1/../../../../arm-none-eabi/lib/thumb/v6-m/nofp\libc_nano.a(libc_a-signalr.o)
                0x1004bda0                _getpid_r
 .text.__swhatbuf_r
                0x1004bda8       0x54 C:/ST/STM32CubeIDE_1.16.0/STM32CubeIDE/plugins/com.st.stm32cube.ide.mcu.externaltools.gnu-tools-for-stm32.12.3.rel1.win32_1.1.0.202410251130/tools/bin/../lib/gcc/arm-none-eabi/12.3.1/../../../../arm-none-eabi/lib/thumb/v6-m/nofp\libc_nano.a(libc_a-makebuf.o)
                0x1004bda8                __swhatbuf_r
 .text.__smakebuf_r
                0x1004bdfc       0x82 C:/ST/STM32CubeIDE_1.16.0/STM32CubeIDE/plugins/com.st.stm32cube.ide.mcu.externaltools.gnu-tools-for-stm32.12.3.rel1.win32_1.1.0.202410251130/tools/bin/../lib/gcc/arm-none-eabi/12.3.1/../../../../arm-none-eabi/lib/thumb/v6-m/nofp\libc_nano.a(libc_a-makebuf.o)
                0x1004bdfc                __smakebuf_r
 *fill*         0x1004be7e        0x2 
 .text._fstat_r
                0x1004be80       0x24 C:/ST/STM32CubeIDE_1.16.0/STM32CubeIDE/plugins/com.st.stm32cube.ide.mcu.externaltools.gnu-tools-for-stm32.12.3.rel1.win32_1.1.0.202410251130/tools/bin/../lib/gcc/arm-none-eabi/12.3.1/../../../../arm-none-eabi/lib/thumb/v6-m/nofp\libc_nano.a(libc_a-fstatr.o)
                0x1004be80                _fstat_r
 .text._isatty_r
                0x1004bea4       0x24 C:/ST/STM32CubeIDE_1.16.0/STM32CubeIDE/plugins/com.st.stm32cube.ide.mcu.externaltools.gnu-tools-for-stm32.12.3.rel1.win32_1.1.0.202410251130/tools/bin/../lib/gcc/arm-none-eabi/12.3.1/../../../../arm-none-eabi/lib/thumb/v6-m/nofp\libc_nano.a(libc_a-isattyr.o)
                0x1004bea4                _isatty_r
 *(i.*)
 *(.constdata)
 *(.glue_7)
 .glue_7        0x1004bec8        0x0 linker stubs
 *(.glue_7t)
 .glue_7t       0x1004bec8        0x0 linker stubs
                0x1004bec8                        . = ALIGN (0x4)
                0x1004bec8                        _etext = .

.vfp11_veneer   0x1004bec8        0x0
 .vfp11_veneer  0x1004bec8        0x0 linker stubs

.v4_bx          0x1004bec8        0x0
 .v4_bx         0x1004bec8        0x0 linker stubs

.init           0x1004bec8        0x4
 .init          0x1004bec8        0x4 C:/ST/STM32CubeIDE_1.16.0/STM32CubeIDE/plugins/com.st.stm32cube.ide.mcu.externaltools.gnu-tools-for-stm32.12.3.rel1.win32_1.1.0.202410251130/tools/bin/../lib/gcc/arm-none-eabi/12.3.1/thumb/v6-m/nofp/crti.o
                0x1004bec8                _init

.fini           0x1004becc        0x4
 .fini          0x1004becc        0x4 C:/ST/STM32CubeIDE_1.16.0/STM32CubeIDE/plugins/com.st.stm32cube.ide.mcu.externaltools.gnu-tools-for-stm32.12.3.rel1.win32_1.1.0.202410251130/tools/bin/../lib/gcc/arm-none-eabi/12.3.1/thumb/v6-m/nofp/crti.o
                0x1004becc                _fini

.iplt           0x1004bed0        0x0
 .iplt          0x1004bed0        0x0 ./Core/Src/main.o

.rodata         0x1004bed0      0x3e0
                0x1004bed0                        . = ALIGN (0x4)
 *(.rodata)
 .rodata        0x1004bed0        0x5 ./Drivers/STM32WB0x_HAL_Driver/Src/stm32wb0x_hal_radio.o
 *fill*         0x1004bed5        0x3 
 .rodata        0x1004bed8       0x40 C:/ST/STM32CubeIDE_1.16.0/STM32CubeIDE/plugins/com.st.stm32cube.ide.mcu.externaltools.gnu-tools-for-stm32.12.3.rel1.win32_1.1.0.202410251130/tools/bin/../lib/gcc/arm-none-eabi/12.3.1/thumb/v6-m/nofp\libgcc.a(divdf3.o)
 *(.rodata*)
 .rodata.UARTPrescTable
                0x1004bf18       0x18 ./Drivers/STM32WB0x_HAL_Driver/Src/stm32wb0x_hal_uart.o
                0x1004bf18                UARTPrescTable
 .rodata.numerator.1
                0x1004bf30        0x8 ./Drivers/STM32WB0x_HAL_Driver/Src/stm32wb0x_hal_uart_ex.o
 .rodata.denominator.0
                0x1004bf38        0x8 ./Drivers/STM32WB0x_HAL_Driver/Src/stm32wb0x_hal_uart_ex.o
 .rodata._printf_float.str1.1
                0x1004bf40       0x12 C:/ST/STM32CubeIDE_1.16.0/STM32CubeIDE/plugins/com.st.stm32cube.ide.mcu.externaltools.gnu-tools-for-stm32.12.3.rel1.win32_1.1.0.202410251130/tools/bin/../lib/gcc/arm-none-eabi/12.3.1/../../../../arm-none-eabi/lib/thumb/v6-m/nofp\libc_nano.a(libc_a-nano-vfprintf_float.o)
 .rodata._printf_i.str1.1
                0x1004bf52       0x22 C:/ST/STM32CubeIDE_1.16.0/STM32CubeIDE/plugins/com.st.stm32cube.ide.mcu.externaltools.gnu-tools-for-stm32.12.3.rel1.win32_1.1.0.202410251130/tools/bin/../lib/gcc/arm-none-eabi/12.3.1/../../../../arm-none-eabi/lib/thumb/v6-m/nofp\libc_nano.a(libc_a-nano-vfprintf_i.o)
 .rodata._dtoa_r.str1.1
                0x1004bf74       0x8d C:/ST/STM32CubeIDE_1.16.0/STM32CubeIDE/plugins/com.st.stm32cube.ide.mcu.externaltools.gnu-tools-for-stm32.12.3.rel1.win32_1.1.0.202410251130/tools/bin/../lib/gcc/arm-none-eabi/12.3.1/../../../../arm-none-eabi/lib/thumb/v6-m/nofp\libc_nano.a(libc_a-dtoa.o)
                                 0x8f (size before relaxing)
 .rodata._Balloc.str1.1
                0x1004c001       0x59 C:/ST/STM32CubeIDE_1.16.0/STM32CubeIDE/plugins/com.st.stm32cube.ide.mcu.externaltools.gnu-tools-for-stm32.12.3.rel1.win32_1.1.0.202410251130/tools/bin/../lib/gcc/arm-none-eabi/12.3.1/../../../../arm-none-eabi/lib/thumb/v6-m/nofp\libc_nano.a(libc_a-mprec.o)
                                 0x70 (size before relaxing)
 .rodata.__multadd.str1.1
                0x1004c05a       0x11 C:/ST/STM32CubeIDE_1.16.0/STM32CubeIDE/plugins/com.st.stm32cube.ide.mcu.externaltools.gnu-tools-for-stm32.12.3.rel1.win32_1.1.0.202410251130/tools/bin/../lib/gcc/arm-none-eabi/12.3.1/../../../../arm-none-eabi/lib/thumb/v6-m/nofp\libc_nano.a(libc_a-mprec.o)
 *fill*         0x1004c05a        0x2 
 .rodata.p05.0  0x1004c05c        0xc C:/ST/STM32CubeIDE_1.16.0/STM32CubeIDE/plugins/com.st.stm32cube.ide.mcu.externaltools.gnu-tools-for-stm32.12.3.rel1.win32_1.1.0.202410251130/tools/bin/../lib/gcc/arm-none-eabi/12.3.1/../../../../arm-none-eabi/lib/thumb/v6-m/nofp\libc_nano.a(libc_a-mprec.o)
 .rodata.__mprec_bigtens
                0x1004c068       0x28 C:/ST/STM32CubeIDE_1.16.0/STM32CubeIDE/plugins/com.st.stm32cube.ide.mcu.externaltools.gnu-tools-for-stm32.12.3.rel1.win32_1.1.0.202410251130/tools/bin/../lib/gcc/arm-none-eabi/12.3.1/../../../../arm-none-eabi/lib/thumb/v6-m/nofp\libc_nano.a(libc_a-mprec.o)
                0x1004c068                __mprec_bigtens
 .rodata.__mprec_tens
                0x1004c090       0xc8 C:/ST/STM32CubeIDE_1.16.0/STM32CubeIDE/plugins/com.st.stm32cube.ide.mcu.externaltools.gnu-tools-for-stm32.12.3.rel1.win32_1.1.0.202410251130/tools/bin/../lib/gcc/arm-none-eabi/12.3.1/../../../../arm-none-eabi/lib/thumb/v6-m/nofp\libc_nano.a(libc_a-mprec.o)
                0x1004c090                __mprec_tens
 .rodata._setlocale_r.str1.1
                0x1004c158        0x8 C:/ST/STM32CubeIDE_1.16.0/STM32CubeIDE/plugins/com.st.stm32cube.ide.mcu.externaltools.gnu-tools-for-stm32.12.3.rel1.win32_1.1.0.202410251130/tools/bin/../lib/gcc/arm-none-eabi/12.3.1/../../../../arm-none-eabi/lib/thumb/v6-m/nofp\libc_nano.a(libc_a-locale.o)
                                  0x9 (size before relaxing)
 .rodata.str1.1
                0x1004c160        0x2 C:/ST/STM32CubeIDE_1.16.0/STM32CubeIDE/plugins/com.st.stm32cube.ide.mcu.externaltools.gnu-tools-for-stm32.12.3.rel1.win32_1.1.0.202410251130/tools/bin/../lib/gcc/arm-none-eabi/12.3.1/../../../../arm-none-eabi/lib/thumb/v6-m/nofp\libc_nano.a(libc_a-locale.o)
 .rodata.__assert_func.str1.1
                0x1004c162       0x3c C:/ST/STM32CubeIDE_1.16.0/STM32CubeIDE/plugins/com.st.stm32cube.ide.mcu.externaltools.gnu-tools-for-stm32.12.3.rel1.win32_1.1.0.202410251130/tools/bin/../lib/gcc/arm-none-eabi/12.3.1/../../../../arm-none-eabi/lib/thumb/v6-m/nofp\libc_nano.a(libc_a-assert.o)
                                 0x3d (size before relaxing)
 .rodata._ctype_
                0x1004c19e      0x101 C:/ST/STM32CubeIDE_1.16.0/STM32CubeIDE/plugins/com.st.stm32cube.ide.mcu.externaltools.gnu-tools-for-stm32.12.3.rel1.win32_1.1.0.202410251130/tools/bin/../lib/gcc/arm-none-eabi/12.3.1/../../../../arm-none-eabi/lib/thumb/v6-m/nofp\libc_nano.a(libc_a-ctype_.o)
                0x1004c19e                _ctype_
 .rodata._vfprintf_r.str1.1
                0x1004c29f       0x11 C:/ST/STM32CubeIDE_1.16.0/STM32CubeIDE/plugins/com.st.stm32cube.ide.mcu.externaltools.gnu-tools-for-stm32.12.3.rel1.win32_1.1.0.202410251130/tools/bin/../lib/gcc/arm-none-eabi/12.3.1/../../../../arm-none-eabi/lib/thumb/v6-m/nofp\libc_nano.a(libc_a-nano-vfprintf.o)
                0x1004c2b0                        . = ALIGN (0x4)

.ARM.extab
 *(.ARM.extab*)

.ARM            0x1004c2b0        0x8
                0x1004c2b0                        __exidx_start = .
 *(.ARM.exidx*)
 .ARM.exidx     0x1004c2b0        0x8 C:/ST/STM32CubeIDE_1.16.0/STM32CubeIDE/plugins/com.st.stm32cube.ide.mcu.externaltools.gnu-tools-for-stm32.12.3.rel1.win32_1.1.0.202410251130/tools/bin/../lib/gcc/arm-none-eabi/12.3.1/thumb/v6-m/nofp\libgcc.a(_udivmoddi4.o)
                0x1004c2b8                        __exidx_end = .
                0x1004c2b8                        _sidata = LOADADDR (.data)

.rel.dyn        0x1004c2b8        0x0
 .rel.iplt      0x1004c2b8        0x0 ./Core/Src/main.o

.ram_preamble   0x20000004       0x2c
 *(.ram_vr)
 .ram_vr        0x20000004       0x2c ./Core/Src/system_stm32wb0x.o
                0x20000004                RAM_VR

.ram_preamble_2
 *(.crash_info_ram_vr)

.bss.blueRAM    0x200000c0       0xbc
                0x200000c0                        . = ALIGN (0x4)
                0x200000c0                        _sbssblue = .
 *(.bss.__blue_RAM)
 .bss.__blue_RAM
                0x200000c0       0xbc ./Drivers/STM32WB0x_HAL_Driver/Src/stm32wb0x_hal_radio.o
                0x200000c0                __blue_RAM
                0x2000017c                        . = ALIGN (0x4)
                0x2000017c                        _ebssblue = .

.bss            0x2000017c      0x978
                0x2000017c                        . = ALIGN (0x4)
                0x2000017c                        _sbss = .
 *(.bss)
 *(.bss*)
 .bss.hspi2     0x2000017c       0x64 ./Core/Src/main.o
                0x2000017c                hspi2
 .bss.huart1    0x200001e0       0x94 ./Core/Src/main.o
                0x200001e0                huart1
 .bss.sendData  0x20000274      0x101 ./Core/Src/main.o
                0x20000274                sendData
 *fill*         0x20000375        0x3 
 .bss.receivedData
                0x20000378      0x101 ./Core/Src/main.o
                0x20000378                receivedData
 *fill*         0x20000479        0x3 
 .bss.receivedDistanceData
                0x2000047c      0x101 ./Core/Src/main.o
                0x2000047c                receivedDistanceData
 .bss.sendNewPacket
                0x2000057d        0x1 ./Core/Src/main.o
                0x2000057d                sendNewPacket
 .bss.beacon_count
                0x2000057e        0x1 ./Core/Src/main.o
                0x2000057e                beacon_count
 .bss.current_channel
                0x2000057f        0x1 ./Core/Src/main.o
                0x2000057f                current_channel
 .bss.beacon_ID
                0x20000580      0x140 ./Core/Src/main.o
                0x20000580                beacon_ID
 .bss.distance_to_beacon
                0x200006c0      0x140 ./Core/Src/main.o
                0x200006c0                distance_to_beacon
 .bss.__sbrk_heap_end
                0x20000800        0x4 ./Core/Src/sysmem.o
 .bss.txFCTRL   0x20000804        0x4 ./Drivers/DW1000/DW1000.o
                0x20000804                txFCTRL
 .bss.status_reg
                0x20000808        0x4 ./Drivers/DW1000/DW1000.o
                0x20000808                status_reg
 .bss.rx_buffer
                0x2000080c       0x19 ./Drivers/DW1000/DW1000.o
                0x2000080c                rx_buffer
 *fill*         0x20000825        0x3 
 .bss.poll_tx_ts
                0x20000828        0x8 ./Drivers/DW1000/DW1000.o
                0x20000828                poll_tx_ts
 .bss.resp_rx_ts
                0x20000830        0x8 ./Drivers/DW1000/DW1000.o
                0x20000830                resp_rx_ts
 .bss.final_tx_ts
                0x20000838        0x8 ./Drivers/DW1000/DW1000.o
                0x20000838                final_tx_ts
 .bss.frame_seq_nb
                0x20000840        0x1 ./Drivers/DW1000/DW1000.o
                0x20000840                frame_seq_nb
 *fill*         0x20000841        0x3 
 .bss.uwTick    0x20000844        0x4 ./Drivers/STM32WB0x_HAL_Driver/Src/stm32wb0x_hal.o
                0x20000844                uwTick
 .bss.globalParameters
                0x20000848        0xc ./Drivers/STM32WB0x_HAL_Driver/Src/stm32wb0x_hal_radio.o
                0x20000848                globalParameters
 .bss.aPacket   0x20000854       0x80 ./Drivers/STM32WB0x_HAL_Driver/Src/stm32wb0x_hal_radio.o
 .bss.hot_table_radio_config_u32
                0x200008d4       0x30 ./Drivers/STM32WB0x_HAL_Driver/Src/stm32wb0x_hal_radio.o
                0x200008d4                hot_table_radio_config_u32
 *fill*         0x20000904        0x4 
 .bss.RADIO_TIMER_Context
                0x20000908       0xa0 ./Drivers/STM32WB0x_HAL_Driver/Src/stm32wb0x_hal_radio_timer.o
 .bss.__sf      0x200009a8      0x138 C:/ST/STM32CubeIDE_1.16.0/STM32CubeIDE/plugins/com.st.stm32cube.ide.mcu.externaltools.gnu-tools-for-stm32.12.3.rel1.win32_1.1.0.202410251130/tools/bin/../lib/gcc/arm-none-eabi/12.3.1/../../../../arm-none-eabi/lib/thumb/v6-m/nofp\libc_nano.a(libc_a-findfp.o)
                0x200009a8                __sf
 .bss.__stdio_exit_handler
                0x20000ae0        0x4 C:/ST/STM32CubeIDE_1.16.0/STM32CubeIDE/plugins/com.st.stm32cube.ide.mcu.externaltools.gnu-tools-for-stm32.12.3.rel1.win32_1.1.0.202410251130/tools/bin/../lib/gcc/arm-none-eabi/12.3.1/../../../../arm-none-eabi/lib/thumb/v6-m/nofp\libc_nano.a(libc_a-findfp.o)
                0x20000ae0                __stdio_exit_handler
 .bss.errno     0x20000ae4        0x4 C:/ST/STM32CubeIDE_1.16.0/STM32CubeIDE/plugins/com.st.stm32cube.ide.mcu.externaltools.gnu-tools-for-stm32.12.3.rel1.win32_1.1.0.202410251130/tools/bin/../lib/gcc/arm-none-eabi/12.3.1/../../../../arm-none-eabi/lib/thumb/v6-m/nofp\libc_nano.a(libc_a-reent.o)
                0x20000ae4                errno
 .bss.__lock___malloc_recursive_mutex
                0x20000ae8        0x1 C:/ST/STM32CubeIDE_1.16.0/STM32CubeIDE/plugins/com.st.stm32cube.ide.mcu.externaltools.gnu-tools-for-stm32.12.3.rel1.win32_1.1.0.202410251130/tools/bin/../lib/gcc/arm-none-eabi/12.3.1/../../../../arm-none-eabi/lib/thumb/v6-m/nofp\libc_nano.a(libc_a-lock.o)
                0x20000ae8                __lock___malloc_recursive_mutex
 .bss.__lock___sfp_recursive_mutex
                0x20000ae9        0x1 C:/ST/STM32CubeIDE_1.16.0/STM32CubeIDE/plugins/com.st.stm32cube.ide.mcu.externaltools.gnu-tools-for-stm32.12.3.rel1.win32_1.1.0.202410251130/tools/bin/../lib/gcc/arm-none-eabi/12.3.1/../../../../arm-none-eabi/lib/thumb/v6-m/nofp\libc_nano.a(libc_a-lock.o)
                0x20000ae9                __lock___sfp_recursive_mutex
 *fill*         0x20000aea        0x2 
 .bss.__malloc_sbrk_start
                0x20000aec        0x4 C:/ST/STM32CubeIDE_1.16.0/STM32CubeIDE/plugins/com.st.stm32cube.ide.mcu.externaltools.gnu-tools-for-stm32.12.3.rel1.win32_1.1.0.202410251130/tools/bin/../lib/gcc/arm-none-eabi/12.3.1/../../../../arm-none-eabi/lib/thumb/v6-m/nofp\libc_nano.a(libc_a-mallocr.o)
                0x20000aec                __malloc_sbrk_start
 .bss.__malloc_free_list
                0x20000af0        0x4 C:/ST/STM32CubeIDE_1.16.0/STM32CubeIDE/plugins/com.st.stm32cube.ide.mcu.externaltools.gnu-tools-for-stm32.12.3.rel1.win32_1.1.0.202410251130/tools/bin/../lib/gcc/arm-none-eabi/12.3.1/../../../../arm-none-eabi/lib/thumb/v6-m/nofp\libc_nano.a(libc_a-mallocr.o)
                0x20000af0                __malloc_free_list
 *(COMMON)
                0x20000af4                        . = ALIGN (0x4)
                0x20000af4                        _ebss = .

.data           0x20000af4      0x234 load address 0x1004c2b8
                0x20000af4                        . = ALIGN (0x4)
                0x20000af4                        _sdata = .
 *(.data)
 *(.data*)
 .data.dw1000   0x20000af4       0x14 ./Core/Src/main.o
                0x20000af4                dw1000
 .data.SystemCoreClock
                0x20000b08        0x4 ./Core/Src/system_stm32wb0x.o
                0x20000b08                SystemCoreClock
 .data.dw1000_cfg
                0x20000b0c        0xc ./Drivers/DW1000/DW1000.o
                0x20000b0c                dw1000_cfg
 .data.tx_poll_msg
                0x20000b18        0xd ./Drivers/DW1000/DW1000.o
                0x20000b18                tx_poll_msg
 *fill*         0x20000b25        0x3 
 .data.rx_resp_msg
                0x20000b28       0x10 ./Drivers/DW1000/DW1000.o
                0x20000b28                rx_resp_msg
 .data.tx_final_msg
                0x20000b38       0x19 ./Drivers/DW1000/DW1000.o