Archive member included to satisfy reference by file (symbol)

C:/ST/STM32CubeIDE_1.16.0/STM32CubeIDE/plugins/com.st.stm32cube.ide.mcu.externaltools.gnu-tools-for-stm32.12.3.rel1.win32_1.1.0.202410251130/tools/bin/../lib/gcc/arm-none-eabi/12.3.1/../../../../arm-none-eabi/lib/thumb/v6-m/nofp\libc_nano.a(libc_a-exit.o)
                              C:/ST/STM32CubeIDE_1.16.0/STM32CubeIDE/plugins/com.st.stm32cube.ide.mcu.externaltools.gnu-tools-for-stm32.12.3.rel1.win32_1.1.0.202410251130/tools/bin/../lib/gcc/arm-none-eabi/12.3.1/../../../../arm-none-eabi/lib/thumb/v6-m/nofp/crt0.o (exit)
C:/ST/STM32CubeIDE_1.16.0/STM32CubeIDE/plugins/com.st.stm32cube.ide.mcu.externaltools.gnu-tools-for-stm32.12.3.rel1.win32_1.1.0.202410251130/tools/bin/../lib/gcc/arm-none-eabi/12.3.1/../../../../arm-none-eabi/lib/thumb/v6-m/nofp\libc_nano.a(libc_a-nano-vfprintf_float.o)
                              (_printf_float)
C:/ST/STM32CubeIDE_1.16.0/STM32CubeIDE/plugins/com.st.stm32cube.ide.mcu.externaltools.gnu-tools-for-stm32.12.3.rel1.win32_1.1.0.202410251130/tools/bin/../lib/gcc/arm-none-eabi/12.3.1/../../../../arm-none-eabi/lib/thumb/v6-m/nofp\libc_nano.a(libc_a-nano-vfprintf_i.o)
                              C:/ST/STM32CubeIDE_1.16.0/STM32CubeIDE/plugins/com.st.stm32cube.ide.mcu.externaltools.gnu-tools-for-stm32.12.3.rel1.win32_1.1.0.202410251130/tools/bin/../lib/gcc/arm-none-eabi/12.3.1/../../../../arm-none-eabi/lib/thumb/v6-m/nofp\libc_nano.a(libc_a-nano-vfprintf_float.o) (_printf_common)
C:/ST/STM32CubeIDE_1.16.0/STM32CubeIDE/plugins/com.st.stm32cube.ide.mcu.externaltools.gnu-tools-for-stm32.12.3.rel1.win32_1.1.0.202410251130/tools/bin/../lib/gcc/arm-none-eabi/12.3.1/../../../../arm-none-eabi/lib/thumb/v6-m/nofp\libc_nano.a(libc_a-findfp.o)
                              C:/ST/STM32CubeIDE_1.16.0/STM32CubeIDE/plugins/com.st.stm32cube.ide.mcu.externaltools.gnu-tools-for-stm32.12.3.rel1.win32_1.1.0.202410251130/tools/bin/../lib/gcc/arm-none-eabi/12.3.1/../../../../arm-none-eabi/lib/thumb/v6-m/nofp\libc_nano.a(libc_a-exit.o) (__stdio_exit_handler)
C:/ST/STM32CubeIDE_1.16.0/STM32CubeIDE/plugins/com.st.stm32cube.ide.mcu.externaltools.gnu-tools-for-stm32.12.3.rel1.win32_1.1.0.202410251130/tools/bin/../lib/gcc/arm-none-eabi/12.3.1/../../../../arm-none-eabi/lib/thumb/v6-m/nofp\libc_nano.a(libc_a-fwalk.o)
                              C:/ST/STM32CubeIDE_1.16.0/STM32CubeIDE/plugins/com.st.stm32cube.ide.mcu.externaltools.gnu-tools-for-stm32.12.3.rel1.win32_1.1.0.202410251130/tools/bin/../lib/gcc/arm-none-eabi/12.3.1/../../../../arm-none-eabi/lib/thumb/v6-m/nofp\libc_nano.a(libc_a-findfp.o) (_fwalk_sglue)
C:/ST/STM32CubeIDE_1.16.0/STM32CubeIDE/plugins/com.st.stm32cube.ide.mcu.externaltools.gnu-tools-for-stm32.12.3.rel1.win32_1.1.0.202410251130/tools/bin/../lib/gcc/arm-none-eabi/12.3.1/../../../../arm-none-eabi/lib/thumb/v6-m/nofp\libc_nano.a(libc_a-stdio.o)
                              C:/ST/STM32CubeIDE_1.16.0/STM32CubeIDE/plugins/com.st.stm32cube.ide.mcu.externaltools.gnu-tools-for-stm32.12.3.rel1.win32_1.1.0.202410251130/tools/bin/../lib/gcc/arm-none-eabi/12.3.1/../../../../arm-none-eabi/lib/thumb/v6-m/nofp\libc_nano.a(libc_a-findfp.o) (__sread)
C:/ST/STM32CubeIDE_1.16.0/STM32CubeIDE/plugins/com.st.stm32cube.ide.mcu.externaltools.gnu-tools-for-stm32.12.3.rel1.win32_1.1.0.202410251130/tools/bin/../lib/gcc/arm-none-eabi/12.3.1/../../../../arm-none-eabi/lib/thumb/v6-m/nofp\libc_nano.a(libc_a-memcmp.o)
                              ./Core/Inc/DW1000.o (memcmp)
C:/ST/STM32CubeIDE_1.16.0/STM32CubeIDE/plugins/com.st.stm32cube.ide.mcu.externaltools.gnu-tools-for-stm32.12.3.rel1.win32_1.1.0.202410251130/tools/bin/../lib/gcc/arm-none-eabi/12.3.1/../../../../arm-none-eabi/lib/thumb/v6-m/nofp\libc_nano.a(libc_a-memset.o)
                              C:/ST/STM32CubeIDE_1.16.0/STM32CubeIDE/plugins/com.st.stm32cube.ide.mcu.externaltools.gnu-tools-for-stm32.12.3.rel1.win32_1.1.0.202410251130/tools/bin/../lib/gcc/arm-none-eabi/12.3.1/../../../../arm-none-eabi/lib/thumb/v6-m/nofp/crt0.o (memset)
C:/ST/STM32CubeIDE_1.16.0/STM32CubeIDE/plugins/com.st.stm32cube.ide.mcu.externaltools.gnu-tools-for-stm32.12.3.rel1.win32_1.1.0.202410251130/tools/bin/../lib/gcc/arm-none-eabi/12.3.1/../../../../arm-none-eabi/lib/thumb/v6-m/nofp\libc_nano.a(libc_a-localeconv.o)
                              C:/ST/STM32CubeIDE_1.16.0/STM32CubeIDE/plugins/com.st.stm32cube.ide.mcu.externaltools.gnu-tools-for-stm32.12.3.rel1.win32_1.1.0.202410251130/tools/bin/../lib/gcc/arm-none-eabi/12.3.1/../../../../arm-none-eabi/lib/thumb/v6-m/nofp\libc_nano.a(libc_a-nano-vfprintf_float.o) (_localeconv_r)
C:/ST/STM32CubeIDE_1.16.0/STM32CubeIDE/plugins/com.st.stm32cube.ide.mcu.externaltools.gnu-tools-for-stm32.12.3.rel1.win32_1.1.0.202410251130/tools/bin/../lib/gcc/arm-none-eabi/12.3.1/../../../../arm-none-eabi/lib/thumb/v6-m/nofp\libc_nano.a(libc_a-closer.o)
[...]
Memory Configuration

Name             Origin             Length             Attributes
RAM              0x20000000         0x00010000         xrw
FLASH            0x10040000         0x0003f000         xr
REGION_NVM       0x1007f000         0x00001000         xr
REGION_ROM       0x10000000         0x00001800         xr
*default*        0x00000000         0xffffffff

Linker script and memory map

LOAD C:/ST/STM32CubeIDE_1.16.0/STM32CubeIDE/plugins/com.st.stm32cube.ide.mcu.externaltools.gnu-tools-for-stm32.12.3.rel1.win32_1.1.0.202410251130/tools/bin/../lib/gcc/arm-none-eabi/12.3.1/thumb/v6-m/nofp/crti.o
LOAD C:/ST/STM32CubeIDE_1.16.0/STM32CubeIDE/plugins/com.st.stm32cube.ide.mcu.externaltools.gnu-tools-for-stm32.12.3.rel1.win32_1.1.0.202410251130/tools/bin/../lib/gcc/arm-none-eabi/12.3.1/thumb/v6-m/nofp/crtbegin.o
LOAD C:/ST/STM32CubeIDE_1.16.0/STM32CubeIDE/plugins/com.st.stm32cube.ide.mcu.externaltools.gnu-tools-for-stm32.12.3.rel1.win32_1.1.0.202410251130/tools/bin/../lib/gcc/arm-none-eabi/12.3.1/../../../../arm-none-eabi/lib/thumb/v6-m/nofp/crt0.o
LOAD ./Core/Inc/DW1000.o
LOAD ./Core/Inc/SPI.o
LOAD ./Core/Src/blue_unit_conversion.o
LOAD ./Core/Src/main.o
LOAD ./Core/Src/stm32wb0x_hal_msp.o
LOAD ./Core/Src/stm32wb0x_it.o
LOAD ./Core/Src/syscalls.o
LOAD ./Core/Src/sysmem.o
LOAD ./Core/Src/system_stm32wb0x.o
LOAD ./Core/Startup/startup_stm32wb07ccvx.o
LOAD ./Drivers/STM32WB0x_HAL_Driver/Src/stm32wb0x_hal.o
LOAD ./Drivers/STM32WB0x_HAL_Driver/Src/stm32wb0x_hal_cortex.o
LOAD ./Drivers/STM32WB0x_HAL_Driver/Src/stm32wb0x_hal_dma.o
LOAD ./Drivers/STM32WB0x_HAL_Driver/Src/stm32wb0x_hal_flash.o
LOAD ./Drivers/STM32WB0x_HAL_Driver/Src/stm32wb0x_hal_flash_ex.o
LOAD ./Drivers/STM32WB0x_HAL_Driver/Src/stm32wb0x_hal_gpio.o
LOAD ./Drivers/STM32WB0x_HAL_Driver/Src/stm32wb0x_hal_pwr.o
LOAD ./Drivers/STM32WB0x_HAL_Driver/Src/stm32wb0x_hal_pwr_ex.o
LOAD ./Drivers/STM32WB0x_HAL_Driver/Src/stm32wb0x_hal_radio.o
LOAD ./Drivers/STM32WB0x_HAL_Driver/Src/stm32wb0x_hal_radio_timer.o
LOAD ./Drivers/STM32WB0x_HAL_Driver/Src/stm32wb0x_hal_rcc.o
LOAD ./Drivers/STM32WB0x_HAL_Driver/Src/stm32wb0x_hal_rcc_ex.o
LOAD ./Drivers/STM32WB0x_HAL_Driver/Src/stm32wb0x_hal_spi.o
LOAD ./Drivers/STM32WB0x_HAL_Driver/Src/stm32wb0x_hal_spi_ex.o
START GROUP
LOAD C:/ST/STM32CubeIDE_1.16.0/STM32CubeIDE/plugins/com.st.stm32cube.ide.mcu.externaltools.gnu-tools-for-stm32.12.3.rel1.win32_1.1.0.202410251130/tools/bin/../lib/gcc/arm-none-eabi/12.3.1/../../../../arm-none-eabi/lib/thumb/v6-m/nofp\libc_nano.a
LOAD C:/ST/STM32CubeIDE_1.16.0/STM32CubeIDE/plugins/com.st.stm32cube.ide.mcu.externaltools.gnu-tools-for-stm32.12.3.rel1.win32_1.1.0.202410251130/tools/bin/../lib/gcc/arm-none-eabi/12.3.1/../../../../arm-none-eabi/lib/thumb/v6-m/nofp\libm.a
END GROUP
START GROUP
LOAD C:/ST/STM32CubeIDE_1.16.0/STM32CubeIDE/plugins/com.st.stm32cube.ide.mcu.externaltools.gnu-tools-for-stm32.12.3.rel1.win32_1.1.0.202410251130/tools/bin/../lib/gcc/arm-none-eabi/12.3.1/thumb/v6-m/nofp\libgcc.a
LOAD C:/ST/STM32CubeIDE_1.16.0/STM32CubeIDE/plugins/com.st.stm32cube.ide.mcu.externaltools.gnu-tools-for-stm32.12.3.rel1.win32_1.1.0.202410251130/tools/bin/../lib/gcc/arm-none-eabi/12.3.1/../../../../arm-none-eabi/lib/thumb/v6-m/nofp\libc_nano.a
END GROUP
START GROUP
LOAD C:/ST/STM32CubeIDE_1.16.0/STM32CubeIDE/plugins/com.st.stm32cube.ide.mcu.externaltools.gnu-tools-for-stm32.12.3.rel1.win32_1.1.0.202410251130/tools/bin/../lib/gcc/arm-none-eabi/12.3.1/thumb/v6-m/nofp\libgcc.a
LOAD C:/ST/STM32CubeIDE_1.16.0/STM32CubeIDE/plugins/com.st.stm32cube.ide.mcu.externaltools.gnu-tools-for-stm32.12.3.rel1.win32_1.1.0.202410251130/tools/bin/../lib/gcc/arm-none-eabi/12.3.1/../../../../arm-none-eabi/lib/thumb/v6-m/nofp\libc_nano.a
LOAD C:/ST/STM32CubeIDE_1.16.0/STM32CubeIDE/plugins/com.st.stm32cube.ide.mcu.externaltools.gnu-tools-for-stm32.12.3.rel1.win32_1.1.0.202410251130/tools/bin/../lib/gcc/arm-none-eabi/12.3.1/../../../../arm-none-eabi/lib/thumb/v6-m/nofp\libnosys.a
END GROUP
START GROUP
LOAD C:/ST/STM32CubeIDE_1.16.0/STM32CubeIDE/plugins/com.st.stm32cube.ide.mcu.externaltools.gnu-tools-for-stm32.12.3.rel1.win32_1.1.0.202410251130/tools/bin/../lib/gcc/arm-none-eabi/12.3.1/thumb/v6-m/nofp\libgcc.a
LOAD C:/ST/STM32CubeIDE_1.16.0/STM32CubeIDE/plugins/com.st.stm32cube.ide.mcu.externaltools.gnu-tools-for-stm32.12.3.rel1.win32_1.1.0.202410251130/tools/bin/../lib/gcc/arm-none-eabi/12.3.1/../../../../arm-none-eabi/lib/thumb/v6-m/nofp\libc_nano.a
LOAD C:/ST/STM32CubeIDE_1.16.0/STM32CubeIDE/plugins/com.st.stm32cube.ide.mcu.externaltools.gnu-tools-for-stm32.12.3.rel1.win32_1.1.0.202410251130/tools/bin/../lib/gcc/arm-none-eabi/12.3.1/../../../../arm-none-eabi/lib/thumb/v6-m/nofp\libnosys.a
END GROUP
LOAD C:/ST/STM32CubeIDE_1.16.0/STM32CubeIDE/plugins/com.st.stm32cube.ide.mcu.externaltools.gnu-tools-for-stm32.12.3.rel1.win32_1.1.0.202410251130/tools/bin/../lib/gcc/arm-none-eabi/12.3.1/thumb/v6-m/nofp/crtend.o
LOAD C:/ST/STM32CubeIDE_1.16.0/STM32CubeIDE/plugins/com.st.stm32cube.ide.mcu.externaltools.gnu-tools-for-stm32.12.3.rel1.win32_1.1.0.202410251130/tools/bin/../lib/gcc/arm-none-eabi/12.3.1/thumb/v6-m/nofp/crtn.o
                0x20000000                        _MEMORY_RAM_BEGIN_ = 0x20000000
                0x00010000                        _MEMORY_RAM_SIZE_ = 0x10000
                0x2000ffff                        _MEMORY_RAM_END_ = 0x2000ffff
                0x10040000                        _MEMORY_FLASH_BEGIN_ = 0x10040000
                0x00040000                        _MEMORY_FLASH_SIZE_ = 0x40000
                0x1007ffff                        _MEMORY_FLASH_END_ = 0x1007ffff
                0x10000000                        _MEMORY_ROM_BEGIN_ = 0x10000000
                0x00001800                        _MEMORY_ROM_SIZE_ = 0x1800
                0x100017ff                        _MEMORY_ROM_END_ = 0x100017ff
                0x00001000                        FLASH_NVM_DATASIZE = 0x1000
                0x00000000                        MEMORY_FLASH_APP_OFFSET = DEFINED (MEMORY_FLASH_APP_OFFSET)?MEMORY_FLASH_APP_OFFSET:0x0
                0x0003f000                        MEMORY_FLASH_APP_SIZE = DEFINED (MEMORY_FLASH_APP_SIZE)?MEMORY_FLASH_APP_SIZE:((_MEMORY_FLASH_SIZE_ - FLASH_NVM_DATASIZE) - MEMORY_FLASH_APP_OFFSET)
                0x00000000                        _Min_Heap_Size = 0x0
                0x00000c00                        _Min_Stack_Size = 0xc00

.intvec         0x10040000       0xc0
                0x10040000                        . = ALIGN (0x4)
 *(.intvec)
 .intvec        0x10040000       0xc0 ./Core/Startup/startup_stm32wb07ccvx.o
                0x10040000                __vector_table
                0x100400c0                        . = ALIGN (0x4)

.text           0x100400c0     0xb264
                0x100400c0                        . = ALIGN (0x4)
 *(TAG_OTA_START)
 *(.cmd_call_table)
 *(.text)
 .text          0x100400c0       0x44 ./Core/Src/blue_unit_conversion.o
                0x100400c0                blue_unit_conversion
 .text          0x10040104        0xe C:/ST/STM32CubeIDE_1.16.0/STM32CubeIDE/plugins/com.st.stm32cube.ide.mcu.externaltools.gnu-tools-for-stm32.12.3.rel1.win32_1.1.0.202410251130/tools/bin/../lib/gcc/arm-none-eabi/12.3.1/../../../../arm-none-eabi/lib/thumb/v6-m/nofp\libc_nano.a(libc_a-strlen.o)
                0x10040104                strlen
 *fill*         0x10040112        0x2 
 .text          0x10040114       0x14 C:/ST/STM32CubeIDE_1.16.0/STM32CubeIDE/plugins/com.st.stm32cube.ide.mcu.externaltools.gnu-tools-for-stm32.12.3.rel1.win32_1.1.0.202410251130/tools/bin/../lib/gcc/arm-none-eabi/12.3.1/thumb/v6-m/nofp\libgcc.a(_thumb1_case_uqi.o)
                0x10040114                __gnu_thumb1_case_uqi
 .text          0x10040128       0x14 C:/ST/STM32CubeIDE_1.16.0/STM32CubeIDE/plugins/com.st.stm32cube.ide.mcu.externaltools.gnu-tools-for-stm32.12.3.rel1.win32_1.1.0.202410251130/tools/bin/../lib/gcc/arm-none-eabi/12.3.1/thumb/v6-m/nofp\libgcc.a(_thumb1_case_shi.o)
                0x10040128                __gnu_thumb1_case_shi
 .text          0x1004013c      0x114 C:/ST/STM32CubeIDE_1.16.0/STM32CubeIDE/plugins/com.st.stm32cube.ide.mcu.externaltools.gnu-tools-for-stm32.12.3.rel1.win32_1.1.0.202410251130/tools/bin/../lib/gcc/arm-none-eabi/12.3.1/thumb/v6-m/nofp\libgcc.a(_udivsi3.o)
                0x1004013c                __aeabi_uidiv
                0x1004013c                __udivsi3
                0x10040248                __aeabi_uidivmod
 .text          0x10040250      0x1d4 C:/ST/STM32CubeIDE_1.16.0/STM32CubeIDE/plugins/com.st.stm32cube.ide.mcu.externaltools.gnu-tools-for-stm32.12.3.rel1.win32_1.1.0.202410251130/tools/bin/../lib/gcc/arm-none-eabi/12.3.1/thumb/v6-m/nofp\libgcc.a(_divsi3.o)
                0x10040250                __divsi3
                0x10040250                __aeabi_idiv
                0x1004041c                __aeabi_idivmod
 .text          0x10040424        0x4 C:/ST/STM32CubeIDE_1.16.0/STM32CubeIDE/plugins/com.st.stm32cube.ide.mcu.externaltools.gnu-tools-for-stm32.12.3.rel1.win32_1.1.0.202410251130/tools/bin/../lib/gcc/arm-none-eabi/12.3.1/thumb/v6-m/nofp\libgcc.a(_dvmd_tls.o)
                0x10040424                __aeabi_idiv0
                0x10040424                __aeabi_ldiv0
 .text          0x10040428       0x7c C:/ST/STM32CubeIDE_1.16.0/STM32CubeIDE/plugins/com.st.stm32cube.ide.mcu.externaltools.gnu-tools-for-stm32.12.3.rel1.win32_1.1.0.202410251130/tools/bin/../lib/gcc/arm-none-eabi/12.3.1/thumb/v6-m/nofp\libgcc.a(_arm_cmpdf2.o)
                0x10040428                __aeabi_cdrcmple
                0x10040438                __aeabi_cdcmple
                0x10040438                __aeabi_cdcmpeq
                0x10040448                __aeabi_dcmpeq
                0x10040454                __aeabi_dcmplt
                0x10040468                __aeabi_dcmple
                0x1004047c                __aeabi_dcmpgt
                0x10040490                __aeabi_dcmpge
 .text          0x100404a4       0x5c C:/ST/STM32CubeIDE_1.16.0/STM32CubeIDE/plugins/com.st.stm32cube.ide.mcu.externaltools.gnu-tools-for-stm32.12.3.rel1.win32_1.1.0.202410251130/tools/bin/../lib/gcc/arm-none-eabi/12.3.1/thumb/v6-m/nofp\libgcc.a(_muldi3.o)
                0x100404a4                __muldi3
                0x100404a4                __aeabi_lmul
 .text          0x10040500       0x3c C:/ST/STM32CubeIDE_1.16.0/STM32CubeIDE/plugins/com.st.stm32cube.ide.mcu.externaltools.gnu-tools-for-stm32.12.3.rel1.win32_1.1.0.202410251130/tools/bin/../lib/gcc/arm-none-eabi/12.3.1/thumb/v6-m/nofp\libgcc.a(_fixunsdfsi.o)
                0x10040500                __aeabi_d2uiz
                0x10040500                __fixunsdfsi
 .text          0x1004053c      0x6c8 C:/ST/STM32CubeIDE_1.16.0/STM32CubeIDE/plugins/com.st.stm32cube.ide.mcu.externaltools.gnu-tools-for-stm32.12.3.rel1.win32_1.1.0.202410251130/tools/bin/../lib/gcc/arm-none-eabi/12.3.1/thumb/v6-m/nofp\libgcc.a(adddf3.o)
                0x1004053c                __aeabi_dadd
 .text          0x10040c04      0x634 C:/ST/STM32CubeIDE_1.16.0/STM32CubeIDE/plugins/com.st.stm32cube.ide.mcu.externaltools.gnu-tools-for-stm32.12.3.rel1.win32_1.1.0.202410251130/tools/bin/../lib/gcc/arm-none-eabi/12.3.1/thumb/v6-m/nofp\libgcc.a(divdf3.o)
                0x10040c04                __aeabi_ddiv
 .text          0x10041238       0x88 C:/ST/STM32CubeIDE_1.16.0/STM32CubeIDE/plugins/com.st.stm32cube.ide.mcu.externaltools.gnu-tools-for-stm32.12.3.rel1.win32_1.1.0.202410251130/tools/bin/../lib/gcc/arm-none-eabi/12.3.1/thumb/v6-m/nofp\libgcc.a(eqdf2.o)
                0x10041238                __nedf2
                0x10041238                __eqdf2
 .text          0x100412c0       0xe8 C:/ST/STM32CubeIDE_1.16.0/STM32CubeIDE/plugins/com.st.stm32cube.ide.mcu.externaltools.gnu-tools-for-stm32.12.3.rel1.win32_1.1.0.202410251130/tools/bin/../lib/gcc/arm-none-eabi/12.3.1/thumb/v6-m/nofp\libgcc.a(gedf2.o)
                0x100412c0                __gedf2
                0x100412c0                __gtdf2
 .text          0x100413a8       0xe4 C:/ST/STM32CubeIDE_1.16.0/STM32CubeIDE/plugins/com.st.stm32cube.ide.mcu.externaltools.gnu-tools-for-stm32.12.3.rel1.win32_1.1.0.202410251130/tools/bin/../lib/gcc/arm-none-eabi/12.3.1/thumb/v6-m/nofp\libgcc.a(ledf2.o)
                0x100413a8                __ledf2
                0x100413a8                __ltdf2
 .text          0x1004148c      0x590 C:/ST/STM32CubeIDE_1.16.0/STM32CubeIDE/plugins/com.st.stm32cube.ide.mcu.externaltools.gnu-tools-for-stm32.12.3.rel1.win32_1.1.0.202410251130/tools/bin/../lib/gcc/arm-none-eabi/12.3.1/thumb/v6-m/nofp\libgcc.a(muldf3.o)
                0x1004148c                __aeabi_dmul
 .text          0x10041a1c      0x738 C:/ST/STM32CubeIDE_1.16.0/STM32CubeIDE/plugins/com.st.stm32cube.ide.mcu.externaltools.gnu-tools-for-stm32.12.3.rel1.win32_1.1.0.202410251130/tools/bin/../lib/gcc/arm-none-eabi/12.3.1/thumb/v6-m/nofp\libgcc.a(subdf3.o)
                0x10041a1c                __aeabi_dsub
 .text          0x10042154       0x44 C:/ST/STM32CubeIDE_1.16.0/STM32CubeIDE/plugins/com.st.stm32cube.ide.mcu.externaltools.gnu-tools-for-stm32.12.3.rel1.win32_1.1.0.202410251130/tools/bin/../lib/gcc/arm-none-eabi/12.3.1/thumb/v6-m/nofp\libgcc.a(unorddf2.o)
                0x10042154                __aeabi_dcmpun
 .text          0x10042198       0x78 C:/ST/STM32CubeIDE_1.16.0/STM32CubeIDE/plugins/com.st.stm32cube.ide.mcu.externaltools.gnu-tools-for-stm32.12.3.rel1.win32_1.1.0.202410251130/tools/bin/../lib/gcc/arm-none-eabi/12.3.1/thumb/v6-m/nofp\libgcc.a(fixdfsi.o)
                0x10042198                __aeabi_d2iz
 .text          0x10042210       0x5c C:/ST/STM32CubeIDE_1.16.0/STM32CubeIDE/plugins/com.st.stm32cube.ide.mcu.externaltools.gnu-tools-for-stm32.12.3.rel1.win32_1.1.0.202410251130/tools/bin/../lib/gcc/arm-none-eabi/12.3.1/thumb/v6-m/nofp\libgcc.a(floatsidf.o)
                0x10042210                __aeabi_i2d
 .text          0x1004226c       0x48 C:/ST/STM32CubeIDE_1.16.0/STM32CubeIDE/plugins/com.st.stm32cube.ide.mcu.externaltools.gnu-tools-for-stm32.12.3.rel1.win32_1.1.0.202410251130/tools/bin/../lib/gcc/arm-none-eabi/12.3.1/thumb/v6-m/nofp\libgcc.a(floatunsidf.o)
                0x1004226c                __aeabi_ui2d
 .text          0x100422b4       0x3c C:/ST/STM32CubeIDE_1.16.0/STM32CubeIDE/plugins/com.st.stm32cube.ide.mcu.externaltools.gnu-tools-for-stm32.12.3.rel1.win32_1.1.0.202410251130/tools/bin/../lib/gcc/arm-none-eabi/12.3.1/thumb/v6-m/nofp\libgcc.a(_clzsi2.o)
                0x100422b4                __clzsi2
 *(.text*)
 .text.DW1000_read_reg
                0x100422f0       0xc4 ./Core/Inc/DW1000.o
 .text.DW1000_write_reg
                0x100423b4       0xc0 ./Core/Inc/DW1000.o
 .text.DW1000_init
                0x10042474      0x2c0 ./Core/Inc/DW1000.o
                0x10042474                DW1000_init
 .text.DW1000_config
                0x10042734      0x3f4 ./Core/Inc/DW1000.o
                0x10042734                DW1000_config
 .text.get_tx_timestamp_u64
                0x10042b28       0xaa ./Core/Inc/DW1000.o
 .text.get_rx_timestamp_u64
                0x10042bd2       0xaa ./Core/Inc/DW1000.o
 .text.final_msg_set_ts
                0x10042c7c       0x64 ./Core/Inc/DW1000.o
 .text.DW1000_initiator
                0x10042ce0      0x31c ./Core/Inc/DW1000.o
                0x10042ce0                DW1000_initiator
 .text.SPI_write8
                0x10042ffc       0xf8 ./Core/Inc/SPI.o
                0x10042ffc                SPI_write8
 .text.SPI_read8
                0x100430f4      0x164 ./Core/Inc/SPI.o
                0x100430f4                SPI_read8
 .text.LL_PWR_EnableGPIOPullUp
                0x10043258       0x30 ./Core/Src/main.o
 .text.LL_PWR_SetNoPullA
                0x10043288       0x30 ./Core/Src/main.o
 .text.LL_PWR_SetNoPullB
                0x100432b8       0x30 ./Core/Src/main.o
 .text.LL_RADIO_TIMER_GetAbsoluteTime
                0x100432e8       0x14 ./Core/Src/main.o
 .text.LL_AHB1_GRP1_EnableClock
                0x100432fc       0x2c ./Core/Src/main.o
 .text.LL_APB2_GRP1_EnableClock
                0x10043328       0x2c ./Core/Src/main.o
 .text.LL_APB2_GRP1_IsEnabledClock
                0x10043354       0x28 ./Core/Src/main.o
 .text.LL_APB2_GRP1_ForceReset
                0x1004337c       0x20 ./Core/Src/main.o
 .text.LL_APB2_GRP1_ReleaseReset
                0x1004339c       0x24 ./Core/Src/main.o
 .text.main     0x100433c0      0x380 ./Core/Src/main.o
                0x100433c0                main
 .text.SystemClock_Config
                0x10043740       0x6e ./Core/Src/main.o
                0x10043740                SystemClock_Config
 .text.PeriphCommonClock_Config
                0x100437ae       0x3a ./Core/Src/main.o
                0x100437ae                PeriphCommonClock_Config
 .text.MX_RADIO_Init
                0x100437e8       0x20 ./Core/Src/main.o
 .text.MX_RADIO_TIMER_Init
                0x10043808       0x68 ./Core/Src/main.o
 .text.MX_SPI1_Init
                0x10043870       0x7c ./Core/Src/main.o
 .text.MX_SPI2_Init
                0x100438ec       0x7c ./Core/Src/main.o
 .text.MX_GPIO_Init
                0x10043968      0x114 ./Core/Src/main.o
 .text.split_from_uint64
                0x10043a7c       0x76 ./Core/Src/main.o
                0x10043a7c                split_from_uint64
 .text.combine_to_uint64
                0x10043af2       0xc0 ./Core/Src/main.o
                0x10043af2                combine_to_uint64
 *fill*         0x10043bb2        0x2 
 .text.HAL_RADIO_CallbackRcvOk
                0x10043bb4      0x1f0 ./Core/Src/main.o
                0x10043bb4                HAL_RADIO_CallbackRcvOk
 .text.HAL_GPIO_EXTI_Callback
                0x10043da4       0x20 ./Core/Src/main.o
                0x10043da4                HAL_GPIO_EXTI_Callback
 .text.Error_Handler
                0x10043dc4        0xc ./Core/Src/main.o
                0x10043dc4                Error_Handler
 .text.LL_PWR_SetNoPullA
                0x10043dd0       0x30 ./Core/Src/stm32wb0x_hal_msp.o
 .text.LL_AHB1_GRP1_EnableClock
                0x10043e00       0x2c ./Core/Src/stm32wb0x_hal_msp.o
 .text.LL_APB0_GRP1_EnableClock
                0x10043e2c       0x2c ./Core/Src/stm32wb0x_hal_msp.o
 .text.LL_APB1_GRP1_EnableClock
                0x10043e58       0x2c ./Core/Src/stm32wb0x_hal_msp.o
 .text.LL_APB2_GRP1_EnableClock
                0x10043e84       0x2c ./Core/Src/stm32wb0x_hal_msp.o
 .text.LL_APB2_GRP1_IsEnabledClock
                0x10043eb0       0x28 ./Core/Src/stm32wb0x_hal_msp.o
 .text.LL_APB2_GRP1_ForceReset
                0x10043ed8       0x20 ./Core/Src/stm32wb0x_hal_msp.o
 .text.LL_APB2_GRP1_ReleaseReset
                0x10043ef8       0x24 ./Core/Src/stm32wb0x_hal_msp.o
 .text.HAL_MspInit
                0x10043f1c       0x14 ./Core/Src/stm32wb0x_hal_msp.o
                0x10043f1c                HAL_MspInit
 .text.HAL_RADIO_MspInit
                0x10043f30       0x84 ./Core/Src/stm32wb0x_hal_msp.o
                0x10043f30                HAL_RADIO_MspInit
 .text.HAL_SPI_MspInit
                0x10043fb4       0xc8 ./Core/Src/stm32wb0x_hal_msp.o
                0x10043fb4                HAL_SPI_MspInit
 .text.NMI_Handler
                0x1004407c        0x8 ./Core/Src/stm32wb0x_it.o
                0x1004407c                NMI_Handler
 .text.HardFault_Handler
                0x10044084        0x8 ./Core/Src/stm32wb0x_it.o
                0x10044084                HardFault_Handler
 .text.SVC_Handler
                0x1004408c        0xa ./Core/Src/stm32wb0x_it.o
                0x1004408c                SVC_Handler
 .text.PendSV_Handler
                0x10044096        0xa ./Core/Src/stm32wb0x_it.o
                0x10044096                PendSV_Handler
 .text.SysTick_Handler
                0x100440a0        0xe ./Core/Src/stm32wb0x_it.o
                0x100440a0                SysTick_Handler
 *fill*         0x100440ae        0x2 
 .text.GPIOB_IRQHandler
                0x100440b0       0x24 ./Core/Src/stm32wb0x_it.o
                0x100440b0                GPIOB_IRQHandler
 .text.RADIO_TIMER_CPU_WKUP_IRQHandler
                0x100440d4        0xe ./Core/Src/stm32wb0x_it.o
                0x100440d4                RADIO_TIMER_CPU_WKUP_IRQHandler
 .text.RADIO_TIMER_TXRX_WKUP_IRQHandler
                0x100440e2        0xe ./Core/Src/stm32wb0x_it.o
                0x100440e2                RADIO_TIMER_TXRX_WKUP_IRQHandler
 .text.RADIO_TIMER_ERROR_IRQHandler
                0x100440f0        0xe ./Core/Src/stm32wb0x_it.o
                0x100440f0                RADIO_TIMER_ERROR_IRQHandler
 .text.RADIO_TXRX_IRQHandler
                0x100440fe        0xe ./Core/Src/stm32wb0x_it.o
                0x100440fe                RADIO_TXRX_IRQHandler
 .text.RADIO_TXRX_SEQ_IRQHandler
                0x1004410c        0xe ./Core/Src/stm32wb0x_it.o
                0x1004410c                RADIO_TXRX_SEQ_IRQHandler
 .text._getpid  0x1004411a        0xc ./Core/Src/syscalls.o
                0x1004411a                _getpid
 .text._kill    0x10044126       0x20 ./Core/Src/syscalls.o
                0x10044126                _kill
 .text._exit    0x10044146       0x1a ./Core/Src/syscalls.o
                0x10044146                _exit
 .text._read    0x10044160       0x3a ./Core/Src/syscalls.o
                0x10044160                _read
 .text._write   0x1004419a       0x38 ./Core/Src/syscalls.o
                0x1004419a                _write
 .text._close   0x100441d2       0x14 ./Core/Src/syscalls.o
                0x100441d2                _close
 .text._fstat   0x100441e6       0x1c ./Core/Src/syscalls.o
                0x100441e6                _fstat
 .text._isatty  0x10044202       0x12 ./Core/Src/syscalls.o
                0x10044202                _isatty
 .text._lseek   0x10044214       0x16 ./Core/Src/syscalls.o
                0x10044214                _lseek
 *fill*         0x1004422a        0x2 
 .text._sbrk    0x1004422c       0x6c ./Core/Src/sysmem.o
                0x1004422c                _sbrk
 .text.__NVIC_SetPriority
                0x10044298       0xdc ./Core/Src/system_stm32wb0x.o
 .text.__NVIC_SystemReset
                0x10044374       0x24 ./Core/Src/system_stm32wb0x.o
 .text.SystemInit
                0x10044398      0x1c4 ./Core/Src/system_stm32wb0x.o
                0x10044398                SystemInit
 .text.SystemCoreClockUpdate
                0x1004455c       0x64 ./Core/Src/system_stm32wb0x.o
                0x1004455c                SystemCoreClockUpdate
 .text.CPUcontextRestore
                0x100445c0        0xa ./Core/Src/system_stm32wb0x.o
                0x100445c0                CPUcontextRestore
 *fill*         0x100445ca        0x2 
 .text.Reset_Handler
                0x100445cc       0x64 ./Core/Startup/startup_stm32wb07ccvx.o
                0x100445cc                Reset_Handler
 .text.Default_Handler
                0x10044630        0x2 ./Core/Startup/startup_stm32wb07ccvx.o
                0x10044630                GPIOA_IRQHandler
                0x10044630                PVD_IRQHandler
                0x10044630                I2C1_IRQHandler
                0x10044630                SPI1_IRQHandler
                0x10044630                PKA_IRQHandler
                0x10044630                I2C2_IRQHandler
                0x10044630                RTC_IRQHandler
                0x10044630                RCC_IRQHandler
                0x10044630                Default_Handler
                0x10044630                TIM1_IRQHandler
                0x10044630                ADC_IRQHandler
                0x10044630                SPI2_IRQHandler
                0x10044630                LPUART1_IRQHandler
                0x10044630                DMA_IRQHandler
                0x10044630                FLASH_IRQHandler
                0x10044630                USART1_IRQHandler
                0x10044630                SPI3_IRQHandler
 .text.HAL_Init
                0x10044632       0x2e ./Drivers/STM32WB0x_HAL_Driver/Src/stm32wb0x_hal.o
                0x10044632                HAL_Init
 .text.HAL_InitTick
                0x10044660       0x90 ./Drivers/STM32WB0x_HAL_Driver/Src/stm32wb0x_hal.o
                0x10044660                HAL_InitTick
 .text.HAL_IncTick
                0x100446f0       0x24 ./Drivers/STM32WB0x_HAL_Driver/Src/stm32wb0x_hal.o
                0x100446f0                HAL_IncTick
 .text.HAL_GetTick
                0x10044714       0x14 ./Drivers/STM32WB0x_HAL_Driver/Src/stm32wb0x_hal.o
                0x10044714                HAL_GetTick
 .text.HAL_GetTickPrio
                0x10044728       0x14 ./Drivers/STM32WB0x_HAL_Driver/Src/stm32wb0x_hal.o
                0x10044728                HAL_GetTickPrio
 .text.HAL_Delay
                0x1004473c       0x48 ./Drivers/STM32WB0x_HAL_Driver/Src/stm32wb0x_hal.o
                0x1004473c                HAL_Delay
 .text.__NVIC_EnableIRQ
                0x10044784       0x34 ./Drivers/STM32WB0x_HAL_Driver/Src/stm32wb0x_hal_cortex.o
 .text.__NVIC_SetPriority
                0x100447b8       0xdc ./Drivers/STM32WB0x_HAL_Driver/Src/stm32wb0x_hal_cortex.o
 .text.SysTick_Config
                0x10044894       0x48 ./Drivers/STM32WB0x_HAL_Driver/Src/stm32wb0x_hal_cortex.o
 .text.HAL_NVIC_SetPriority
                0x100448dc       0x2a ./Drivers/STM32WB0x_HAL_Driver/Src/stm32wb0x_hal_cortex.o
                0x100448dc                HAL_NVIC_SetPriority
 .text.HAL_NVIC_EnableIRQ
                0x10044906       0x20 ./Drivers/STM32WB0x_HAL_Driver/Src/stm32wb0x_hal_cortex.o
                0x10044906                HAL_NVIC_EnableIRQ
 .text.HAL_SYSTICK_Config
                0x10044926       0x1a ./Drivers/STM32WB0x_HAL_Driver/Src/stm32wb0x_hal_cortex.o
                0x10044926                HAL_SYSTICK_Config
 .text.HAL_GPIO_Init
                0x10044940      0x352 ./Drivers/STM32WB0x_HAL_Driver/Src/stm32wb0x_hal_gpio.o
                0x10044940                HAL_GPIO_Init
 .text.HAL_GPIO_WritePin
                0x10044c92       0x3a ./Drivers/STM32WB0x_HAL_Driver/Src/stm32wb0x_hal_gpio.o
                0x10044c92                HAL_GPIO_WritePin
 .text.HAL_GPIO_EXTI_IRQHandler
                0x10044ccc       0x7c ./Drivers/STM32WB0x_HAL_Driver/Src/stm32wb0x_hal_gpio.o
                0x10044ccc                HAL_GPIO_EXTI_IRQHandler
 .text.LL_RADIO_SetRadioConfigurationAddressPointer
                0x10044d48       0x20 ./Drivers/STM32WB0x_HAL_Driver/Src/stm32wb0x_hal_radio.o
 .text.LL_RADIO_SetWakeupInitDelay
                0x10044d68       0x30 ./Drivers/STM32WB0x_HAL_Driver/Src/stm32wb0x_hal_radio.o
 .text.LL_RADIO_SetTimer12InitDelayCal
                0x10044d98       0x34 ./Drivers/STM32WB0x_HAL_Driver/Src/stm32wb0x_hal_radio.o
 .text.LL_RADIO_SetTimer12InitDelayNoCal
                0x10044dcc       0x28 ./Drivers/STM32WB0x_HAL_Driver/Src/stm32wb0x_hal_radio.o
 .text.LL_RADIO_SetTransmitCalDelayChk
                0x10044df4       0x2c ./Drivers/STM32WB0x_HAL_Driver/Src/stm32wb0x_hal_radio.o
 .text.LL_RADIO_SetTransmitNoCalDelayChk
                0x10044e20       0x30 ./Drivers/STM32WB0x_HAL_Driver/Src/stm32wb0x_hal_radio.o
 .text.LL_RADIO_SetReceivedCalDelayChk
                0x10044e50       0x34 ./Drivers/STM32WB0x_HAL_Driver/Src/stm32wb0x_hal_radio.o
 .text.LL_RADIO_SetReceivedNoCalDelayChk
                0x10044e84       0x28 ./Drivers/STM32WB0x_HAL_Driver/Src/stm32wb0x_hal_radio.o
 .text.LL_RADIO_SetConfigurationEndDuration
                0x10044eac       0x2c ./Drivers/STM32WB0x_HAL_Driver/Src/stm32wb0x_hal_radio.o
 .text.LL_RADIO_SetTxDataReadyCheck
                0x10044ed8       0x30 ./Drivers/STM32WB0x_HAL_Driver/Src/stm32wb0x_hal_radio.o
 .text.LL_RADIO_SetTxDelayStart
                0x10044f08       0x34 ./Drivers/STM32WB0x_HAL_Driver/Src/stm32wb0x_hal_radio.o
 .text.LL_RADIO_SetTxDelayEnd
                0x10044f3c       0x34 ./Drivers/STM32WB0x_HAL_Driver/Src/stm32wb0x_hal_radio.o
 .text.LL_RADIO_SetTransmissionReadyTimeout
                0x10044f70       0x2c ./Drivers/STM32WB0x_HAL_Driver/Src/stm32wb0x_hal_radio.o
 .text.LL_RADIO_ChkFlagAutoclearEnable_Enable
                0x10044f9c       0x1c ./Drivers/STM32WB0x_HAL_Driver/Src/stm32wb0x_hal_radio.o
 .text.LL_RADIO_NoActiveLErrorInterrupt_Enable
                0x10044fb8       0x1c ./Drivers/STM32WB0x_HAL_Driver/Src/stm32wb0x_hal_radio.o
 .text.LL_RADIO_TxRxSkipInterrupt_Enable
                0x10044fd4       0x1c ./Drivers/STM32WB0x_HAL_Driver/Src/stm32wb0x_hal_radio.o
 .text.LL_RADIO_Active2ErrorInterrupt_Enable
                0x10044ff0       0x1c ./Drivers/STM32WB0x_HAL_Driver/Src/stm32wb0x_hal_radio.o
 .text.LL_RADIO_TIMER_DisableTimer1
                0x1004500c       0x1e ./Drivers/STM32WB0x_HAL_Driver/Src/stm32wb0x_hal_radio.o
 .text.LL_RADIO_TIMER_DisableTimer2
                0x1004502a       0x1e ./Drivers/STM32WB0x_HAL_Driver/Src/stm32wb0x_hal_radio.o
 .text.LL_RADIO_TIMER_DisableBLEWakeupTimer
                0x10045048       0x20 ./Drivers/STM32WB0x_HAL_Driver/Src/stm32wb0x_hal_radio.o
 .text.CondRoutineTrue
                0x10045068       0x12 ./Drivers/STM32WB0x_HAL_Driver/Src/stm32wb0x_hal_radio.o
 .text.DataRoutineNull
                0x1004507a       0x14 ./Drivers/STM32WB0x_HAL_Driver/Src/stm32wb0x_hal_radio.o
 *fill*         0x1004508e        0x2 
 .text.HAL_RADIO_Init
                0x10045090      0x5d0 ./Drivers/STM32WB0x_HAL_Driver/Src/stm32wb0x_hal_radio.o
                0x10045090                HAL_RADIO_Init
 .text.HAL_RADIO_ReadRSSI
                0x10045660       0xa0 ./Drivers/STM32WB0x_HAL_Driver/Src/stm32wb0x_hal_radio.o
                0x10045660                HAL_RADIO_ReadRSSI
 .text.HAL_RADIO_Callback
                0x10045700       0xd6 ./Drivers/STM32WB0x_HAL_Driver/Src/stm32wb0x_hal_radio.o
                0x10045700                HAL_RADIO_Callback
 .text.HAL_RADIO_CallbackRcvError
                0x100457d6       0x10 ./Drivers/STM32WB0x_HAL_Driver/Src/stm32wb0x_hal_radio.o
                0x100457d6                HAL_RADIO_CallbackRcvError
 .text.HAL_RADIO_CallbackRcvTimeout
                0x100457e6       0x10 ./Drivers/STM32WB0x_HAL_Driver/Src/stm32wb0x_hal_radio.o
                0x100457e6                HAL_RADIO_CallbackRcvTimeout
 .text.HAL_RADIO_CallbackRcvEncryptErr
                0x100457f6       0x10 ./Drivers/STM32WB0x_HAL_Driver/Src/stm32wb0x_hal_radio.o
                0x100457f6                HAL_RADIO_CallbackRcvEncryptErr
 .text.HAL_RADIO_CallbackTxDone
                0x10045806        0xa ./Drivers/STM32WB0x_HAL_Driver/Src/stm32wb0x_hal_radio.o
                0x10045806                HAL_RADIO_CallbackTxDone
 .text.HAL_RADIO_ActionPacketIsr
                0x10045810      0x238 ./Drivers/STM32WB0x_HAL_Driver/Src/stm32wb0x_hal_radio.o
 .text.HAL_RADIO_SetChannelMap
                0x10045a48       0x98 ./Drivers/STM32WB0x_HAL_Driver/Src/stm32wb0x_hal_radio.o
                0x10045a48                HAL_RADIO_SetChannelMap
 .text.HAL_RADIO_SetChannel
                0x10045ae0       0xc0 ./Drivers/STM32WB0x_HAL_Driver/Src/stm32wb0x_hal_radio.o
                0x10045ae0                HAL_RADIO_SetChannel
 .text.HAL_RADIO_SetTxAttributes
                0x10045ba0       0x88 ./Drivers/STM32WB0x_HAL_Driver/Src/stm32wb0x_hal_radio.o
                0x10045ba0                HAL_RADIO_SetTxAttributes
 .text.HAL_RADIO_SetGlobalReceiveTimeout
                0x10045c28      0x100 ./Drivers/STM32WB0x_HAL_Driver/Src/stm32wb0x_hal_radio.o
                0x10045c28                HAL_RADIO_SetGlobalReceiveTimeout
 .text.HAL_RADIO_SetReservedArea
                0x10045d28      0x15c ./Drivers/STM32WB0x_HAL_Driver/Src/stm32wb0x_hal_radio.o
                0x10045d28                HAL_RADIO_SetReservedArea
 .text.HAL_RADIO_MakeActionPacketPending
                0x10045e84      0x18c ./Drivers/STM32WB0x_HAL_Driver/Src/stm32wb0x_hal_radio.o
                0x10045e84                HAL_RADIO_MakeActionPacketPending
 .text.HAL_RADIO_GetStatus
                0x10046010       0x3c ./Drivers/STM32WB0x_HAL_Driver/Src/stm32wb0x_hal_radio.o
                0x10046010                HAL_RADIO_GetStatus
 .text.HAL_RADIO_SetTxPower
                0x1004604c       0x54 ./Drivers/STM32WB0x_HAL_Driver/Src/stm32wb0x_hal_radio.o
                0x1004604c                HAL_RADIO_SetTxPower
 .text.HAL_RADIO_SetNetworkID
                0x100460a0       0x1c ./Drivers/STM32WB0x_HAL_Driver/Src/stm32wb0x_hal_radio.o
                0x100460a0                HAL_RADIO_SetNetworkID
 .text.HAL_RADIO_SendPacketWithAck
                0x100460bc      0x158 ./Drivers/STM32WB0x_HAL_Driver/Src/stm32wb0x_hal_radio.o
                0x100460bc                HAL_RADIO_SendPacketWithAck
 .text.HAL_RADIO_TxRxCallback
                0x10046214       0x10 ./Drivers/STM32WB0x_HAL_Driver/Src/stm32wb0x_hal_radio.o
                0x10046214                HAL_RADIO_TxRxCallback
 .text.HAL_RADIO_TxRxSeqCallback
                0x10046224        0xa ./Drivers/STM32WB0x_HAL_Driver/Src/stm32wb0x_hal_radio.o
                0x10046224                HAL_RADIO_TxRxSeqCallback
 .text.HAL_RADIO_TXRX_IRQHandler
                0x1004622e       0x4e ./Drivers/STM32WB0x_HAL_Driver/Src/stm32wb0x_hal_radio.o
                0x1004622e                HAL_RADIO_TXRX_IRQHandler
 .text.HAL_RADIO_TXRX_SEQ_IRQHandler
                0x1004627c        0xe ./Drivers/STM32WB0x_HAL_Driver/Src/stm32wb0x_hal_radio.o
                0x1004627c                HAL_RADIO_TXRX_SEQ_IRQHandler
 *fill*         0x1004628a        0x2 
 .text.__NVIC_EnableIRQ
                0x1004628c       0x34 ./Drivers/STM32WB0x_HAL_Driver/Src/stm32wb0x_hal_radio_timer.o
 .text.LL_RADIO_TIMER_EnableTimer1
                0x100462c0       0x20 ./Drivers/STM32WB0x_HAL_Driver/Src/stm32wb0x_hal_radio_timer.o
 .text.LL_RADIO_TIMER_DisableTimer1
                0x100462e0       0x1e ./Drivers/STM32WB0x_HAL_Driver/Src/stm32wb0x_hal_radio_timer.o
 .text.LL_RADIO_TIMER_IsEnabledTimer1
                0x100462fe       0x22 ./Drivers/STM32WB0x_HAL_Driver/Src/stm32wb0x_hal_radio_timer.o
 .text.LL_RADIO_TIMER_DisableTimer2
                0x10046320       0x1e ./Drivers/STM32WB0x_HAL_Driver/Src/stm32wb0x_hal_radio_timer.o
 .text.LL_RADIO_TIMER_IsEnabledTimer2
                0x1004633e       0x22 ./Drivers/STM32WB0x_HAL_Driver/Src/stm32wb0x_hal_radio_timer.o
 .text.LL_RADIO_TIMER_SetTimeout
                0x10046360       0x18 ./Drivers/STM32WB0x_HAL_Driver/Src/stm32wb0x_hal_radio_timer.o
 .text.LL_RADIO_TIMER_GetTimeout
                0x10046378       0x14 ./Drivers/STM32WB0x_HAL_Driver/Src/stm32wb0x_hal_radio_timer.o
 .text.LL_RADIO_TIMER_EnableBLEWakeupTimer
                0x1004638c       0x1e ./Drivers/STM32WB0x_HAL_Driver/Src/stm32wb0x_hal_radio_timer.o
 *fill*         0x100463aa        0x2 
 .text.LL_RADIO_TIMER_DisableBLEWakeupTimer
                0x100463ac       0x20 ./Drivers/STM32WB0x_HAL_Driver/Src/stm32wb0x_hal_radio_timer.o
 .text.LL_RADIO_TIMER_IsEnabledBLEWakeupTimer
                0x100463cc       0x28 ./Drivers/STM32WB0x_HAL_Driver/Src/stm32wb0x_hal_radio_timer.o
 .text.LL_RADIO_TIMER_EnableCPUWakeupTimer
                0x100463f4       0x1e ./Drivers/STM32WB0x_HAL_Driver/Src/stm32wb0x_hal_radio_timer.o
 *fill*         0x10046412        0x2 
 .text.LL_RADIO_TIMER_DisableCPUWakeupTimer
                0x10046414       0x20 ./Drivers/STM32WB0x_HAL_Driver/Src/stm32wb0x_hal_radio_timer.o
 .text.LL_RADIO_TIMER_SetWakeupOffset
                0x10046434       0x1e ./Drivers/STM32WB0x_HAL_Driver/Src/stm32wb0x_hal_radio_timer.o
 .text.LL_RADIO_TIMER_SetBLEWakeupTime
                0x10046452       0x18 ./Drivers/STM32WB0x_HAL_Driver/Src/stm32wb0x_hal_radio_timer.o
 .text.LL_RADIO_TIMER_GetBLEWakeupTime
                0x1004646a       0x14 ./Drivers/STM32WB0x_HAL_Driver/Src/stm32wb0x_hal_radio_timer.o
 .text.LL_RADIO_TIMER_SetCPUWakeupTime
                0x1004647e       0x18 ./Drivers/STM32WB0x_HAL_Driver/Src/stm32wb0x_hal_radio_timer.o
 .text.LL_RADIO_TIMER_GetAbsoluteTime
                0x10046496       0x14 ./Drivers/STM32WB0x_HAL_Driver/Src/stm32wb0x_hal_radio_timer.o
 .text.LL_RADIO_TIMER_EnableWakeupTimerLowPowerMode
                0x100464aa       0x1e ./Drivers/STM32WB0x_HAL_Driver/Src/stm32wb0x_hal_radio_timer.o
 .text.LL_RADIO_TIMER_SetSleepRequestMode
                0x100464c8       0x34 ./Drivers/STM32WB0x_HAL_Driver/Src/stm32wb0x_hal_radio_timer.o
 .text.LL_RADIO_TIMER_EnableBLEWakeupIT
                0x100464fc       0x1c ./Drivers/STM32WB0x_HAL_Driver/Src/stm32wb0x_hal_radio_timer.o
 .text.LL_RADIO_TIMER_EnableCPUWakeupIT
                0x10046518       0x1c ./Drivers/STM32WB0x_HAL_Driver/Src/stm32wb0x_hal_radio_timer.o
 .text.LL_RADIO_TIMER_ClearFlag_BLEWakeup
                0x10046534       0x1c ./Drivers/STM32WB0x_HAL_Driver/Src/stm32wb0x_hal_radio_timer.o
 .text.LL_RADIO_TIMER_IsActiveFlag_BLEWakeup
                0x10046550       0x22 ./Drivers/STM32WB0x_HAL_Driver/Src/stm32wb0x_hal_radio_timer.o
 .text.LL_RADIO_TIMER_ClearFlag_CPUWakeup
                0x10046572       0x1c ./Drivers/STM32WB0x_HAL_Driver/Src/stm32wb0x_hal_radio_timer.o
 .text.LL_RADIO_TIMER_IsActiveFlag_CPUWakeup
                0x1004658e       0x22 ./Drivers/STM32WB0x_HAL_Driver/Src/stm32wb0x_hal_radio_timer.o
 .text.LL_RADIO_TIMER_SetLSIWindowCalibrationLength
                0x100465b0       0x18 ./Drivers/STM32WB0x_HAL_Driver/Src/stm32wb0x_hal_radio_timer.o
 .text.LL_RADIO_TIMER_StartLSICalibration
                0x100465c8       0x16 ./Drivers/STM32WB0x_HAL_Driver/Src/stm32wb0x_hal_radio_timer.o
 .text.LL_RADIO_TIMER_GetLSIPeriod
                0x100465de       0x14 ./Drivers/STM32WB0x_HAL_Driver/Src/stm32wb0x_hal_radio_timer.o
 .text.LL_RADIO_TIMER_GetLSIFrequency
                0x100465f2       0x14 ./Drivers/STM32WB0x_HAL_Driver/Src/stm32wb0x_hal_radio_timer.o
 .text.LL_RADIO_TIMER_ClearFlag_LSICalibrationEnded
                0x10046606       0x1c ./Drivers/STM32WB0x_HAL_Driver/Src/stm32wb0x_hal_radio_timer.o
 .text.LL_RADIO_TIMER_IsActiveFlag_LSICalibrationEnded
                0x10046622       0x22 ./Drivers/STM32WB0x_HAL_Driver/Src/stm32wb0x_hal_radio_timer.o
 .text.HAL_RADIO_TIMER_Init
                0x10046644      0x220 ./Drivers/STM32WB0x_HAL_Driver/Src/stm32wb0x_hal_radio_timer.o
                0x10046644                HAL_RADIO_TIMER_Init
 .text.HAL_RADIO_TIMER_Tick
                0x10046864      0x338 ./Drivers/STM32WB0x_HAL_Driver/Src/stm32wb0x_hal_radio_timer.o
                0x10046864                HAL_RADIO_TIMER_Tick
 .text.HAL_RADIO_TIMER_GetAnchorPoint
                0x10046b9c       0x26 ./Drivers/STM32WB0x_HAL_Driver/Src/stm32wb0x_hal_radio_timer.o
                0x10046b9c                HAL_RADIO_TIMER_GetAnchorPoint
 *fill*         0x10046bc2        0x2 
 .text.HAL_RADIO_TIMER_SetRadioTimerValue
                0x10046bc4      0x18c ./Drivers/STM32WB0x_HAL_Driver/Src/stm32wb0x_hal_radio_timer.o
                0x10046bc4                HAL_RADIO_TIMER_SetRadioTimerValue
 .text.HAL_RADIO_TIMER_GetRadioTimerValue
                0x10046d50       0x1a ./Drivers/STM32WB0x_HAL_Driver/Src/stm32wb0x_hal_radio_timer.o
                0x10046d50                HAL_RADIO_TIMER_GetRadioTimerValue
 .text.HAL_RADIO_TIMER_RadioTimerIsr
                0x10046d6a       0x2a ./Drivers/STM32WB0x_HAL_Driver/Src/stm32wb0x_hal_radio_timer.o
                0x10046d6a                HAL_RADIO_TIMER_RadioTimerIsr
 .text.HAL_RADIO_TIMER_EndOfRadioActivityIsr
                0x10046d94       0x18 ./Drivers/STM32WB0x_HAL_Driver/Src/stm32wb0x_hal_radio_timer.o
                0x10046d94                HAL_RADIO_TIMER_EndOfRadioActivityIsr
 .text.HAL_RADIO_TIMER_UsToSystime
                0x10046dac       0x1a ./Drivers/STM32WB0x_HAL_Driver/Src/stm32wb0x_hal_radio_timer.o
                0x10046dac                HAL_RADIO_TIMER_UsToSystime
 *fill*         0x10046dc6        0x2 
 .text.HAL_RADIO_TIMER_MachineTimeToSysTime
                0x10046dc8       0x2c ./Drivers/STM32WB0x_HAL_Driver/Src/stm32wb0x_hal_radio_timer.o
                0x10046dc8                HAL_RADIO_TIMER_MachineTimeToSysTime
 .text.HAL_RADIO_TIMER_GetCurrentSysTime
                0x10046df4       0x24 ./Drivers/STM32WB0x_HAL_Driver/Src/stm32wb0x_hal_radio_timer.o
                0x10046df4                HAL_RADIO_TIMER_GetCurrentSysTime
 .text.HAL_RADIO_TIMER_StopVirtualTimer
                0x10046e18       0xb0 ./Drivers/STM32WB0x_HAL_Driver/Src/stm32wb0x_hal_radio_timer.o
                0x10046e18                HAL_RADIO_TIMER_StopVirtualTimer
 .text.HAL_RADIO_TIMER_WakeUpCallback
                0x10046ec8       0x58 ./Drivers/STM32WB0x_HAL_Driver/Src/stm32wb0x_hal_radio_timer.o
                0x10046ec8                HAL_RADIO_TIMER_WakeUpCallback
 .text.HAL_RADIO_TIMER_TimeoutCallback
                0x10046f20       0x6c ./Drivers/STM32WB0x_HAL_Driver/Src/stm32wb0x_hal_radio_timer.o
                0x10046f20                HAL_RADIO_TIMER_TimeoutCallback
 .text._calibrationProcedure
                0x10046f8c       0x40 ./Drivers/STM32WB0x_HAL_Driver/Src/stm32wb0x_hal_radio_timer.o
 .text._timer_start_calibration
                0x10046fcc       0x20 ./Drivers/STM32WB0x_HAL_Driver/Src/stm32wb0x_hal_radio_timer.o
 .text._timer_calibrate
                0x10046fec       0x30 ./Drivers/STM32WB0x_HAL_Driver/Src/stm32wb0x_hal_radio_timer.o
 .text._get_calibration_data
                0x1004701c       0xd0 ./Drivers/STM32WB0x_HAL_Driver/Src/stm32wb0x_hal_radio_timer.o
 .text._configureTxRxDelay
                0x100470ec       0xf8 ./Drivers/STM32WB0x_HAL_Driver/Src/stm32wb0x_hal_radio_timer.o
 .text._us_to_systime
                0x100471e4       0x2a ./Drivers/STM32WB0x_HAL_Driver/Src/stm32wb0x_hal_radio_timer.o
 *fill*         0x1004720e        0x2 
 .text._us_to_machinetime
                0x10047210       0x64 ./Drivers/STM32WB0x_HAL_Driver/Src/stm32wb0x_hal_radio_timer.o
 .text._update_xtal_startup_time
                0x10047274       0x5c ./Drivers/STM32WB0x_HAL_Driver/Src/stm32wb0x_hal_radio_timer.o
 .text._calibration_callback
                0x100472d0       0x28 ./Drivers/STM32WB0x_HAL_Driver/Src/stm32wb0x_hal_radio_timer.o
 .text._start_timer
                0x100472f8       0xbc ./Drivers/STM32WB0x_HAL_Driver/Src/stm32wb0x_hal_radio_timer.o
 .text._get_system_time_and_machine
                0x100473b4       0xd0 ./Drivers/STM32WB0x_HAL_Driver/Src/stm32wb0x_hal_radio_timer.o
 .text._update_user_timeout
                0x10047484      0x16c ./Drivers/STM32WB0x_HAL_Driver/Src/stm32wb0x_hal_radio_timer.o
 .text._insert_timer_in_queue
                0x100475f0       0x60 ./Drivers/STM32WB0x_HAL_Driver/Src/stm32wb0x_hal_radio_timer.o
 .text._virtualTimeBaseEnable
                0x10047650       0x58 ./Drivers/STM32WB0x_HAL_Driver/Src/stm32wb0x_hal_radio_timer.o
 .text._remove_timer_in_queue
                0x100476a8       0x58 ./Drivers/STM32WB0x_HAL_Driver/Src/stm32wb0x_hal_radio_timer.o
 .text._check_callbacks
                0x10047700       0x92 ./Drivers/STM32WB0x_HAL_Driver/Src/stm32wb0x_hal_radio_timer.o
 *fill*         0x10047792        0x2 
 .text._updateCalibrationData
                0x10047794       0x6c ./Drivers/STM32WB0x_HAL_Driver/Src/stm32wb0x_hal_radio_timer.o
 .text._update_system_time
                0x10047800       0xbc ./Drivers/STM32WB0x_HAL_Driver/Src/stm32wb0x_hal_radio_timer.o
 .text._check_radio_activity
                0x100478bc      0x114 ./Drivers/STM32WB0x_HAL_Driver/Src/stm32wb0x_hal_radio_timer.o
 .text.TIMER_SetRadioHostWakeupTime
                0x100479d0       0xd4 ./Drivers/STM32WB0x_HAL_Driver/Src/stm32wb0x_hal_radio_timer.o
 .text._set_controller_as_host
                0x10047aa4       0x2c ./Drivers/STM32WB0x_HAL_Driver/Src/stm32wb0x_hal_radio_timer.o
 .text._check_host_activity
                0x10047ad0       0x5c ./Drivers/STM32WB0x_HAL_Driver/Src/stm32wb0x_hal_radio_timer.o
 .text.TIMER_SetRadioTimerValue
                0x10047b2c      0x1f8 ./Drivers/STM32WB0x_HAL_Driver/Src/stm32wb0x_hal_radio_timer.o
 .text.TIMER_GetPastSysTime
                0x10047d24       0x60 ./Drivers/STM32WB0x_HAL_Driver/Src/stm32wb0x_hal_radio_timer.o
 .text.TIMER_GetRadioTimerValue
                0x10047d84       0x78 ./Drivers/STM32WB0x_HAL_Driver/Src/stm32wb0x_hal_radio_timer.o
 .text.HAL_RADIO_TIMER_CpuWakeUpCallback
                0x10047dfc        0xa ./Drivers/STM32WB0x_HAL_Driver/Src/stm32wb0x_hal_radio_timer.o
                0x10047dfc                HAL_RADIO_TIMER_CpuWakeUpCallback
 .text.HAL_RADIO_TIMER_TxRxWakeUpCallback
                0x10047e06        0xa ./Drivers/STM32WB0x_HAL_Driver/Src/stm32wb0x_hal_radio_timer.o
                0x10047e06                HAL_RADIO_TIMER_TxRxWakeUpCallback
 .text.HAL_RADIO_TIMER_CPU_WKUP_IRQHandler
                0x10047e10       0x12 ./Drivers/STM32WB0x_HAL_Driver/Src/stm32wb0x_hal_radio_timer.o
                0x10047e10                HAL_RADIO_TIMER_CPU_WKUP_IRQHandler
 .text.HAL_RADIO_TIMER_TXRX_WKUP_IRQHandler
                0x10047e22       0x12 ./Drivers/STM32WB0x_HAL_Driver/Src/stm32wb0x_hal_radio_timer.o
                0x10047e22                HAL_RADIO_TIMER_TXRX_WKUP_IRQHandler
 .text.HAL_RADIO_TIMER_ERROR_IRQHandler
                0x10047e34       0x2c ./Drivers/STM32WB0x_HAL_Driver/Src/stm32wb0x_hal_radio_timer.o
                0x10047e34                HAL_RADIO_TIMER_ERROR_IRQHandler
 .text.LL_PWR_SetNoPullB
                0x10047e60       0x30 ./Drivers/STM32WB0x_HAL_Driver/Src/stm32wb0x_hal_rcc.o
 .text.LL_RCC_HSE_Enable
                0x10047e90       0x1c ./Drivers/STM32WB0x_HAL_Driver/Src/stm32wb0x_hal_rcc.o
 .text.LL_RCC_HSE_Disable
                0x10047eac       0x20 ./Drivers/STM32WB0x_HAL_Driver/Src/stm32wb0x_hal_rcc.o
 .text.LL_RCC_HSE_IsReady
                0x10047ecc       0x28 ./Drivers/STM32WB0x_HAL_Driver/Src/stm32wb0x_hal_rcc.o
 .text.LL_RCC_HSE_SetCapacitorTuning
                0x10047ef4       0x40 ./Drivers/STM32WB0x_HAL_Driver/Src/stm32wb0x_hal_rcc.o
 .text.LL_RCC_HSE_SetCurrentControl
                0x10047f34       0x2c ./Drivers/STM32WB0x_HAL_Driver/Src/stm32wb0x_hal_rcc.o
 .text.LL_RCC_HSI_Enable
                0x10047f60       0x28 ./Drivers/STM32WB0x_HAL_Driver/Src/stm32wb0x_hal_rcc.o
 .text.LL_RCC_HSI_Disable
                0x10047f88       0x28 ./Drivers/STM32WB0x_HAL_Driver/Src/stm32wb0x_hal_rcc.o
 .text.LL_RCC_HSI_IsReady
                0x10047fb0       0x28 ./Drivers/STM32WB0x_HAL_Driver/Src/stm32wb0x_hal_rcc.o
 .text.LL_RCC_DIRECT_HSE_Enable
                0x10047fd8       0x4c ./Drivers/STM32WB0x_HAL_Driver/Src/stm32wb0x_hal_rcc.o
 .text.LL_RCC_LSCO_SetSource
                0x10048024       0x2c ./Drivers/STM32WB0x_HAL_Driver/Src/stm32wb0x_hal_rcc.o
 .text.LL_RCC_LSE_Enable
                0x10048050       0x1c ./Drivers/STM32WB0x_HAL_Driver/Src/stm32wb0x_hal_rcc.o
 .text.LL_RCC_LSE_Disable
                0x1004806c       0x1c ./Drivers/STM32WB0x_HAL_Driver/Src/stm32wb0x_hal_rcc.o
 .text.LL_RCC_LSE_IsReady
                0x10048088       0x20 ./Drivers/STM32WB0x_HAL_Driver/Src/stm32wb0x_hal_rcc.o
 .text.LL_RCC_LSE_EnableBypass
                0x100480a8       0x1c ./Drivers/STM32WB0x_HAL_Driver/Src/stm32wb0x_hal_rcc.o
 .text.LL_RCC_LSE_DisableBypass
                0x100480c4       0x1c ./Drivers/STM32WB0x_HAL_Driver/Src/stm32wb0x_hal_rcc.o
 .text.LL_RCC_LSE_IsBypassEnabled
                0x100480e0       0x20 ./Drivers/STM32WB0x_HAL_Driver/Src/stm32wb0x_hal_rcc.o
 .text.LL_RCC_LSE_SetDriveCapability
                0x10048100       0x28 ./Drivers/STM32WB0x_HAL_Driver/Src/stm32wb0x_hal_rcc.o
 .text.LL_RCC_LSI_Enable
                0x10048128       0x1c ./Drivers/STM32WB0x_HAL_Driver/Src/stm32wb0x_hal_rcc.o
 .text.LL_RCC_LSI_Disable
                0x10048144       0x1c ./Drivers/STM32WB0x_HAL_Driver/Src/stm32wb0x_hal_rcc.o
 .text.LL_RCC_LSI_IsReady
                0x10048160       0x20 ./Drivers/STM32WB0x_HAL_Driver/Src/stm32wb0x_hal_rcc.o
 .text.LL_RCC_RC64MPLL_Enable
                0x10048180       0x1c ./Drivers/STM32WB0x_HAL_Driver/Src/stm32wb0x_hal_rcc.o
 .text.LL_RCC_RC64MPLL_Disable
                0x1004819c       0x20 ./Drivers/STM32WB0x_HAL_Driver/Src/stm32wb0x_hal_rcc.o
 .text.LL_RCC_RC64MPLL_IsReady
                0x100481bc       0x28 ./Drivers/STM32WB0x_HAL_Driver/Src/stm32wb0x_hal_rcc.o
 .text.LL_RCC_SetRC64MPLLPrescaler
                0x100481e4       0x28 ./Drivers/STM32WB0x_HAL_Driver/Src/stm32wb0x_hal_rcc.o
 .text.HAL_RCC_OscConfig
                0x1004820c      0x2a0 ./Drivers/STM32WB0x_HAL_Driver/Src/stm32wb0x_hal_rcc.o
                0x1004820c                HAL_RCC_OscConfig
 .text.HAL_RCC_ClockConfig
                0x100484ac      0x158 ./Drivers/STM32WB0x_HAL_Driver/Src/stm32wb0x_hal_rcc.o
                0x100484ac                HAL_RCC_ClockConfig
 .text.HAL_RCC_GetSysClockFreq
                0x10048604       0x14 ./Drivers/STM32WB0x_HAL_Driver/Src/stm32wb0x_hal_rcc.o
                0x10048604                HAL_RCC_GetSysClockFreq
 .text.LL_RCC_LSCO_SetSource
                0x10048618       0x2c ./Drivers/STM32WB0x_HAL_Driver/Src/stm32wb0x_hal_rcc_ex.o
 .text.LL_RCC_SetRFClock
                0x10048644       0x28 ./Drivers/STM32WB0x_HAL_Driver/Src/stm32wb0x_hal_rcc_ex.o
 .text.LL_RCC_SetSMPSPrescaler
                0x1004866c       0x2c ./Drivers/STM32WB0x_HAL_Driver/Src/stm32wb0x_hal_rcc_ex.o
 .text.LL_RCC_SetSPI2I2SClockSource
                0x10048698       0x2c ./Drivers/STM32WB0x_HAL_Driver/Src/stm32wb0x_hal_rcc_ex.o
 .text.LL_RCC_SetSPI3I2SClockSource
                0x100486c4       0x2c ./Drivers/STM32WB0x_HAL_Driver/Src/stm32wb0x_hal_rcc_ex.o
 .text.HAL_RCCEx_PeriphCLKConfig
                0x100486f0       0x76 ./Drivers/STM32WB0x_HAL_Driver/Src/stm32wb0x_hal_rcc_ex.o
                0x100486f0                HAL_RCCEx_PeriphCLKConfig
 *fill*         0x10048766        0x2 
 .text.HAL_SPI_Init
                0x10048768      0x170 ./Drivers/STM32WB0x_HAL_Driver/Src/stm32wb0x_hal_spi.o
                0x10048768                HAL_SPI_Init
 .text.__cvt    0x100488d8       0xcc C:/ST/STM32CubeIDE_1.16.0/STM32CubeIDE/plugins/com.st.stm32cube.ide.mcu.externaltools.gnu-tools-for-stm32.12.3.rel1.win32_1.1.0.202410251130/tools/bin/../lib/gcc/arm-none-eabi/12.3.1/../../../../arm-none-eabi/lib/thumb/v6-m/nofp\libc_nano.a(libc_a-nano-vfprintf_float.o)
                0x100488d8                __cvt
 .text.__exponent
                0x100489a4       0x80 C:/ST/STM32CubeIDE_1.16.0/STM32CubeIDE/plugins/com.st.stm32cube.ide.mcu.externaltools.gnu-tools-for-stm32.12.3.rel1.win32_1.1.0.202410251130/tools/bin/../lib/gcc/arm-none-eabi/12.3.1/../../../../arm-none-eabi/lib/thumb/v6-m/nofp\libc_nano.a(libc_a-nano-vfprintf_float.o)
                0x100489a4                __exponent
 .text._printf_float
                0x10048a24      0x47c C:/ST/STM32CubeIDE_1.16.0/STM32CubeIDE/plugins/com.st.stm32cube.ide.mcu.externaltools.gnu-tools-for-stm32.12.3.rel1.win32_1.1.0.202410251130/tools/bin/../lib/gcc/arm-none-eabi/12.3.1/../../../../arm-none-eabi/lib/thumb/v6-m/nofp\libc_nano.a(libc_a-nano-vfprintf_float.o)
                0x10048a24                _printf_float
 .text._printf_common
                0x10048ea0       0xde C:/ST/STM32CubeIDE_1.16.0/STM32CubeIDE/plugins/com.st.stm32cube.ide.mcu.externaltools.gnu-tools-for-stm32.12.3.rel1.win32_1.1.0.202410251130/tools/bin/../lib/gcc/arm-none-eabi/12.3.1/../../../../arm-none-eabi/lib/thumb/v6-m/nofp\libc_nano.a(libc_a-nano-vfprintf_i.o)
                0x10048ea0                _printf_common
 *fill*         0x10048f7e        0x2 
 .text._printf_i
                0x10048f80      0x21c C:/ST/STM32CubeIDE_1.16.0/STM32CubeIDE/plugins/com.st.stm32cube.ide.mcu.externaltools.gnu-tools-for-stm32.12.3.rel1.win32_1.1.0.202410251130/tools/bin/../lib/gcc/arm-none-eabi/12.3.1/../../../../arm-none-eabi/lib/thumb/v6-m/nofp\libc_nano.a(libc_a-nano-vfprintf_i.o)
                0x10048f80                _printf_i
 .text.std      0x1004919c       0x6c C:/ST/STM32CubeIDE_1.16.0/STM32CubeIDE/plugins/com.st.stm32cube.ide.mcu.externaltools.gnu-tools-for-stm32.12.3.rel1.win32_1.1.0.202410251130/tools/bin/../lib/gcc/arm-none-eabi/12.3.1/../../../../arm-none-eabi/lib/thumb/v6-m/nofp\libc_nano.a(libc_a-findfp.o)
 .text.stdio_exit_handler
                0x10049208       0x1c C:/ST/STM32CubeIDE_1.16.0/STM32CubeIDE/plugins/com.st.stm32cube.ide.mcu.externaltools.gnu-tools-for-stm32.12.3.rel1.win32_1.1.0.202410251130/tools/bin/../lib/gcc/arm-none-eabi/12.3.1/../../../../arm-none-eabi/lib/thumb/v6-m/nofp\libc_nano.a(libc_a-findfp.o)
 .text.cleanup_stdio
                0x10049224       0x3c C:/ST/STM32CubeIDE_1.16.0/STM32CubeIDE/plugins/com.st.stm32cube.ide.mcu.externaltools.gnu-tools-for-stm32.12.3.rel1.win32_1.1.0.202410251130/tools/bin/../lib/gcc/arm-none-eabi/12.3.1/../../../../arm-none-eabi/lib/thumb/v6-m/nofp\libc_nano.a(libc_a-findfp.o)
 .text.global_stdio_init.part.0
                0x10049260       0x3c C:/ST/STM32CubeIDE_1.16.0/STM32CubeIDE/plugins/com.st.stm32cube.ide.mcu.externaltools.gnu-tools-for-stm32.12.3.rel1.win32_1.1.0.202410251130/tools/bin/../lib/gcc/arm-none-eabi/12.3.1/../../../../arm-none-eabi/lib/thumb/v6-m/nofp\libc_nano.a(libc_a-findfp.o)
 .text.__sfp_lock_acquire
                0x1004929c       0x10 C:/ST/STM32CubeIDE_1.16.0/STM32CubeIDE/plugins/com.st.stm32cube.ide.mcu.externaltools.gnu-tools-for-stm32.12.3.rel1.win32_1.1.0.202410251130/tools/bin/../lib/gcc/arm-none-eabi/12.3.1/../../../../arm-none-eabi/lib/thumb/v6-m/nofp\libc_nano.a(libc_a-findfp.o)
                0x1004929c                __sfp_lock_acquire
 .text.__sfp_lock_release
                0x100492ac       0x10 C:/ST/STM32CubeIDE_1.16.0/STM32CubeIDE/plugins/com.st.stm32cube.ide.mcu.externaltools.gnu-tools-for-stm32.12.3.rel1.win32_1.1.0.202410251130/tools/bin/../lib/gcc/arm-none-eabi/12.3.1/../../../../arm-none-eabi/lib/thumb/v6-m/nofp\libc_nano.a(libc_a-findfp.o)
                0x100492ac                __sfp_lock_release
 .text.__sinit  0x100492bc       0x30 C:/ST/STM32CubeIDE_1.16.0/STM32CubeIDE/plugins/com.st.stm32cube.ide.mcu.externaltools.gnu-tools-for-stm32.12.3.rel1.win32_1.1.0.202410251130/tools/bin/../lib/gcc/arm-none-eabi/12.3.1/../../../../arm-none-eabi/lib/thumb/v6-m/nofp\libc_nano.a(libc_a-findfp.o)
                0x100492bc                __sinit
 .text._fwalk_sglue
                0x100492ec       0x38 C:/ST/STM32CubeIDE_1.16.0/STM32CubeIDE/plugins/com.st.stm32cube.ide.mcu.externaltools.gnu-tools-for-stm32.12.3.rel1.win32_1.1.0.202410251130/tools/bin/../lib/gcc/arm-none-eabi/12.3.1/../../../../arm-none-eabi/lib/thumb/v6-m/nofp\libc_nano.a(libc_a-fwalk.o)
                0x100492ec                _fwalk_sglue
 .text.__sread  0x10049324       0x28 C:/ST/STM32CubeIDE_1.16.0/STM32CubeIDE/plugins/com.st.stm32cube.ide.mcu.externaltools.gnu-tools-for-stm32.12.3.rel1.win32_1.1.0.202410251130/tools/bin/../lib/gcc/arm-none-eabi/12.3.1/../../../../arm-none-eabi/lib/thumb/v6-m/nofp\libc_nano.a(libc_a-stdio.o)
                0x10049324                __sread
 .text.__swrite
                0x1004934c       0x38 C:/ST/STM32CubeIDE_1.16.0/STM32CubeIDE/plugins/com.st.stm32cube.ide.mcu.externaltools.gnu-tools-for-stm32.12.3.rel1.win32_1.1.0.202410251130/tools/bin/../lib/gcc/arm-none-eabi/12.3.1/../../../../arm-none-eabi/lib/thumb/v6-m/nofp\libc_nano.a(libc_a-stdio.o)
                0x1004934c                __swrite
 .text.__sseek  0x10049384       0x2c C:/ST/STM32CubeIDE_1.16.0/STM32CubeIDE/plugins/com.st.stm32cube.ide.mcu.externaltools.gnu-tools-for-stm32.12.3.rel1.win32_1.1.0.202410251130/tools/bin/../lib/gcc/arm-none-eabi/12.3.1/../../../../arm-none-eabi/lib/thumb/v6-m/nofp\libc_nano.a(libc_a-stdio.o)
                0x10049384                __sseek
 .text.__sclose
                0x100493b0        0xc C:/ST/STM32CubeIDE_1.16.0/STM32CubeIDE/plugins/com.st.stm32cube.ide.mcu.externaltools.gnu-tools-for-stm32.12.3.rel1.win32_1.1.0.202410251130/tools/bin/../lib/gcc/arm-none-eabi/12.3.1/../../../../arm-none-eabi/lib/thumb/v6-m/nofp\libc_nano.a(libc_a-stdio.o)
                0x100493b0                __sclose
 .text.memcmp   0x100493bc       0x1c C:/ST/STM32CubeIDE_1.16.0/STM32CubeIDE/plugins/com.st.stm32cube.ide.mcu.externaltools.gnu-tools-for-stm32.12.3.rel1.win32_1.1.0.202410251130/tools/bin/../lib/gcc/arm-none-eabi/12.3.1/../../../../arm-none-eabi/lib/thumb/v6-m/nofp\libc_nano.a(libc_a-memcmp.o)
                0x100493bc                memcmp
 .text.memset   0x100493d8       0x10 C:/ST/STM32CubeIDE_1.16.0/STM32CubeIDE/plugins/com.st.stm32cube.ide.mcu.externaltools.gnu-tools-for-stm32.12.3.rel1.win32_1.1.0.202410251130/tools/bin/../lib/gcc/arm-none-eabi/12.3.1/../../../../arm-none-eabi/lib/thumb/v6-m/nofp\libc_nano.a(libc_a-memset.o)
                0x100493d8                memset
 .text._localeconv_r
                0x100493e8        0x8 C:/ST/STM32CubeIDE_1.16.0/STM32CubeIDE/plugins/com.st.stm32cube.ide.mcu.externaltools.gnu-tools-for-stm32.12.3.rel1.win32_1.1.0.202410251130/tools/bin/../lib/gcc/arm-none-eabi/12.3.1/../../../../arm-none-eabi/lib/thumb/v6-m/nofp\libc_nano.a(libc_a-localeconv.o)
                0x100493e8                _localeconv_r
 .text._close_r
                0x100493f0       0x24 C:/ST/STM32CubeIDE_1.16.0/STM32CubeIDE/plugins/com.st.stm32cube.ide.mcu.externaltools.gnu-tools-for-stm32.12.3.rel1.win32_1.1.0.202410251130/tools/bin/../lib/gcc/arm-none-eabi/12.3.1/../../../../arm-none-eabi/lib/thumb/v6-m/nofp\libc_nano.a(libc_a-closer.o)
                0x100493f0                _close_r
 .text._lseek_r
                0x10049414       0x28 C:/ST/STM32CubeIDE_1.16.0/STM32CubeIDE/plugins/com.st.stm32cube.ide.mcu.externaltools.gnu-tools-for-stm32.12.3.rel1.win32_1.1.0.202410251130/tools/bin/../lib/gcc/arm-none-eabi/12.3.1/../../../../arm-none-eabi/lib/thumb/v6-m/nofp\libc_nano.a(libc_a-lseekr.o)
                0x10049414                _lseek_r
 .text._read_r  0x1004943c       0x28 C:/ST/STM32CubeIDE_1.16.0/STM32CubeIDE/plugins/com.st.stm32cube.ide.mcu.externaltools.gnu-tools-for-stm32.12.3.rel1.win32_1.1.0.202410251130/tools/bin/../lib/gcc/arm-none-eabi/12.3.1/../../../../arm-none-eabi/lib/thumb/v6-m/nofp\libc_nano.a(libc_a-readr.o)
                0x1004943c                _read_r
 .text._write_r
                0x10049464       0x28 C:/ST/STM32CubeIDE_1.16.0/STM32CubeIDE/plugins/com.st.stm32cube.ide.mcu.externaltools.gnu-tools-for-stm32.12.3.rel1.win32_1.1.0.202410251130/tools/bin/../lib/gcc/arm-none-eabi/12.3.1/../../../../arm-none-eabi/lib/thumb/v6-m/nofp\libc_nano.a(libc_a-writer.o)
                0x10049464                _write_r
 .text.__errno  0x1004948c        0xc C:/ST/STM32CubeIDE_1.16.0/STM32CubeIDE/plugins/com.st.stm32cube.ide.mcu.externaltools.gnu-tools-for-stm32.12.3.rel1.win32_1.1.0.202410251130/tools/bin/../lib/gcc/arm-none-eabi/12.3.1/../../../../arm-none-eabi/lib/thumb/v6-m/nofp\libc_nano.a(libc_a-errno.o)
                0x1004948c                __errno
 .text.__retarget_lock_init_recursive
                0x10049498        0x2 C:/ST/STM32CubeIDE_1.16.0/STM32CubeIDE/plugins/com.st.stm32cube.ide.mcu.externaltools.gnu-tools-for-stm32.12.3.rel1.win32_1.1.0.202410251130/tools/bin/../lib/gcc/arm-none-eabi/12.3.1/../../../../arm-none-eabi/lib/thumb/v6-m/nofp\libc_nano.a(libc_a-lock.o)
                0x10049498                __retarget_lock_init_recursive
 .text.__retarget_lock_acquire_recursive
                0x1004949a        0x2 C:/ST/STM32CubeIDE_1.16.0/STM32CubeIDE/plugins/com.st.stm32cube.ide.mcu.externaltools.gnu-tools-for-stm32.12.3.rel1.win32_1.1.0.202410251130/tools/bin/../lib/gcc/arm-none-eabi/12.3.1/../../../../arm-none-eabi/lib/thumb/v6-m/nofp\libc_nano.a(libc_a-lock.o)
                0x1004949a                __retarget_lock_acquire_recursive
 .text.__retarget_lock_release_recursive
                0x1004949c        0x2 C:/ST/STM32CubeIDE_1.16.0/STM32CubeIDE/plugins/com.st.stm32cube.ide.mcu.externaltools.gnu-tools-for-stm32.12.3.rel1.win32_1.1.0.202410251130/tools/bin/../lib/gcc/arm-none-eabi/12.3.1/../../../../arm-none-eabi/lib/thumb/v6-m/nofp\libc_nano.a(libc_a-lock.o)
                0x1004949c                __retarget_lock_release_recursive
 .text.memchr   0x1004949e       0x16 C:/ST/STM32CubeIDE_1.16.0/STM32CubeIDE/plugins/com.st.stm32cube.ide.mcu.externaltools.gnu-tools-for-stm32.12.3.rel1.win32_1.1.0.202410251130/tools/bin/../lib/gcc/arm-none-eabi/12.3.1/../../../../arm-none-eabi/lib/thumb/v6-m/nofp\libc_nano.a(libc_a-memchr-stub.o)
                0x1004949e                memchr
 .text.quorem   0x100494b4      0x11c C:/ST/STM32CubeIDE_1.16.0/STM32CubeIDE/plugins/com.st.stm32cube.ide.mcu.externaltools.gnu-tools-for-stm32.12.3.rel1.win32_1.1.0.202410251130/tools/bin/../lib/gcc/arm-none-eabi/12.3.1/../../../../arm-none-eabi/lib/thumb/v6-m/nofp\libc_nano.a(libc_a-dtoa.o)
 .text._dtoa_r  0x100495d0      0xbe8 C:/ST/STM32CubeIDE_1.16.0/STM32CubeIDE/plugins/com.st.stm32cube.ide.mcu.externaltools.gnu-tools-for-stm32.12.3.rel1.win32_1.1.0.202410251130/tools/bin/../lib/gcc/arm-none-eabi/12.3.1/../../../../arm-none-eabi/lib/thumb/v6-m/nofp\libc_nano.a(libc_a-dtoa.o)
                0x100495d0                _dtoa_r
 .text._free_r  0x1004a1b8       0x94 C:/ST/STM32CubeIDE_1.16.0/STM32CubeIDE/plugins/com.st.stm32cube.ide.mcu.externaltools.gnu-tools-for-stm32.12.3.rel1.win32_1.1.0.202410251130/tools/bin/../lib/gcc/arm-none-eabi/12.3.1/../../../../arm-none-eabi/lib/thumb/v6-m/nofp\libc_nano.a(libc_a-freer.o)
                0x1004a1b8                _free_r
 .text.malloc   0x1004a24c       0x14 C:/ST/STM32CubeIDE_1.16.0/STM32CubeIDE/plugins/com.st.stm32cube.ide.mcu.externaltools.gnu-tools-for-stm32.12.3.rel1.win32_1.1.0.202410251130/tools/bin/../lib/gcc/arm-none-eabi/12.3.1/../../../../arm-none-eabi/lib/thumb/v6-m/nofp\libc_nano.a(libc_a-malloc.o)
                0x1004a24c                malloc
 .text.sbrk_aligned
                0x1004a260       0x44 C:/ST/STM32CubeIDE_1.16.0/STM32CubeIDE/plugins/com.st.stm32cube.ide.mcu.externaltools.gnu-tools-for-stm32.12.3.rel1.win32_1.1.0.202410251130/tools/bin/../lib/gcc/arm-none-eabi/12.3.1/../../../../arm-none-eabi/lib/thumb/v6-m/nofp\libc_nano.a(libc_a-mallocr.o)
 .text._malloc_r
                0x1004a2a4      0x100 C:/ST/STM32CubeIDE_1.16.0/STM32CubeIDE/plugins/com.st.stm32cube.ide.mcu.externaltools.gnu-tools-for-stm32.12.3.rel1.win32_1.1.0.202410251130/tools/bin/../lib/gcc/arm-none-eabi/12.3.1/../../../../arm-none-eabi/lib/thumb/v6-m/nofp\libc_nano.a(libc_a-mallocr.o)
                0x1004a2a4                _malloc_r
 .text.__malloc_lock
                0x1004a3a4       0x10 C:/ST/STM32CubeIDE_1.16.0/STM32CubeIDE/plugins/com.st.stm32cube.ide.mcu.externaltools.gnu-tools-for-stm32.12.3.rel1.win32_1.1.0.202410251130/tools/bin/../lib/gcc/arm-none-eabi/12.3.1/../../../../arm-none-eabi/lib/thumb/v6-m/nofp\libc_nano.a(libc_a-mlock.o)
                0x1004a3a4                __malloc_lock
 .text.__malloc_unlock
                0x1004a3b4       0x10 C:/ST/STM32CubeIDE_1.16.0/STM32CubeIDE/plugins/com.st.stm32cube.ide.mcu.externaltools.gnu-tools-for-stm32.12.3.rel1.win32_1.1.0.202410251130/tools/bin/../lib/gcc/arm-none-eabi/12.3.1/../../../../arm-none-eabi/lib/thumb/v6-m/nofp\libc_nano.a(libc_a-mlock.o)
                0x1004a3b4                __malloc_unlock
 .text._Balloc  0x1004a3c4       0x88 C:/ST/STM32CubeIDE_1.16.0/STM32CubeIDE/plugins/com.st.stm32cube.ide.mcu.externaltools.gnu-tools-for-stm32.12.3.rel1.win32_1.1.0.202410251130/tools/bin/../lib/gcc/arm-none-eabi/12.3.1/../../../../arm-none-eabi/lib/thumb/v6-m/nofp\libc_nano.a(libc_a-mprec.o)
                0x1004a3c4                _Balloc
 .text._Bfree   0x1004a44c       0x48 C:/ST/STM32CubeIDE_1.16.0/STM32CubeIDE/plugins/com.st.stm32cube.ide.mcu.externaltools.gnu-tools-for-stm32.12.3.rel1.win32_1.1.0.202410251130/tools/bin/../lib/gcc/arm-none-eabi/12.3.1/../../../../arm-none-eabi/lib/thumb/v6-m/nofp\libc_nano.a(libc_a-mprec.o)
                0x1004a44c                _Bfree
 .text.__multadd
                0x1004a494       0x88 C:/ST/STM32CubeIDE_1.16.0/STM32CubeIDE/plugins/com.st.stm32cube.ide.mcu.externaltools.gnu-tools-for-stm32.12.3.rel1.win32_1.1.0.202410251130/tools/bin/../lib/gcc/arm-none-eabi/12.3.1/../../../../arm-none-eabi/lib/thumb/v6-m/nofp\libc_nano.a(libc_a-mprec.o)
                0x1004a494                __multadd
 .text.__hi0bits
                0x1004a51c       0x42 C:/ST/STM32CubeIDE_1.16.0/STM32CubeIDE/plugins/com.st.stm32cube.ide.mcu.externaltools.gnu-tools-for-stm32.12.3.rel1.win32_1.1.0.202410251130/tools/bin/../lib/gcc/arm-none-eabi/12.3.1/../../../../arm-none-eabi/lib/thumb/v6-m/nofp\libc_nano.a(libc_a-mprec.o)
                0x1004a51c                __hi0bits
 .text.__lo0bits
                0x1004a55e       0x5c C:/ST/STM32CubeIDE_1.16.0/STM32CubeIDE/plugins/com.st.stm32cube.ide.mcu.externaltools.gnu-tools-for-stm32.12.3.rel1.win32_1.1.0.202410251130/tools/bin/../lib/gcc/arm-none-eabi/12.3.1/../../../../arm-none-eabi/lib/thumb/v6-m/nofp\libc_nano.a(libc_a-mprec.o)
                0x1004a55e                __lo0bits
 *fill*         0x1004a5ba        0x2 
 .text.__i2b    0x1004a5bc       0x30 C:/ST/STM32CubeIDE_1.16.0/STM32CubeIDE/plugins/com.st.stm32cube.ide.mcu.externaltools.gnu-tools-for-stm32.12.3.rel1.win32_1.1.0.202410251130/tools/bin/../lib/gcc/arm-none-eabi/12.3.1/../../../../arm-none-eabi/lib/thumb/v6-m/nofp\libc_nano.a(libc_a-mprec.o)
                0x1004a5bc                __i2b
 .text.__multiply
                0x1004a5ec      0x164 C:/ST/STM32CubeIDE_1.16.0/STM32CubeIDE/plugins/com.st.stm32cube.ide.mcu.externaltools.gnu-tools-for-stm32.12.3.rel1.win32_1.1.0.202410251130/tools/bin/../lib/gcc/arm-none-eabi/12.3.1/../../../../arm-none-eabi/lib/thumb/v6-m/nofp\libc_nano.a(libc_a-mprec.o)
                0x1004a5ec                __multiply
 .text.__pow5mult
                0x1004a750       0xb8 C:/ST/STM32CubeIDE_1.16.0/STM32CubeIDE/plugins/com.st.stm32cube.ide.mcu.externaltools.gnu-tools-for-stm32.12.3.rel1.win32_1.1.0.202410251130/tools/bin/../lib/gcc/arm-none-eabi/12.3.1/../../../../arm-none-eabi/lib/thumb/v6-m/nofp\libc_nano.a(libc_a-mprec.o)
                0x1004a750                __pow5mult
 .text.__lshift
                0x1004a808       0xd8 C:/ST/STM32CubeIDE_1.16.0/STM32CubeIDE/plugins/com.st.stm32cube.ide.mcu.externaltools.gnu-tools-for-stm32.12.3.rel1.win32_1.1.0.202410251130/tools/bin/../lib/gcc/arm-none-eabi/12.3.1/../../../../arm-none-eabi/lib/thumb/v6-m/nofp\libc_nano.a(libc_a-mprec.o)
                0x1004a808                __lshift
 .text.__mcmp   0x1004a8e0       0x36 C:/ST/STM32CubeIDE_1.16.0/STM32CubeIDE/plugins/com.st.stm32cube.ide.mcu.externaltools.gnu-tools-for-stm32.12.3.rel1.win32_1.1.0.202410251130/tools/bin/../lib/gcc/arm-none-eabi/12.3.1/../../../../arm-none-eabi/lib/thumb/v6-m/nofp\libc_nano.a(libc_a-mprec.o)
                0x1004a8e0                __mcmp
 *fill*         0x1004a916        0x2 
 .text.__mdiff  0x1004a918      0x134 C:/ST/STM32CubeIDE_1.16.0/STM32CubeIDE/plugins/com.st.stm32cube.ide.mcu.externaltools.gnu-tools-for-stm32.12.3.rel1.win32_1.1.0.202410251130/tools/bin/../lib/gcc/arm-none-eabi/12.3.1/../../../../arm-none-eabi/lib/thumb/v6-m/nofp\libc_nano.a(libc_a-mprec.o)
                0x1004a918                __mdiff
 .text.__d2b    0x1004aa4c       0xc0 C:/ST/STM32CubeIDE_1.16.0/STM32CubeIDE/plugins/com.st.stm32cube.ide.mcu.externaltools.gnu-tools-for-stm32.12.3.rel1.win32_1.1.0.202410251130/tools/bin/../lib/gcc/arm-none-eabi/12.3.1/../../../../arm-none-eabi/lib/thumb/v6-m/nofp\libc_nano.a(libc_a-mprec.o)
                0x1004aa4c                __d2b
 .text.__sflush_r
                0x1004ab0c      0x10c C:/ST/STM32CubeIDE_1.16.0/STM32CubeIDE/plugins/com.st.stm32cube.ide.mcu.externaltools.gnu-tools-for-stm32.12.3.rel1.win32_1.1.0.202410251130/tools/bin/../lib/gcc/arm-none-eabi/12.3.1/../../../../arm-none-eabi/lib/thumb/v6-m/nofp\libc_nano.a(libc_a-fflush.o)
                0x1004ab0c                __sflush_r
 .text._fflush_r
                0x1004ac18       0x56 C:/ST/STM32CubeIDE_1.16.0/STM32CubeIDE/plugins/com.st.stm32cube.ide.mcu.externaltools.gnu-tools-for-stm32.12.3.rel1.win32_1.1.0.202410251130/tools/bin/../lib/gcc/arm-none-eabi/12.3.1/../../../../arm-none-eabi/lib/thumb/v6-m/nofp\libc_nano.a(libc_a-fflush.o)
                0x1004ac18                _fflush_r
 *fill*         0x1004ac6e        0x2 
 .text._sbrk_r  0x1004ac70       0x24 C:/ST/STM32CubeIDE_1.16.0/STM32CubeIDE/plugins/com.st.stm32cube.ide.mcu.externaltools.gnu-tools-for-stm32.12.3.rel1.win32_1.1.0.202410251130/tools/bin/../lib/gcc/arm-none-eabi/12.3.1/../../../../arm-none-eabi/lib/thumb/v6-m/nofp\libc_nano.a(libc_a-sbrkr.o)
                0x1004ac70                _sbrk_r
 .text.memcpy   0x1004ac94       0x12 C:/ST/STM32CubeIDE_1.16.0/STM32CubeIDE/plugins/com.st.stm32cube.ide.mcu.externaltools.gnu-tools-for-stm32.12.3.rel1.win32_1.1.0.202410251130/tools/bin/../lib/gcc/arm-none-eabi/12.3.1/../../../../arm-none-eabi/lib/thumb/v6-m/nofp\libc_nano.a(libc_a-memcpy-stub.o)
                0x1004ac94                memcpy
 *fill*         0x1004aca6        0x2 
 .text.__assert_func
                0x1004aca8       0x3c C:/ST/STM32CubeIDE_1.16.0/STM32CubeIDE/plugins/com.st.stm32cube.ide.mcu.externaltools.gnu-tools-for-stm32.12.3.rel1.win32_1.1.0.202410251130/tools/bin/../lib/gcc/arm-none-eabi/12.3.1/../../../../arm-none-eabi/lib/thumb/v6-m/nofp\libc_nano.a(libc_a-assert.o)
                0x1004aca8                __assert_func
 .text._calloc_r
                0x1004ace4       0x5a C:/ST/STM32CubeIDE_1.16.0/STM32CubeIDE/plugins/com.st.stm32cube.ide.mcu.externaltools.gnu-tools-for-stm32.12.3.rel1.win32_1.1.0.202410251130/tools/bin/../lib/gcc/arm-none-eabi/12.3.1/../../../../arm-none-eabi/lib/thumb/v6-m/nofp\libc_nano.a(libc_a-callocr.o)
                0x1004ace4                _calloc_r
 .text.__ascii_mbtowc
                0x1004ad3e       0x24 C:/ST/STM32CubeIDE_1.16.0/STM32CubeIDE/plugins/com.st.stm32cube.ide.mcu.externaltools.gnu-tools-for-stm32.12.3.rel1.win32_1.1.0.202410251130/tools/bin/../lib/gcc/arm-none-eabi/12.3.1/../../../../arm-none-eabi/lib/thumb/v6-m/nofp\libc_nano.a(libc_a-mbtowc_r.o)
                0x1004ad3e                __ascii_mbtowc
 .text.__ascii_wctomb
                0x1004ad62       0x1a C:/ST/STM32CubeIDE_1.16.0/STM32CubeIDE/plugins/com.st.stm32cube.ide.mcu.externaltools.gnu-tools-for-stm32.12.3.rel1.win32_1.1.0.202410251130/tools/bin/../lib/gcc/arm-none-eabi/12.3.1/../../../../arm-none-eabi/lib/thumb/v6-m/nofp\libc_nano.a(libc_a-wctomb_r.o)
                0x1004ad62                __ascii_wctomb
 .text.fprintf  0x1004ad7c       0x20 C:/ST/STM32CubeIDE_1.16.0/STM32CubeIDE/plugins/com.st.stm32cube.ide.mcu.externaltools.gnu-tools-for-stm32.12.3.rel1.win32_1.1.0.202410251130/tools/bin/../lib/gcc/arm-none-eabi/12.3.1/../../../../arm-none-eabi/lib/thumb/v6-m/nofp\libc_nano.a(libc_a-fprintf.o)
                0x1004ad7c                fiprintf
                0x1004ad7c                fprintf
 .text.abort    0x1004ad9c        0xe C:/ST/STM32CubeIDE_1.16.0/STM32CubeIDE/plugins/com.st.stm32cube.ide.mcu.externaltools.gnu-tools-for-stm32.12.3.rel1.win32_1.1.0.202410251130/tools/bin/../lib/gcc/arm-none-eabi/12.3.1/../../../../arm-none-eabi/lib/thumb/v6-m/nofp\libc_nano.a(libc_a-abort.o)
                0x1004ad9c                abort
 .text.__sfputc_r
                0x1004adaa       0x2a C:/ST/STM32CubeIDE_1.16.0/STM32CubeIDE/plugins/com.st.stm32cube.ide.mcu.externaltools.gnu-tools-for-stm32.12.3.rel1.win32_1.1.0.202410251130/tools/bin/../lib/gcc/arm-none-eabi/12.3.1/../../../../arm-none-eabi/lib/thumb/v6-m/nofp\libc_nano.a(libc_a-nano-vfprintf.o)
 .text.__sfputs_r
                0x1004add4       0x24 C:/ST/STM32CubeIDE_1.16.0/STM32CubeIDE/plugins/com.st.stm32cube.ide.mcu.externaltools.gnu-tools-for-stm32.12.3.rel1.win32_1.1.0.202410251130/tools/bin/../lib/gcc/arm-none-eabi/12.3.1/../../../../arm-none-eabi/lib/thumb/v6-m/nofp\libc_nano.a(libc_a-nano-vfprintf.o)
                0x1004add4                __sfputs_r
 .text._vfprintf_r
                0x1004adf8      0x238 C:/ST/STM32CubeIDE_1.16.0/STM32CubeIDE/plugins/com.st.stm32cube.ide.mcu.externaltools.gnu-tools-for-stm32.12.3.rel1.win32_1.1.0.202410251130/tools/bin/../lib/gcc/arm-none-eabi/12.3.1/../../../../arm-none-eabi/lib/thumb/v6-m/nofp\libc_nano.a(libc_a-nano-vfprintf.o)
                0x1004adf8                _vfprintf_r
                0x1004adf8                _vfiprintf_r
 .text.__swbuf_r
                0x1004b030       0x84 C:/ST/STM32CubeIDE_1.16.0/STM32CubeIDE/plugins/com.st.stm32cube.ide.mcu.externaltools.gnu-tools-for-stm32.12.3.rel1.win32_1.1.0.202410251130/tools/bin/../lib/gcc/arm-none-eabi/12.3.1/../../../../arm-none-eabi/lib/thumb/v6-m/nofp\libc_nano.a(libc_a-wbuf.o)
                0x1004b030                __swbuf_r
 .text.__swsetup_r
                0x1004b0b4       0xbc C:/ST/STM32CubeIDE_1.16.0/STM32CubeIDE/plugins/com.st.stm32cube.ide.mcu.externaltools.gnu-tools-for-stm32.12.3.rel1.win32_1.1.0.202410251130/tools/bin/../lib/gcc/arm-none-eabi/12.3.1/../../../../arm-none-eabi/lib/thumb/v6-m/nofp\libc_nano.a(libc_a-wsetup.o)
                0x1004b0b4                __swsetup_r
 .text._raise_r
                0x1004b170       0x52 C:/ST/STM32CubeIDE_1.16.0/STM32CubeIDE/plugins/com.st.stm32cube.ide.mcu.externaltools.gnu-tools-for-stm32.12.3.rel1.win32_1.1.0.202410251130/tools/bin/../lib/gcc/arm-none-eabi/12.3.1/../../../../arm-none-eabi/lib/thumb/v6-m/nofp\libc_nano.a(libc_a-signal.o)
                0x1004b170                _raise_r
 *fill*         0x1004b1c2        0x2 
 .text.raise    0x1004b1c4       0x14 C:/ST/STM32CubeIDE_1.16.0/STM32CubeIDE/plugins/com.st.stm32cube.ide.mcu.externaltools.gnu-tools-for-stm32.12.3.rel1.win32_1.1.0.202410251130/tools/bin/../lib/gcc/arm-none-eabi/12.3.1/../../../../arm-none-eabi/lib/thumb/v6-m/nofp\libc_nano.a(libc_a-signal.o)
                0x1004b1c4                raise
 .text._kill_r  0x1004b1d8       0x24 C:/ST/STM32CubeIDE_1.16.0/STM32CubeIDE/plugins/com.st.stm32cube.ide.mcu.externaltools.gnu-tools-for-stm32.12.3.rel1.win32_1.1.0.202410251130/tools/bin/../lib/gcc/arm-none-eabi/12.3.1/../../../../arm-none-eabi/lib/thumb/v6-m/nofp\libc_nano.a(libc_a-signalr.o)
                0x1004b1d8                _kill_r
 .text._getpid_r
                0x1004b1fc        0x8 C:/ST/STM32CubeIDE_1.16.0/STM32CubeIDE/plugins/com.st.stm32cube.ide.mcu.externaltools.gnu-tools-for-stm32.12.3.rel1.win32_1.1.0.202410251130/tools/bin/../lib/gcc/arm-none-eabi/12.3.1/../../../../arm-none-eabi/lib/thumb/v6-m/nofp\libc_nano.a(libc_a-signalr.o)
                0x1004b1fc                _getpid_r
 .text.__swhatbuf_r
                0x1004b204       0x54 C:/ST/STM32CubeIDE_1.16.0/STM32CubeIDE/plugins/com.st.stm32cube.ide.mcu.externaltools.gnu-tools-for-stm32.12.3.rel1.win32_1.1.0.202410251130/tools/bin/../lib/gcc/arm-none-eabi/12.3.1/../../../../arm-none-eabi/lib/thumb/v6-m/nofp\libc_nano.a(libc_a-makebuf.o)
                0x1004b204                __swhatbuf_r
 .text.__smakebuf_r
                0x1004b258       0x82 C:/ST/STM32CubeIDE_1.16.0/STM32CubeIDE/plugins/com.st.stm32cube.ide.mcu.externaltools.gnu-tools-for-stm32.12.3.rel1.win32_1.1.0.202410251130/tools/bin/../lib/gcc/arm-none-eabi/12.3.1/../../../../arm-none-eabi/lib/thumb/v6-m/nofp\libc_nano.a(libc_a-makebuf.o)
                0x1004b258                __smakebuf_r
 *fill*         0x1004b2da        0x2 
 .text._fstat_r
                0x1004b2dc       0x24 C:/ST/STM32CubeIDE_1.16.0/STM32CubeIDE/plugins/com.st.stm32cube.ide.mcu.externaltools.gnu-tools-for-stm32.12.3.rel1.win32_1.1.0.202410251130/tools/bin/../lib/gcc/arm-none-eabi/12.3.1/../../../../arm-none-eabi/lib/thumb/v6-m/nofp\libc_nano.a(libc_a-fstatr.o)
                0x1004b2dc                _fstat_r
 .text._isatty_r
                0x1004b300       0x24 C:/ST/STM32CubeIDE_1.16.0/STM32CubeIDE/plugins/com.st.stm32cube.ide.mcu.externaltools.gnu-tools-for-stm32.12.3.rel1.win32_1.1.0.202410251130/tools/bin/../lib/gcc/arm-none-eabi/12.3.1/../../../../arm-none-eabi/lib/thumb/v6-m/nofp\libc_nano.a(libc_a-isattyr.o)
                0x1004b300                _isatty_r
 *(i.*)
 *(.constdata)
 *(.glue_7)
 .glue_7        0x1004b324        0x0 linker stubs
 *(.glue_7t)
 .glue_7t       0x1004b324        0x0 linker stubs
                0x1004b324                        . = ALIGN (0x4)
                0x1004b324                        _etext = .

.vfp11_veneer   0x1004b324        0x0
 .vfp11_veneer  0x1004b324        0x0 linker stubs

.v4_bx          0x1004b324        0x0
 .v4_bx         0x1004b324        0x0 linker stubs

.init           0x1004b324        0x4
 .init          0x1004b324        0x4 C:/ST/STM32CubeIDE_1.16.0/STM32CubeIDE/plugins/com.st.stm32cube.ide.mcu.externaltools.gnu-tools-for-stm32.12.3.rel1.win32_1.1.0.202410251130/tools/bin/../lib/gcc/arm-none-eabi/12.3.1/thumb/v6-m/nofp/crti.o
                0x1004b324                _init

.fini           0x1004b328        0x4
 .fini          0x1004b328        0x4 C:/ST/STM32CubeIDE_1.16.0/STM32CubeIDE/plugins/com.st.stm32cube.ide.mcu.externaltools.gnu-tools-for-stm32.12.3.rel1.win32_1.1.0.202410251130/tools/bin/../lib/gcc/arm-none-eabi/12.3.1/thumb/v6-m/nofp/crti.o
                0x1004b328                _fini

.iplt           0x1004b32c        0x0
 .iplt          0x1004b32c        0x0 ./Core/Inc/DW1000.o

.rodata         0x1004b330      0x3b8
                0x1004b330                        . = ALIGN (0x4)
 *(.rodata)
 .rodata        0x1004b330        0x5 ./Drivers/STM32WB0x_HAL_Driver/Src/stm32wb0x_hal_radio.o
 *fill*         0x1004b335        0x3 
 .rodata        0x1004b338       0x40 C:/ST/STM32CubeIDE_1.16.0/STM32CubeIDE/plugins/com.st.stm32cube.ide.mcu.externaltools.gnu-tools-for-stm32.12.3.rel1.win32_1.1.0.202410251130/tools/bin/../lib/gcc/arm-none-eabi/12.3.1/thumb/v6-m/nofp\libgcc.a(divdf3.o)
 *(.rodata*)
 .rodata._printf_float.str1.1
                0x1004b378       0x12 C:/ST/STM32CubeIDE_1.16.0/STM32CubeIDE/plugins/com.st.stm32cube.ide.mcu.externaltools.gnu-tools-for-stm32.12.3.rel1.win32_1.1.0.202410251130/tools/bin/../lib/gcc/arm-none-eabi/12.3.1/../../../../arm-none-eabi/lib/thumb/v6-m/nofp\libc_nano.a(libc_a-nano-vfprintf_float.o)
 .rodata._printf_i.str1.1
                0x1004b38a       0x22 C:/ST/STM32CubeIDE_1.16.0/STM32CubeIDE/plugins/com.st.stm32cube.ide.mcu.externaltools.gnu-tools-for-stm32.12.3.rel1.win32_1.1.0.202410251130/tools/bin/../lib/gcc/arm-none-eabi/12.3.1/../../../../arm-none-eabi/lib/thumb/v6-m/nofp\libc_nano.a(libc_a-nano-vfprintf_i.o)
 .rodata._dtoa_r.str1.1
                0x1004b3ac       0x8d C:/ST/STM32CubeIDE_1.16.0/STM32CubeIDE/plugins/com.st.stm32cube.ide.mcu.externaltools.gnu-tools-for-stm32.12.3.rel1.win32_1.1.0.202410251130/tools/bin/../lib/gcc/arm-none-eabi/12.3.1/../../../../arm-none-eabi/lib/thumb/v6-m/nofp\libc_nano.a(libc_a-dtoa.o)
                                 0x8f (size before relaxing)
 .rodata._Balloc.str1.1
                0x1004b439       0x59 C:/ST/STM32CubeIDE_1.16.0/STM32CubeIDE/plugins/com.st.stm32cube.ide.mcu.externaltools.gnu-tools-for-stm32.12.3.rel1.win32_1.1.0.202410251130/tools/bin/../lib/gcc/arm-none-eabi/12.3.1/../../../../arm-none-eabi/lib/thumb/v6-m/nofp\libc_nano.a(libc_a-mprec.o)
                                 0x70 (size before relaxing)
 .rodata.__multadd.str1.1
                0x1004b492       0x11 C:/ST/STM32CubeIDE_1.16.0/STM32CubeIDE/plugins/com.st.stm32cube.ide.mcu.externaltools.gnu-tools-for-stm32.12.3.rel1.win32_1.1.0.202410251130/tools/bin/../lib/gcc/arm-none-eabi/12.3.1/../../../../arm-none-eabi/lib/thumb/v6-m/nofp\libc_nano.a(libc_a-mprec.o)
 *fill*         0x1004b492        0x2 
 .rodata.p05.0  0x1004b494        0xc C:/ST/STM32CubeIDE_1.16.0/STM32CubeIDE/plugins/com.st.stm32cube.ide.mcu.externaltools.gnu-tools-for-stm32.12.3.rel1.win32_1.1.0.202410251130/tools/bin/../lib/gcc/arm-none-eabi/12.3.1/../../../../arm-none-eabi/lib/thumb/v6-m/nofp\libc_nano.a(libc_a-mprec.o)
 .rodata.__mprec_bigtens
                0x1004b4a0       0x28 C:/ST/STM32CubeIDE_1.16.0/STM32CubeIDE/plugins/com.st.stm32cube.ide.mcu.externaltools.gnu-tools-for-stm32.12.3.rel1.win32_1.1.0.202410251130/tools/bin/../lib/gcc/arm-none-eabi/12.3.1/../../../../arm-none-eabi/lib/thumb/v6-m/nofp\libc_nano.a(libc_a-mprec.o)
                0x1004b4a0                __mprec_bigtens
 .rodata.__mprec_tens
                0x1004b4c8       0xc8 C:/ST/STM32CubeIDE_1.16.0/STM32CubeIDE/plugins/com.st.stm32cube.ide.mcu.externaltools.gnu-tools-for-stm32.12.3.rel1.win32_1.1.0.202410251130/tools/bin/../lib/gcc/arm-none-eabi/12.3.1/../../../../arm-none-eabi/lib/thumb/v6-m/nofp\libc_nano.a(libc_a-mprec.o)
                0x1004b4c8                __mprec_tens
 .rodata._setlocale_r.str1.1
                0x1004b590        0x8 C:/ST/STM32CubeIDE_1.16.0/STM32CubeIDE/plugins/com.st.stm32cube.ide.mcu.externaltools.gnu-tools-for-stm32.12.3.rel1.win32_1.1.0.202410251130/tools/bin/../lib/gcc/arm-none-eabi/12.3.1/../../../../arm-none-eabi/lib/thumb/v6-m/nofp\libc_nano.a(libc_a-locale.o)
                                  0x9 (size before relaxing)
 .rodata.str1.1
                0x1004b598        0x2 C:/ST/STM32CubeIDE_1.16.0/STM32CubeIDE/plugins/com.st.stm32cube.ide.mcu.externaltools.gnu-tools-for-stm32.12.3.rel1.win32_1.1.0.202410251130/tools/bin/../lib/gcc/arm-none-eabi/12.3.1/../../../../arm-none-eabi/lib/thumb/v6-m/nofp\libc_nano.a(libc_a-locale.o)
 .rodata.__assert_func.str1.1
                0x1004b59a       0x3c C:/ST/STM32CubeIDE_1.16.0/STM32CubeIDE/plugins/com.st.stm32cube.ide.mcu.externaltools.gnu-tools-for-stm32.12.3.rel1.win32_1.1.0.202410251130/tools/bin/../lib/gcc/arm-none-eabi/12.3.1/../../../../arm-none-eabi/lib/thumb/v6-m/nofp\libc_nano.a(libc_a-assert.o)
                                 0x3d (size before relaxing)
 .rodata._ctype_
                0x1004b5d6      0x101 C:/ST/STM32CubeIDE_1.16.0/STM32CubeIDE/plugins/com.st.stm32cube.ide.mcu.externaltools.gnu-tools-for-stm32.12.3.rel1.win32_1.1.0.202410251130/tools/bin/../lib/gcc/arm-none-eabi/12.3.1/../../../../arm-none-eabi/lib/thumb/v6-m/nofp\libc_nano.a(libc_a-ctype_.o)
                0x1004b5d6                _ctype_
 .rodata._vfprintf_r.str1.1
                0x1004b6d7       0x11 C:/ST/STM32CubeIDE_1.16.0/STM32CubeIDE/plugins/com.st.stm32cube.ide.mcu.externaltools.gnu-tools-for-stm32.12.3.rel1.win32_1.1.0.202410251130/tools/bin/../lib/gcc/arm-none-eabi/12.3.1/../../../../arm-none-eabi/lib/thumb/v6-m/nofp\libc_nano.a(libc_a-nano-vfprintf.o)
                0x1004b6e8                        . = ALIGN (0x4)

.rel.dyn        0x1004b6e8        0x0
 .rel.iplt      0x1004b6e8        0x0 ./Core/Inc/DW1000.o

.ARM.extab
 *(.ARM.extab*)

.ARM            0x1004b6e8        0x0
                0x1004b6e8                        __exidx_start = .
 *(.ARM.exidx*)
                0x1004b6e8                        __exidx_end = .
                0x1004b6e8                        _sidata = LOADADDR (.data)

.ram_preamble   0x20000004       0x2c
 *(.ram_vr)
 .ram_vr        0x20000004       0x2c ./Core/Src/system_stm32wb0x.o
                0x20000004                RAM_VR

.ram_preamble_2
 *(.crash_info_ram_vr)

.bss.blueRAM    0x200000c0       0xbc
                0x200000c0                        . = ALIGN (0x4)
                0x200000c0                        _sbssblue = .
 *(.bss.__blue_RAM)
 .bss.__blue_RAM
                0x200000c0       0xbc ./Drivers/STM32WB0x_HAL_Driver/Src/stm32wb0x_hal_radio.o
                0x200000c0                __blue_RAM
                0x2000017c                        . = ALIGN (0x4)
                0x2000017c                        _ebssblue = .

.bss            0x2000017c      0x948
                0x2000017c                        . = ALIGN (0x4)
                0x2000017c                        _sbss = .
 *(.bss)
 *(.bss*)
 .bss.txFCTRL   0x2000017c        0x4 ./Core/Inc/DW1000.o
                0x2000017c                txFCTRL
 .bss.status_reg
                0x20000180        0x4 ./Core/Inc/DW1000.o
                0x20000180                status_reg
 .bss.rx_buffer
                0x20000184       0x19 ./Core/Inc/DW1000.o
                0x20000184                rx_buffer
 *fill*         0x2000019d        0x3 
 .bss.poll_tx_ts
                0x200001a0        0x8 ./Core/Inc/DW1000.o
                0x200001a0                poll_tx_ts
 .bss.resp_rx_ts
                0x200001a8        0x8 ./Core/Inc/DW1000.o
                0x200001a8                resp_rx_ts
 .bss.final_tx_ts
                0x200001b0        0x8 ./Core/Inc/DW1000.o
                0x200001b0                final_tx_ts
 .bss.frame_seq_nb
                0x200001b8        0x1 ./Core/Inc/DW1000.o
                0x200001b8                frame_seq_nb
 *fill*         0x200001b9        0x3 
 .bss.hspi1     0x200001bc       0x64 ./Core/Src/main.o
                0x200001bc                hspi1
 .bss.hspi2     0x20000220       0x64 ./Core/Src/main.o
                0x20000220                hspi2
 .bss.sendData  0x20000284      0x101 ./Core/Src/main.o
                0x20000284                sendData
 *fill*         0x20000385        0x3 
 .bss.receivedData
                0x20000388      0x101 ./Core/Src/main.o
                0x20000388                receivedData
 *fill*         0x20000489        0x3 
 .bss.receivedDistanceData
                0x2000048c      0x101 ./Core/Src/main.o
                0x2000048c                receivedDistanceData
 .bss.sendNewPacket
                0x2000058d        0x1 ./Core/Src/main.o
                0x2000058d                sendNewPacket
 .bss.beacon_count
                0x2000058e        0x1 ./Core/Src/main.o
                0x2000058e                beacon_count
 .bss.current_channel
                0x2000058f        0x1 ./Core/Src/main.o
                0x2000058f                current_channel
 .bss.beacon_ID
                0x20000590      0x140 ./Core/Src/main.o
                0x20000590                beacon_ID
 .bss.distance_to_beacon
                0x200006d0      0x140 ./Core/Src/main.o
                0x200006d0                distance_to_beacon
 .bss.__sbrk_heap_end
                0x20000810        0x4 ./Core/Src/sysmem.o
 .bss.uwTick    0x20000814        0x4 ./Drivers/STM32WB0x_HAL_Driver/Src/stm32wb0x_hal.o
                0x20000814                uwTick
 .bss.globalParameters
                0x20000818        0xc ./Drivers/STM32WB0x_HAL_Driver/Src/stm32wb0x_hal_radio.o
                0x20000818                globalParameters
 .bss.aPacket   0x20000824       0x80 ./Drivers/STM32WB0x_HAL_Driver/Src/stm32wb0x_hal_radio.o
 .bss.hot_table_radio_config_u32
                0x200008a4       0x30 ./Drivers/STM32WB0x_HAL_Driver/Src/stm32wb0x_hal_radio.o
                0x200008a4                hot_table_radio_config_u32
 *fill*         0x200008d4        0x4 
 .bss.RADIO_TIMER_Context
                0x200008d8       0xa0 ./Drivers/STM32WB0x_HAL_Driver/Src/stm32wb0x_hal_radio_timer.o
 .bss.__sf      0x20000978      0x138 C:/ST/STM32CubeIDE_1.16.0/STM32CubeIDE/plugins/com.st.stm32cube.ide.mcu.externaltools.gnu-tools-for-stm32.12.3.rel1.win32_1.1.0.202410251130/tools/bin/../lib/gcc/arm-none-eabi/12.3.1/../../../../arm-none-eabi/lib/thumb/v6-m/nofp\libc_nano.a(libc_a-findfp.o)
                0x20000978                __sf
 .bss.__stdio_exit_handler
                0x20000ab0        0x4 C:/ST/STM32CubeIDE_1.16.0/STM32CubeIDE/plugins/com.st.stm32cube.ide.mcu.externaltools.gnu-tools-for-stm32.12.3.rel1.win32_1.1.0.202410251130/tools/bin/../lib/gcc/arm-none-eabi/12.3.1/../../../../arm-none-eabi/lib/thumb/v6-m/nofp\libc_nano.a(libc_a-findfp.o)
                0x20000ab0                __stdio_exit_handler
 .bss.errno     0x20000ab4        0x4 C:/ST/STM32CubeIDE_1.16.0/STM32CubeIDE/plugins/com.st.stm32cube.ide.mcu.externaltools.gnu-tools-for-stm32.12.3.rel1.win32_1.1.0.202410251130/tools/bin/../lib/gcc/arm-none-eabi/12.3.1/../../../../arm-none-eabi/lib/thumb/v6-m/nofp\libc_nano.a(libc_a-reent.o)
                0x20000ab4                errno
 .bss.__lock___malloc_recursive_mutex
                0x20000ab8        0x1 C:/ST/STM32CubeIDE_1.16.0/STM32CubeIDE/plugins/com.st.stm32cube.ide.mcu.externaltools.gnu-tools-for-stm32.12.3.rel1.win32_1.1.0.202410251130/tools/bin/../lib/gcc/arm-none-eabi/12.3.1/../../../../arm-none-eabi/lib/thumb/v6-m/nofp\libc_nano.a(libc_a-lock.o)
                0x20000ab8                __lock___malloc_recursive_mutex
 .bss.__lock___sfp_recursive_mutex
                0x20000ab9        0x1 C:/ST/STM32CubeIDE_1.16.0/STM32CubeIDE/plugins/com.st.stm32cube.ide.mcu.externaltools.gnu-tools-for-stm32.12.3.rel1.win32_1.1.0.202410251130/tools/bin/../lib/gcc/arm-none-eabi/12.3.1/../../../../arm-none-eabi/lib/thumb/v6-m/nofp\libc_nano.a(libc_a-lock.o)
                0x20000ab9                __lock___sfp_recursive_mutex
 *fill*         0x20000aba        0x2 
 .bss.__malloc_sbrk_start
                0x20000abc        0x4 C:/ST/STM32CubeIDE_1.16.0/STM32CubeIDE/plugins/com.st.stm32cube.ide.mcu.externaltools.gnu-tools-for-stm32.12.3.rel1.win32_1.1.0.202410251130/tools/bin/../lib/gcc/arm-none-eabi/12.3.1/../../../../arm-none-eabi/lib/thumb/v6-m/nofp\libc_nano.a(libc_a-mallocr.o)
                0x20000abc                __malloc_sbrk_start
 .bss.__malloc_free_list
                0x20000ac0        0x4 C:/ST/STM32CubeIDE_1.16.0/STM32CubeIDE/plugins/com.st.stm32cube.ide.mcu.externaltools.gnu-tools-for-stm32.12.3.rel1.win32_1.1.0.202410251130/tools/bin/../lib/gcc/arm-none-eabi/12.3.1/../../../../arm-none-eabi/lib/thumb/v6-m/nofp\libc_nano.a(libc_a-mallocr.o)
                0x20000ac0                __malloc_free_list
 *(COMMON)
                0x20000ac4                        . = ALIGN (0x4)
                0x20000ac4                        _ebss = .

.data           0x20000ac4      0x234 load address 0x1004b6e8
                0x20000ac4                        . = ALIGN (0x4)
                0x20000ac4                        _sdata = .
 *(.data)
 *(.data*)
 .data.dw1000_cfg
                0x20000ac4        0xc ./Core/Inc/DW1000.o
                0x20000ac4                dw1000_cfg
 .data.tx_poll_msg
                0x20000ad0        0xd ./Core/Inc/DW1000.o
                0x20000ad0                tx_poll_msg
 *fill*         0x20000add        0x3 
 .data.rx_resp_msg
                0x20000ae0       0x10 ./Core/Inc/DW1000.o
                0x20000ae0                rx_resp_msg
 .data.tx_final_msg
                0x20000af0       0x19 ./Core/Inc/DW1000.o
                0x20000af0                tx_final_msg
 *fill*         0x20000b09        0x3 
 .data.dw1000   0x20000b0c       0x14 ./Core/Src/main.o
                0x20000b0c                dw1000
 .data.SystemCoreClock
                0x20000b20        0x4 ./Core/Src/system_stm32wb0x.o
                0x20000b20                SystemCoreClock
 .data.uwTickPrio
                0x20000b24        0x4 ./Drivers/STM32WB0x_HAL_Driver/Src/stm32wb0x_hal.o
                0x20000b24                uwTickPrio
 .data.uwTickFreq
                0x20000b28        0x1 ./Drivers/STM32WB0x_HAL_Driver/Src/stm32wb0x_hal.o
                0x20000b28                uwTickFreq
 *fill*         0x20000b29        0x3 
 .data.networkID
                0x20000b2c        0x4 ./Drivers/STM32WB0x_HAL_Driver/Src/stm32wb0x_hal_radio.o
 .data.__sglue  0x20000b30        0xc C:/ST/STM32CubeIDE_1.16.0/STM32CubeIDE/plugins/com.st.stm32cube.ide.mcu.externaltools.gnu-tools-for-stm32.12.3.rel1.win32_1.1.0.202410251130/tools/bin/../lib/gcc/arm-none-eabi/12.3.1/../../../../arm-none-eabi/lib/thumb/v6-m/nofp\libc_nano.a(libc_a-findfp.o)
                0x20000b30                __sglue
 .data._impure_ptr
                0x20000b3c        0x4 C:/ST/STM32CubeIDE_1.16.0/STM32CubeIDE/plugins/com.st.stm32cube.ide.mcu.externaltools.gnu-tools-for-stm32.12.3.rel1.win32_1.1.0.202410251130/tools/bin/../lib/gcc/arm-none-eabi/12.3.1/../../../../arm-none-eabi/lib/thumb/v6-m/nofp\libc_nano.a(libc_a-impure.o)
                0x20000b3c                _impure_ptr
 .data._impure_data
                0x20000b40       0x4c C:/ST/STM32CubeIDE_1.16.0/STM32CubeIDE/plugins/com.st.stm32cube.ide.mcu.externaltools.gnu-tools-for-stm32.12.3.rel1.win32_1.1.0.202410251130/tools/bin/../lib/gcc/arm-none-eabi/12.3.1/../../../../arm-none-eabi/lib/thumb/v6-m/nofp\libc_nano.a(libc_a-impure.o)
                0x20000b40                _impure_data
 .data.__global_locale
                0x20000b8c      0x16c C:/ST/STM32CubeIDE_1.16.0/STM32CubeIDE/plugins/com.st.stm32cube.ide.mcu.externaltools.gnu-tools-for-stm32.12.3.rel1.win32_1.1.0.202410251130/tools/bin/../lib/gcc/arm-none-eabi/12.3.1/../../../../arm-none-eabi/lib/thumb/v6-m/nofp\libc_nano.a(libc_a-locale.o)
                0x20000b8c                __global_locale
                0x20000cf8                        . = ALIGN (0x4)
                0x20000cf8                        _edata = .

.igot.plt       0x20000cf8        0x0 load address 0x1004b91c
 .igot.plt      0x20000cf8        0x0 ./Core/Inc/DW1000.o

.noinit         0x20000cf8        0x0 load address 0x1004b91c
                0x20000cf8                        . = ALIGN (0x4)
 *(.noinit)
                0x20000cf8                        . = ALIGN (0x4)

.ota_region_end
                0x1004b91c        0x0
                0x1004b91c                        . = ALIGN (0x4)
 *(TAG_OTA_END)
                0x1004b91c                        . = ALIGN (0x4)

.heap           0x20000cf8        0x0
                0x20000cf8                        . = ALIGN (0x4)
                [!provide]                        PROVIDE (end = .)
                0x20000cf8                        PROVIDE (_end = .)
                0x20000cf8                        . = (. + _Min_Heap_Size)
                0x20000cf8                        . = ALIGN (0x4)

.stack          0x2000f400      0xc00
                0x2000f400                        . = ALIGN (0x4)
                0x20010000                        . = (. + _Min_Stack_Size)
 *fill*         0x2000f400      0xc00 
                0x20010000                        . = ALIGN (0x4)
                0x20010000                        _estack = .
                0x20010000                        . = ALIGN (0x4)

.rom_info       0x10000000        0x0
                0x10000000                        . = ALIGN (0x4)
 *(.rom_info)
                0x10000000                        . = ALIGN (0x4)

/DISCARD/
 libc.a(*)
 libm.a(*)
 libgcc.a(*)

.ARM.attributes
                0x00000000       0x28
 *(.ARM.attributes)
 .ARM.attributes