../Drivers/STM32WB0x_HAL_Driver/Inc/stm32wb0x_ll_pwr.h:2503:22:LL_PWR_EnableGPIOPullUp	1
../Drivers/STM32WB0x_HAL_Driver/Inc/stm32wb0x_ll_pwr.h:2694:22:LL_PWR_SetNoPullA	1
../Drivers/STM32WB0x_HAL_Driver/Inc/stm32wb0x_ll_pwr.h:2723:22:LL_PWR_SetNoPullB	1
../Drivers/STM32WB0x_HAL_Driver/Inc/stm32wb0x_ll_radio_timer.h:325:26:LL_RADIO_TIMER_GetAbsoluteTime	1
../Drivers/STM32WB0x_HAL_Driver/Inc/stm32wb0x_ll_bus.h:229:22:LL_AHB1_GRP1_EnableClock	1
../Drivers/STM32WB0x_HAL_Driver/Inc/stm32wb0x_ll_bus.h:642:22:LL_APB2_GRP1_EnableClock	1
../Drivers/STM32WB0x_HAL_Driver/Inc/stm32wb0x_ll_bus.h:659:26:LL_APB2_GRP1_IsEnabledClock	2
../Drivers/STM32WB0x_HAL_Driver/Inc/stm32wb0x_ll_bus.h:685:22:LL_APB2_GRP1_ForceReset	1
../Drivers/STM32WB0x_HAL_Driver/Inc/stm32wb0x_ll_bus.h:698:22:LL_APB2_GRP1_ReleaseReset	1
../Core/Src/main.c:89:5:main	12
../Core/Src/main.c:213:6:SystemClock_Config	3
../Core/Src/main.c:244:6:PeriphCommonClock_Config	2
../Core/Src/main.c:264:13:MX_RADIO_Init	1
../Core/Src/main.c:289:13:MX_RADIO_TIMER_Init	3
../Core/Src/main.c:328:13:MX_SPI1_Init	2
../Core/Src/main.c:368:13:MX_SPI2_Init	2
../Core/Src/main.c:408:13:MX_GPIO_Init	1
../Core/Src/main.c:470:6:split_from_uint64	3
../Core/Src/main.c:475:10:combine_to_uint64	3
../Core/Src/main.c:485:6:HAL_RADIO_CallbackRcvOk	10
../Core/Src/main.c:518:6:HAL_GPIO_EXTI_Callback	1
../Core/Src/main.c:527:6:Error_Handler	1
