Archive member included to satisfy reference by file (symbol)

C:/ST/STM32CubeIDE_1.16.0/STM32CubeIDE/plugins/com.st.stm32cube.ide.mcu.externaltools.gnu-tools-for-stm32.12.3.rel1.win32_1.1.0.202410251130/tools/bin/../lib/gcc/arm-none-eabi/12.3.1/../../../../arm-none-eabi/lib/thumb/v6-m/nofp\libc_nano.a(libc_a-exit.o)
                              C:/ST/STM32CubeIDE_1.16.0/STM32CubeIDE/plugins/com.st.stm32cube.ide.mcu.externaltools.gnu-tools-for-stm32.12.3.rel1.win32_1.1.0.202410251130/tools/bin/../lib/gcc/arm-none-eabi/12.3.1/../../../../arm-none-eabi/lib/thumb/v6-m/nofp/crt0.o (exit)
C:/ST/STM32CubeIDE_1.16.0/STM32CubeIDE/plugins/com.st.stm32cube.ide.mcu.externaltools.gnu-tools-for-stm32.12.3.rel1.win32_1.1.0.202410251130/tools/bin/../lib/gcc/arm-none-eabi/12.3.1/../../../../arm-none-eabi/lib/thumb/v6-m/nofp\libc_nano.a(libc_a-findfp.o)
                              C:/ST/STM32CubeIDE_1.16.0/STM32CubeIDE/plugins/com.st.stm32cube.ide.mcu.externaltools.gnu-tools-for-stm32.12.3.rel1.win32_1.1.0.202410251130/tools/bin/../lib/gcc/arm-none-eabi/12.3.1/../../../../arm-none-eabi/lib/thumb/v6-m/nofp\libc_nano.a(libc_a-exit.o) (__stdio_exit_handler)
C:/ST/STM32CubeIDE_1.16.0/STM32CubeIDE/plugins/com.st.stm32cube.ide.mcu.externaltools.gnu-tools-for-stm32.12.3.rel1.win32_1.1.0.202410251130/tools/bin/../lib/gcc/arm-none-eabi/12.3.1/../../../../arm-none-eabi/lib/thumb/v6-m/nofp\libc_nano.a(libc_a-fwalk.o)
                              C:/ST/STM32CubeIDE_1.16.0/STM32CubeIDE/plugins/com.st.stm32cube.ide.mcu.externaltools.gnu-tools-for-stm32.12.3.rel1.win32_1.1.0.202410251130/tools/bin/../lib/gcc/arm-none-eabi/12.3.1/../../../../arm-none-eabi/lib/thumb/v6-m/nofp\libc_nano.a(libc_a-findfp.o) (_fwalk_sglue)
C:/ST/STM32CubeIDE_1.16.0/STM32CubeIDE/plugins/com.st.stm32cube.ide.mcu.externaltools.gnu-tools-for-stm32.12.3.rel1.win32_1.1.0.202410251130/tools/bin/../lib/gcc/arm-none-eabi/12.3.1/../../../../arm-none-eabi/lib/thumb/v6-m/nofp\libc_nano.a(libc_a-stdio.o)
                              C:/ST/STM32CubeIDE_1.16.0/STM32CubeIDE/plugins/com.st.stm32cube.ide.mcu.externaltools.gnu-tools-for-stm32.12.3.rel1.win32_1.1.0.202410251130/tools/bin/../lib/gcc/arm-none-eabi/12.3.1/../../../../arm-none-eabi/lib/thumb/v6-m/nofp\libc_nano.a(libc_a-findfp.o) (__sread)
C:/ST/STM32CubeIDE_1.16.0/STM32CubeIDE/plugins/com.st.stm32cube.ide.mcu.externaltools.gnu-tools-for-stm32.12.3.rel1.win32_1.1.0.202410251130/tools/bin/../lib/gcc/arm-none-eabi/12.3.1/../../../../arm-none-eabi/lib/thumb/v6-m/nofp\libc_nano.a(libc_a-memcmp.o)
                              ./Drivers/DW1000/DW1000.o (memcmp)
C:/ST/STM32CubeIDE_1.16.0/STM32CubeIDE/plugins/com.st.stm32cube.ide.mcu.externaltools.gnu-tools-for-stm32.12.3.rel1.win32_1.1.0.202410251130/tools/bin/../lib/gcc/arm-none-eabi/12.3.1/../../../../arm-none-eabi/lib/thumb/v6-m/nofp\libc_nano.a(libc_a-memset.o)
                              C:/ST/STM32CubeIDE_1.16.0/STM32CubeIDE/plugins/com.st.stm32cube.ide.mcu.externaltools.gnu-tools-for-stm32.12.3.rel1.win32_1.1.0.202410251130/tools/bin/../lib/gcc/arm-none-eabi/12.3.1/../../../../arm-none-eabi/lib/thumb/v6-m/nofp/crt0.o (memset)
C:/ST/STM32CubeIDE_1.16.0/STM32CubeIDE/plugins/com.st.stm32cube.ide.mcu.externaltools.gnu-tools-for-stm32.12.3.rel1.win32_1.1.0.202410251130/tools/bin/../lib/gcc/arm-none-eabi/12.3.1/../../../../arm-none-eabi/lib/thumb/v6-m/nofp\libc_nano.a(libc_a-closer.o)
                              C:/ST/STM32CubeIDE_1.16.0/STM32CubeIDE/plugins/com.st.stm32cube.ide.mcu.externaltools.gnu-tools-for-stm32.12.3.rel1.win32_1.1.0.202410251130/tools/bin/../lib/gcc/arm-none-eabi/12.3.1/../../../../arm-none-eabi/lib/thumb/v6-m/nofp\libc_nano.a(libc_a-stdio.o) (_close_r)
C:/ST/STM32CubeIDE_1.16.0/STM32CubeIDE/plugins/com.st.stm32cube.ide.mcu.externaltools.gnu-tools-for-stm32.12.3.rel1.win32_1.1.0.202410251130/tools/bin/../lib/gcc/arm-none-eabi/12.3.1/../../../../arm-none-eabi/lib/thumb/v6-m/nofp\libc_nano.a(libc_a-reent.o)
                              C:/ST/STM32CubeIDE_1.16.0/STM32CubeIDE/plugins/com.st.stm32cube.ide.mcu.externaltools.gnu-tools-for-stm32.12.3.rel1.win32_1.1.0.202410251130/tools/bin/../lib/gcc/arm-none-eabi/12.3.1/../../../../arm-none-eabi/lib/thumb/v6-m/nofp\libc_nano.a(libc_a-closer.o) (errno)
C:/ST/STM32CubeIDE_1.16.0/STM32CubeIDE/plugins/com.st.stm32cube.ide.mcu.externaltools.gnu-tools-for-stm32.12.3.rel1.win32_1.1.0.202410251130/tools/bin/../lib/gcc/arm-none-eabi/12.3.1/../../../../arm-none-eabi/lib/thumb/v6-m/nofp\libc_nano.a(libc_a-impure.o)
                              C:/ST/STM32CubeIDE_1.16.0/STM32CubeIDE/plugins/com.st.stm32cube.ide.mcu.externaltools.gnu-tools-for-stm32.12.3.rel1.win32_1.1.0.202410251130/tools/bin/../lib/gcc/arm-none-eabi/12.3.1/../../../../arm-none-eabi/lib/thumb/v6-m/nofp\libc_nano.a(libc_a-reent.o) (_impure_ptr)
[...]
Memory Configuration

Name             Origin             Length             Attributes
RAM              0x20000000         0x00010000         xrw
FLASH            0x10040000         0x0003f000         xr
REGION_NVM       0x1007f000         0x00001000         xr
REGION_ROM       0x10000000         0x00001800         xr
*default*        0x00000000         0xffffffff

Linker script and memory map

LOAD C:/ST/STM32CubeIDE_1.16.0/STM32CubeIDE/plugins/com.st.stm32cube.ide.mcu.externaltools.gnu-tools-for-stm32.12.3.rel1.win32_1.1.0.202410251130/tools/bin/../lib/gcc/arm-none-eabi/12.3.1/thumb/v6-m/nofp/crti.o
LOAD C:/ST/STM32CubeIDE_1.16.0/STM32CubeIDE/plugins/com.st.stm32cube.ide.mcu.externaltools.gnu-tools-for-stm32.12.3.rel1.win32_1.1.0.202410251130/tools/bin/../lib/gcc/arm-none-eabi/12.3.1/thumb/v6-m/nofp/crtbegin.o
LOAD C:/ST/STM32CubeIDE_1.16.0/STM32CubeIDE/plugins/com.st.stm32cube.ide.mcu.externaltools.gnu-tools-for-stm32.12.3.rel1.win32_1.1.0.202410251130/tools/bin/../lib/gcc/arm-none-eabi/12.3.1/../../../../arm-none-eabi/lib/thumb/v6-m/nofp/crt0.o
LOAD ./Core/Src/blue_unit_conversion.o
LOAD ./Core/Src/main.o
LOAD ./Core/Src/stm32wb0x_hal_msp.o
LOAD ./Core/Src/stm32wb0x_it.o
LOAD ./Core/Src/syscalls.o
LOAD ./Core/Src/sysmem.o
LOAD ./Core/Src/system_stm32wb0x.o
LOAD ./Core/Startup/startup_stm32wb07ccvx.o
LOAD ./Drivers/DW1000/DW1000.o
LOAD ./Drivers/DW1000/SPI.o
LOAD ./Drivers/STM32WB0x_HAL_Driver/Src/stm32wb0x_hal.o
LOAD ./Drivers/STM32WB0x_HAL_Driver/Src/stm32wb0x_hal_cortex.o
LOAD ./Drivers/STM32WB0x_HAL_Driver/Src/stm32wb0x_hal_dma.o
LOAD ./Drivers/STM32WB0x_HAL_Driver/Src/stm32wb0x_hal_flash.o
LOAD ./Drivers/STM32WB0x_HAL_Driver/Src/stm32wb0x_hal_flash_ex.o
LOAD ./Drivers/STM32WB0x_HAL_Driver/Src/stm32wb0x_hal_gpio.o
LOAD ./Drivers/STM32WB0x_HAL_Driver/Src/stm32wb0x_hal_pwr.o
LOAD ./Drivers/STM32WB0x_HAL_Driver/Src/stm32wb0x_hal_pwr_ex.o
LOAD ./Drivers/STM32WB0x_HAL_Driver/Src/stm32wb0x_hal_radio.o
LOAD ./Drivers/STM32WB0x_HAL_Driver/Src/stm32wb0x_hal_radio_timer.o
LOAD ./Drivers/STM32WB0x_HAL_Driver/Src/stm32wb0x_hal_rcc.o
LOAD ./Drivers/STM32WB0x_HAL_Driver/Src/stm32wb0x_hal_rcc_ex.o
LOAD ./Drivers/STM32WB0x_HAL_Driver/Src/stm32wb0x_hal_spi.o
LOAD ./Drivers/STM32WB0x_HAL_Driver/Src/stm32wb0x_hal_spi_ex.o
LOAD ./Drivers/STM32WB0x_HAL_Driver/Src/stm32wb0x_hal_uart.o
LOAD ./Drivers/STM32WB0x_HAL_Driver/Src/stm32wb0x_hal_uart_ex.o
START GROUP
LOAD C:/ST/STM32CubeIDE_1.16.0/STM32CubeIDE/plugins/com.st.stm32cube.ide.mcu.externaltools.gnu-tools-for-stm32.12.3.rel1.win32_1.1.0.202410251130/tools/bin/../lib/gcc/arm-none-eabi/12.3.1/../../../../arm-none-eabi/lib/thumb/v6-m/nofp\libc_nano.a
LOAD C:/ST/STM32CubeIDE_1.16.0/STM32CubeIDE/plugins/com.st.stm32cube.ide.mcu.externaltools.gnu-tools-for-stm32.12.3.rel1.win32_1.1.0.202410251130/tools/bin/../lib/gcc/arm-none-eabi/12.3.1/../../../../arm-none-eabi/lib/thumb/v6-m/nofp\libm.a
END GROUP
START GROUP
LOAD C:/ST/STM32CubeIDE_1.16.0/STM32CubeIDE/plugins/com.st.stm32cube.ide.mcu.externaltools.gnu-tools-for-stm32.12.3.rel1.win32_1.1.0.202410251130/tools/bin/../lib/gcc/arm-none-eabi/12.3.1/thumb/v6-m/nofp\libgcc.a
LOAD C:/ST/STM32CubeIDE_1.16.0/STM32CubeIDE/plugins/com.st.stm32cube.ide.mcu.externaltools.gnu-tools-for-stm32.12.3.rel1.win32_1.1.0.202410251130/tools/bin/../lib/gcc/arm-none-eabi/12.3.1/../../../../arm-none-eabi/lib/thumb/v6-m/nofp\libc_nano.a
END GROUP
START GROUP
LOAD C:/ST/STM32CubeIDE_1.16.0/STM32CubeIDE/plugins/com.st.stm32cube.ide.mcu.externaltools.gnu-tools-for-stm32.12.3.rel1.win32_1.1.0.202410251130/tools/bin/../lib/gcc/arm-none-eabi/12.3.1/thumb/v6-m/nofp\libgcc.a
LOAD C:/ST/STM32CubeIDE_1.16.0/STM32CubeIDE/plugins/com.st.stm32cube.ide.mcu.externaltools.gnu-tools-for-stm32.12.3.rel1.win32_1.1.0.202410251130/tools/bin/../lib/gcc/arm-none-eabi/12.3.1/../../../../arm-none-eabi/lib/thumb/v6-m/nofp\libc_nano.a
LOAD C:/ST/STM32CubeIDE_1.16.0/STM32CubeIDE/plugins/com.st.stm32cube.ide.mcu.externaltools.gnu-tools-for-stm32.12.3.rel1.win32_1.1.0.202410251130/tools/bin/../lib/gcc/arm-none-eabi/12.3.1/../../../../arm-none-eabi/lib/thumb/v6-m/nofp\libnosys.a
END GROUP
START GROUP
LOAD C:/ST/STM32CubeIDE_1.16.0/STM32CubeIDE/plugins/com.st.stm32cube.ide.mcu.externaltools.gnu-tools-for-stm32.12.3.rel1.win32_1.1.0.202410251130/tools/bin/../lib/gcc/arm-none-eabi/12.3.1/thumb/v6-m/nofp\libgcc.a
LOAD C:/ST/STM32CubeIDE_1.16.0/STM32CubeIDE/plugins/com.st.stm32cube.ide.mcu.externaltools.gnu-tools-for-stm32.12.3.rel1.win32_1.1.0.202410251130/tools/bin/../lib/gcc/arm-none-eabi/12.3.1/../../../../arm-none-eabi/lib/thumb/v6-m/nofp\libc_nano.a
LOAD C:/ST/STM32CubeIDE_1.16.0/STM32CubeIDE/plugins/com.st.stm32cube.ide.mcu.externaltools.gnu-tools-for-stm32.12.3.rel1.win32_1.1.0.202410251130/tools/bin/../lib/gcc/arm-none-eabi/12.3.1/../../../../arm-none-eabi/lib/thumb/v6-m/nofp\libnosys.a
END GROUP
LOAD C:/ST/STM32CubeIDE_1.16.0/STM32CubeIDE/plugins/com.st.stm32cube.ide.mcu.externaltools.gnu-tools-for-stm32.12.3.rel1.win32_1.1.0.202410251130/tools/bin/../lib/gcc/arm-none-eabi/12.3.1/thumb/v6-m/nofp/crtend.o
LOAD C:/ST/STM32CubeIDE_1.16.0/STM32CubeIDE/plugins/com.st.stm32cube.ide.mcu.externaltools.gnu-tools-for-stm32.12.3.rel1.win32_1.1.0.202410251130/tools/bin/../lib/gcc/arm-none-eabi/12.3.1/thumb/v6-m/nofp/crtn.o
                0x20000000                        _MEMORY_RAM_BEGIN_ = 0x20000000
                0x00010000                        _MEMORY_RAM_SIZE_ = 0x10000
                0x2000ffff                        _MEMORY_RAM_END_ = 0x2000ffff
                0x10040000                        _MEMORY_FLASH_BEGIN_ = 0x10040000
                0x00040000                        _MEMORY_FLASH_SIZE_ = 0x40000
                0x1007ffff                        _MEMORY_FLASH_END_ = 0x1007ffff
                0x10000000                        _MEMORY_ROM_BEGIN_ = 0x10000000
                0x00001800                        _MEMORY_ROM_SIZE_ = 0x1800
                0x100017ff                        _MEMORY_ROM_END_ = 0x100017ff
                0x00001000                        FLASH_NVM_DATASIZE = 0x1000
                0x00000000                        MEMORY_FLASH_APP_OFFSET = DEFINED (MEMORY_FLASH_APP_OFFSET)?MEMORY_FLASH_APP_OFFSET:0x0
                0x0003f000                        MEMORY_FLASH_APP_SIZE = DEFINED (MEMORY_FLASH_APP_SIZE)?MEMORY_FLASH_APP_SIZE:((_MEMORY_FLASH_SIZE_ - FLASH_NVM_DATASIZE) - MEMORY_FLASH_APP_OFFSET)
                0x00000000                        _Min_Heap_Size = 0x0
                0x00000c00                        _Min_Stack_Size = 0xc00

.intvec         0x10040000       0xc0
                0x10040000                        . = ALIGN (0x4)
 *(.intvec)
 .intvec        0x10040000       0xc0 ./Core/Startup/startup_stm32wb07ccvx.o
                0x10040000                __vector_table
                0x100400c0                        . = ALIGN (0x4)

.text           0x100400c0     0x9294
                0x100400c0                        . = ALIGN (0x4)
 *(TAG_OTA_START)
 *(.cmd_call_table)
 *(.text)
 .text          0x100400c0       0x44 ./Core/Src/blue_unit_conversion.o
                0x100400c0                blue_unit_conversion
 .text          0x10040104        0xe C:/ST/STM32CubeIDE_1.16.0/STM32CubeIDE/plugins/com.st.stm32cube.ide.mcu.externaltools.gnu-tools-for-stm32.12.3.rel1.win32_1.1.0.202410251130/tools/bin/../lib/gcc/arm-none-eabi/12.3.1/../../../../arm-none-eabi/lib/thumb/v6-m/nofp\libc_nano.a(libc_a-strlen.o)
                0x10040104                strlen
 *fill*         0x10040112        0x2 
 .text          0x10040114      0x114 C:/ST/STM32CubeIDE_1.16.0/STM32CubeIDE/plugins/com.st.stm32cube.ide.mcu.externaltools.gnu-tools-for-stm32.12.3.rel1.win32_1.1.0.202410251130/tools/bin/../lib/gcc/arm-none-eabi/12.3.1/thumb/v6-m/nofp\libgcc.a(_udivsi3.o)
                0x10040114                __aeabi_uidiv
                0x10040114                __udivsi3
                0x10040220                __aeabi_uidivmod
 .text          0x10040228      0x1d4 C:/ST/STM32CubeIDE_1.16.0/STM32CubeIDE/plugins/com.st.stm32cube.ide.mcu.externaltools.gnu-tools-for-stm32.12.3.rel1.win32_1.1.0.202410251130/tools/bin/../lib/gcc/arm-none-eabi/12.3.1/thumb/v6-m/nofp\libgcc.a(_divsi3.o)
                0x10040228                __divsi3
                0x10040228                __aeabi_idiv
                0x100403f4                __aeabi_idivmod
 .text          0x100403fc        0x4 C:/ST/STM32CubeIDE_1.16.0/STM32CubeIDE/plugins/com.st.stm32cube.ide.mcu.externaltools.gnu-tools-for-stm32.12.3.rel1.win32_1.1.0.202410251130/tools/bin/../lib/gcc/arm-none-eabi/12.3.1/thumb/v6-m/nofp\libgcc.a(_dvmd_tls.o)
                0x100403fc                __aeabi_idiv0
                0x100403fc                __aeabi_ldiv0
 .text          0x10040400       0x40 C:/ST/STM32CubeIDE_1.16.0/STM32CubeIDE/plugins/com.st.stm32cube.ide.mcu.externaltools.gnu-tools-for-stm32.12.3.rel1.win32_1.1.0.202410251130/tools/bin/../lib/gcc/arm-none-eabi/12.3.1/thumb/v6-m/nofp\libgcc.a(_aeabi_uldivmod.o)
                0x10040400                __aeabi_uldivmod
 .text          0x10040440       0x5c C:/ST/STM32CubeIDE_1.16.0/STM32CubeIDE/plugins/com.st.stm32cube.ide.mcu.externaltools.gnu-tools-for-stm32.12.3.rel1.win32_1.1.0.202410251130/tools/bin/../lib/gcc/arm-none-eabi/12.3.1/thumb/v6-m/nofp\libgcc.a(_muldi3.o)
                0x10040440                __muldi3
                0x10040440                __aeabi_lmul
 .text          0x1004049c       0x3c C:/ST/STM32CubeIDE_1.16.0/STM32CubeIDE/plugins/com.st.stm32cube.ide.mcu.externaltools.gnu-tools-for-stm32.12.3.rel1.win32_1.1.0.202410251130/tools/bin/../lib/gcc/arm-none-eabi/12.3.1/thumb/v6-m/nofp\libgcc.a(_fixunsdfsi.o)
                0x1004049c                __aeabi_d2uiz
                0x1004049c                __fixunsdfsi
 .text          0x100404d8       0x38 C:/ST/STM32CubeIDE_1.16.0/STM32CubeIDE/plugins/com.st.stm32cube.ide.mcu.externaltools.gnu-tools-for-stm32.12.3.rel1.win32_1.1.0.202410251130/tools/bin/../lib/gcc/arm-none-eabi/12.3.1/thumb/v6-m/nofp\libgcc.a(_fixdfdi.o)
                0x100404d8                __fixdfdi
                0x100404d8                __aeabi_d2lz
 .text          0x10040510       0x3c C:/ST/STM32CubeIDE_1.16.0/STM32CubeIDE/plugins/com.st.stm32cube.ide.mcu.externaltools.gnu-tools-for-stm32.12.3.rel1.win32_1.1.0.202410251130/tools/bin/../lib/gcc/arm-none-eabi/12.3.1/thumb/v6-m/nofp\libgcc.a(_fixunsdfdi.o)
                0x10040510                __fixunsdfdi
                0x10040510                __aeabi_d2ulz
 .text          0x1004054c       0x2c C:/ST/STM32CubeIDE_1.16.0/STM32CubeIDE/plugins/com.st.stm32cube.ide.mcu.externaltools.gnu-tools-for-stm32.12.3.rel1.win32_1.1.0.202410251130/tools/bin/../lib/gcc/arm-none-eabi/12.3.1/thumb/v6-m/nofp\libgcc.a(_floatdidf.o)
                0x1004054c                __aeabi_l2d
                0x1004054c                __floatdidf
 .text          0x10040578      0x198 C:/ST/STM32CubeIDE_1.16.0/STM32CubeIDE/plugins/com.st.stm32cube.ide.mcu.externaltools.gnu-tools-for-stm32.12.3.rel1.win32_1.1.0.202410251130/tools/bin/../lib/gcc/arm-none-eabi/12.3.1/thumb/v6-m/nofp\libgcc.a(_udivmoddi4.o)
                0x10040578                __udivmoddi4
 .text          0x10040710      0x6c8 C:/ST/STM32CubeIDE_1.16.0/STM32CubeIDE/plugins/com.st.stm32cube.ide.mcu.externaltools.gnu-tools-for-stm32.12.3.rel1.win32_1.1.0.202410251130/tools/bin/../lib/gcc/arm-none-eabi/12.3.1/thumb/v6-m/nofp\libgcc.a(adddf3.o)
                0x10040710                __aeabi_dadd
 .text          0x10040dd8      0x634 C:/ST/STM32CubeIDE_1.16.0/STM32CubeIDE/plugins/com.st.stm32cube.ide.mcu.externaltools.gnu-tools-for-stm32.12.3.rel1.win32_1.1.0.202410251130/tools/bin/../lib/gcc/arm-none-eabi/12.3.1/thumb/v6-m/nofp\libgcc.a(divdf3.o)
                0x10040dd8                __aeabi_ddiv
 .text          0x1004140c      0x590 C:/ST/STM32CubeIDE_1.16.0/STM32CubeIDE/plugins/com.st.stm32cube.ide.mcu.externaltools.gnu-tools-for-stm32.12.3.rel1.win32_1.1.0.202410251130/tools/bin/../lib/gcc/arm-none-eabi/12.3.1/thumb/v6-m/nofp\libgcc.a(muldf3.o)
                0x1004140c                __aeabi_dmul
 .text          0x1004199c      0x738 C:/ST/STM32CubeIDE_1.16.0/STM32CubeIDE/plugins/com.st.stm32cube.ide.mcu.externaltools.gnu-tools-for-stm32.12.3.rel1.win32_1.1.0.202410251130/tools/bin/../lib/gcc/arm-none-eabi/12.3.1/thumb/v6-m/nofp\libgcc.a(subdf3.o)
                0x1004199c                __aeabi_dsub
 .text          0x100420d4       0x78 C:/ST/STM32CubeIDE_1.16.0/STM32CubeIDE/plugins/com.st.stm32cube.ide.mcu.externaltools.gnu-tools-for-stm32.12.3.rel1.win32_1.1.0.202410251130/tools/bin/../lib/gcc/arm-none-eabi/12.3.1/thumb/v6-m/nofp\libgcc.a(fixdfsi.o)
                0x100420d4                __aeabi_d2iz
 .text          0x1004214c       0x5c C:/ST/STM32CubeIDE_1.16.0/STM32CubeIDE/plugins/com.st.stm32cube.ide.mcu.externaltools.gnu-tools-for-stm32.12.3.rel1.win32_1.1.0.202410251130/tools/bin/../lib/gcc/arm-none-eabi/12.3.1/thumb/v6-m/nofp\libgcc.a(floatsidf.o)
                0x1004214c                __aeabi_i2d
 .text          0x100421a8       0x48 C:/ST/STM32CubeIDE_1.16.0/STM32CubeIDE/plugins/com.st.stm32cube.ide.mcu.externaltools.gnu-tools-for-stm32.12.3.rel1.win32_1.1.0.202410251130/tools/bin/../lib/gcc/arm-none-eabi/12.3.1/thumb/v6-m/nofp\libgcc.a(floatunsidf.o)
                0x100421a8                __aeabi_ui2d
 .text          0x100421f0       0x7c C:/ST/STM32CubeIDE_1.16.0/STM32CubeIDE/plugins/com.st.stm32cube.ide.mcu.externaltools.gnu-tools-for-stm32.12.3.rel1.win32_1.1.0.202410251130/tools/bin/../lib/gcc/arm-none-eabi/12.3.1/thumb/v6-m/nofp\libgcc.a(_arm_cmpdf2.o)
                0x100421f0                __aeabi_cdrcmple
                0x10042200                __aeabi_cdcmple
                0x10042200                __aeabi_cdcmpeq
                0x10042210                __aeabi_dcmpeq
                0x1004221c                __aeabi_dcmplt
                0x10042230                __aeabi_dcmple
                0x10042244                __aeabi_dcmpgt
                0x10042258                __aeabi_dcmpge
 .text          0x1004226c       0x3c C:/ST/STM32CubeIDE_1.16.0/STM32CubeIDE/plugins/com.st.stm32cube.ide.mcu.externaltools.gnu-tools-for-stm32.12.3.rel1.win32_1.1.0.202410251130/tools/bin/../lib/gcc/arm-none-eabi/12.3.1/thumb/v6-m/nofp\libgcc.a(_clzsi2.o)
                0x1004226c                __clzsi2
 .text          0x100422a8       0x18 C:/ST/STM32CubeIDE_1.16.0/STM32CubeIDE/plugins/com.st.stm32cube.ide.mcu.externaltools.gnu-tools-for-stm32.12.3.rel1.win32_1.1.0.202410251130/tools/bin/../lib/gcc/arm-none-eabi/12.3.1/thumb/v6-m/nofp\libgcc.a(_clzdi2.o)
                0x100422a8                __clzdi2
 .text          0x100422c0       0x88 C:/ST/STM32CubeIDE_1.16.0/STM32CubeIDE/plugins/com.st.stm32cube.ide.mcu.externaltools.gnu-tools-for-stm32.12.3.rel1.win32_1.1.0.202410251130/tools/bin/../lib/gcc/arm-none-eabi/12.3.1/thumb/v6-m/nofp\libgcc.a(eqdf2.o)
                0x100422c0                __nedf2
                0x100422c0                __eqdf2
 .text          0x10042348       0xe8 C:/ST/STM32CubeIDE_1.16.0/STM32CubeIDE/plugins/com.st.stm32cube.ide.mcu.externaltools.gnu-tools-for-stm32.12.3.rel1.win32_1.1.0.202410251130/tools/bin/../lib/gcc/arm-none-eabi/12.3.1/thumb/v6-m/nofp\libgcc.a(gedf2.o)
                0x10042348                __gedf2
                0x10042348                __gtdf2
 .text          0x10042430       0xe4 C:/ST/STM32CubeIDE_1.16.0/STM32CubeIDE/plugins/com.st.stm32cube.ide.mcu.externaltools.gnu-tools-for-stm32.12.3.rel1.win32_1.1.0.202410251130/tools/bin/../lib/gcc/arm-none-eabi/12.3.1/thumb/v6-m/nofp\libgcc.a(ledf2.o)
                0x10042430                __ledf2
                0x10042430                __ltdf2
 *(.text*)
 .text.LL_PWR_EnableGPIOPullUp
                0x10042514       0x30 ./Core/Src/main.o
 .text.LL_PWR_SetNoPullA
                0x10042544       0x30 ./Core/Src/main.o
 .text.LL_PWR_SetNoPullB
                0x10042574       0x30 ./Core/Src/main.o
 .text.LL_RADIO_TIMER_GetAbsoluteTime
                0x100425a4       0x14 ./Core/Src/main.o
 .text.LL_AHB1_GRP1_EnableClock
                0x100425b8       0x2c ./Core/Src/main.o
 .text.LL_APB2_GRP1_EnableClock
                0x100425e4       0x2c ./Core/Src/main.o
 .text.LL_APB2_GRP1_IsEnabledClock
                0x10042610       0x28 ./Core/Src/main.o
 .text.LL_APB2_GRP1_ForceReset
                0x10042638       0x20 ./Core/Src/main.o
 .text.LL_APB2_GRP1_ReleaseReset
                0x10042658       0x24 ./Core/Src/main.o
 .text.main     0x1004267c      0x1d4 ./Core/Src/main.o
                0x1004267c                main
 .text.SystemClock_Config
                0x10042850       0x6e ./Core/Src/main.o
                0x10042850                SystemClock_Config
 .text.PeriphCommonClock_Config
                0x100428be       0x3a ./Core/Src/main.o
                0x100428be                PeriphCommonClock_Config
 .text.MX_RADIO_Init
                0x100428f8       0x20 ./Core/Src/main.o
 .text.MX_RADIO_TIMER_Init
                0x10042918       0x68 ./Core/Src/main.o
 .text.MX_SPI2_Init
                0x10042980       0x7c ./Core/Src/main.o
 .text.MX_USART1_UART_Init
                0x100429fc       0x9c ./Core/Src/main.o
 .text.MX_GPIO_Init
                0x10042a98      0x100 ./Core/Src/main.o
 .text.HAL_RADIO_CallbackRcvError
                0x10042b98       0x44 ./Core/Src/main.o
                0x10042b98                HAL_RADIO_CallbackRcvError
 .text.HAL_RADIO_CallbackRcvTimeout
                0x10042bdc       0x44 ./Core/Src/main.o
                0x10042bdc                HAL_RADIO_CallbackRcvTimeout
 .text.HAL_RADIO_CallbackTxDone
                0x10042c20       0x40 ./Core/Src/main.o
                0x10042c20                HAL_RADIO_CallbackTxDone
 .text.HAL_RADIO_CallbackRcvOk
                0x10042c60       0x78 ./Core/Src/main.o
                0x10042c60                HAL_RADIO_CallbackRcvOk
 .text.Error_Handler
                0x10042cd8        0xc ./Core/Src/main.o
                0x10042cd8                Error_Handler
 .text.LL_PWR_SetNoPullA
                0x10042ce4       0x30 ./Core/Src/stm32wb0x_hal_msp.o
 .text.LL_AHB1_GRP1_EnableClock
                0x10042d14       0x2c ./Core/Src/stm32wb0x_hal_msp.o
 .text.LL_APB0_GRP1_EnableClock
                0x10042d40       0x2c ./Core/Src/stm32wb0x_hal_msp.o
 .text.LL_APB1_GRP1_EnableClock
                0x10042d6c       0x2c ./Core/Src/stm32wb0x_hal_msp.o
 .text.LL_APB2_GRP1_EnableClock
                0x10042d98       0x2c ./Core/Src/stm32wb0x_hal_msp.o
 .text.LL_APB2_GRP1_IsEnabledClock
                0x10042dc4       0x28 ./Core/Src/stm32wb0x_hal_msp.o
 .text.LL_APB2_GRP1_ForceReset
                0x10042dec       0x20 ./Core/Src/stm32wb0x_hal_msp.o
 .text.LL_APB2_GRP1_ReleaseReset
                0x10042e0c       0x24 ./Core/Src/stm32wb0x_hal_msp.o
 .text.HAL_MspInit
                0x10042e30       0x14 ./Core/Src/stm32wb0x_hal_msp.o
                0x10042e30                HAL_MspInit
 .text.HAL_RADIO_MspInit
                0x10042e44       0x84 ./Core/Src/stm32wb0x_hal_msp.o
                0x10042e44                HAL_RADIO_MspInit
 .text.HAL_SPI_MspInit
                0x10042ec8       0x74 ./Core/Src/stm32wb0x_hal_msp.o
                0x10042ec8                HAL_SPI_MspInit
 .text.HAL_UART_MspInit
                0x10042f3c       0x78 ./Core/Src/stm32wb0x_hal_msp.o
                0x10042f3c                HAL_UART_MspInit
 .text.NMI_Handler
                0x10042fb4        0x8 ./Core/Src/stm32wb0x_it.o
                0x10042fb4                NMI_Handler
 .text.HardFault_Handler
                0x10042fbc        0x8 ./Core/Src/stm32wb0x_it.o
                0x10042fbc                HardFault_Handler
 .text.SVC_Handler
                0x10042fc4        0xa ./Core/Src/stm32wb0x_it.o
                0x10042fc4                SVC_Handler
 .text.PendSV_Handler
                0x10042fce        0xa ./Core/Src/stm32wb0x_it.o
                0x10042fce                PendSV_Handler
 .text.SysTick_Handler
                0x10042fd8        0xe ./Core/Src/stm32wb0x_it.o
                0x10042fd8                SysTick_Handler
 .text.RADIO_TIMER_CPU_WKUP_IRQHandler
                0x10042fe6        0xe ./Core/Src/stm32wb0x_it.o
                0x10042fe6                RADIO_TIMER_CPU_WKUP_IRQHandler
 .text.RADIO_TIMER_TXRX_WKUP_IRQHandler
                0x10042ff4        0xe ./Core/Src/stm32wb0x_it.o
                0x10042ff4                RADIO_TIMER_TXRX_WKUP_IRQHandler
 .text.RADIO_TIMER_ERROR_IRQHandler
                0x10043002        0xe ./Core/Src/stm32wb0x_it.o
                0x10043002                RADIO_TIMER_ERROR_IRQHandler
 .text.RADIO_TXRX_IRQHandler
                0x10043010        0xe ./Core/Src/stm32wb0x_it.o
                0x10043010                RADIO_TXRX_IRQHandler
 .text.RADIO_TXRX_SEQ_IRQHandler
                0x1004301e        0xe ./Core/Src/stm32wb0x_it.o
                0x1004301e                RADIO_TXRX_SEQ_IRQHandler
 .text.__NVIC_SetPriority
                0x1004302c       0xdc ./Core/Src/system_stm32wb0x.o
 .text.__NVIC_SystemReset
                0x10043108       0x24 ./Core/Src/system_stm32wb0x.o
 .text.SystemInit
                0x1004312c      0x1c4 ./Core/Src/system_stm32wb0x.o
                0x1004312c                SystemInit
 .text.SystemCoreClockUpdate
                0x100432f0       0x64 ./Core/Src/system_stm32wb0x.o
                0x100432f0                SystemCoreClockUpdate
 .text.CPUcontextRestore
                0x10043354        0xa ./Core/Src/system_stm32wb0x.o
                0x10043354                CPUcontextRestore
 *fill*         0x1004335e        0x2 
 .text.Reset_Handler
                0x10043360       0x64 ./Core/Startup/startup_stm32wb07ccvx.o
                0x10043360                Reset_Handler
 .text.Default_Handler
                0x100433c4        0x2 ./Core/Startup/startup_stm32wb07ccvx.o
                0x100433c4                GPIOB_IRQHandler
                0x100433c4                GPIOA_IRQHandler
                0x100433c4                PVD_IRQHandler
                0x100433c4                I2C1_IRQHandler
                0x100433c4                SPI1_IRQHandler
                0x100433c4                PKA_IRQHandler
                0x100433c4                I2C2_IRQHandler
                0x100433c4                RTC_IRQHandler
                0x100433c4                RCC_IRQHandler
                0x100433c4                Default_Handler
                0x100433c4                TIM1_IRQHandler
                0x100433c4                ADC_IRQHandler
                0x100433c4                SPI2_IRQHandler
                0x100433c4                LPUART1_IRQHandler
                0x100433c4                DMA_IRQHandler
                0x100433c4                FLASH_IRQHandler
                0x100433c4                USART1_IRQHandler
                0x100433c4                SPI3_IRQHandler
 *fill*         0x100433c6        0x2 
 .text.DW1000_read_reg
                0x100433c8       0xc4 ./Drivers/DW1000/DW1000.o
 .text.DW1000_write_reg
                0x1004348c       0xc0 ./Drivers/DW1000/DW1000.o
 .text.DW1000_init
                0x1004354c      0x2c0 ./Drivers/DW1000/DW1000.o
                0x1004354c                DW1000_init
 .text.DW1000_config
                0x1004380c      0x3f4 ./Drivers/DW1000/DW1000.o
                0x1004380c                DW1000_config
 .text.get_tx_timestamp_u64
                0x10043c00       0xaa ./Drivers/DW1000/DW1000.o
 .text.get_rx_timestamp_u64
                0x10043caa       0xaa ./Drivers/DW1000/DW1000.o
 .text.final_msg_get_ts
                0x10043d54       0x66 ./Drivers/DW1000/DW1000.o
 *fill*         0x10043dba        0x2 
 .text.DW1000_responder
                0x10043dbc      0x59c ./Drivers/DW1000/DW1000.o
                0x10043dbc                DW1000_responder
 .text.SPI_write8
                0x10044358       0xf8 ./Drivers/DW1000/SPI.o
                0x10044358                SPI_write8
 .text.SPI_read8
                0x10044450      0x164 ./Drivers/DW1000/SPI.o
                0x10044450                SPI_read8
 .text.HAL_Init
                0x100445b4       0x2e ./Drivers/STM32WB0x_HAL_Driver/Src/stm32wb0x_hal.o
                0x100445b4                HAL_Init
 *fill*         0x100445e2        0x2 
 .text.HAL_InitTick
                0x100445e4       0x90 ./Drivers/STM32WB0x_HAL_Driver/Src/stm32wb0x_hal.o
                0x100445e4                HAL_InitTick
 .text.HAL_IncTick
                0x10044674       0x24 ./Drivers/STM32WB0x_HAL_Driver/Src/stm32wb0x_hal.o
                0x10044674                HAL_IncTick
 .text.HAL_GetTick
                0x10044698       0x14 ./Drivers/STM32WB0x_HAL_Driver/Src/stm32wb0x_hal.o
                0x10044698                HAL_GetTick
 .text.HAL_GetTickPrio
                0x100446ac       0x14 ./Drivers/STM32WB0x_HAL_Driver/Src/stm32wb0x_hal.o
                0x100446ac                HAL_GetTickPrio
 .text.HAL_Delay
                0x100446c0       0x48 ./Drivers/STM32WB0x_HAL_Driver/Src/stm32wb0x_hal.o
                0x100446c0                HAL_Delay
 .text.__NVIC_EnableIRQ
                0x10044708       0x34 ./Drivers/STM32WB0x_HAL_Driver/Src/stm32wb0x_hal_cortex.o
 .text.__NVIC_SetPriority
                0x1004473c       0xdc ./Drivers/STM32WB0x_HAL_Driver/Src/stm32wb0x_hal_cortex.o
 .text.SysTick_Config
                0x10044818       0x48 ./Drivers/STM32WB0x_HAL_Driver/Src/stm32wb0x_hal_cortex.o
 .text.HAL_NVIC_SetPriority
                0x10044860       0x2a ./Drivers/STM32WB0x_HAL_Driver/Src/stm32wb0x_hal_cortex.o
                0x10044860                HAL_NVIC_SetPriority
 .text.HAL_NVIC_EnableIRQ
                0x1004488a       0x20 ./Drivers/STM32WB0x_HAL_Driver/Src/stm32wb0x_hal_cortex.o
                0x1004488a                HAL_NVIC_EnableIRQ
 .text.HAL_SYSTICK_Config
                0x100448aa       0x1a ./Drivers/STM32WB0x_HAL_Driver/Src/stm32wb0x_hal_cortex.o
                0x100448aa                HAL_SYSTICK_Config
 .text.HAL_GPIO_Init
                0x100448c4      0x352 ./Drivers/STM32WB0x_HAL_Driver/Src/stm32wb0x_hal_gpio.o
                0x100448c4                HAL_GPIO_Init
 .text.HAL_GPIO_WritePin
                0x10044c16       0x3a ./Drivers/STM32WB0x_HAL_Driver/Src/stm32wb0x_hal_gpio.o
                0x10044c16                HAL_GPIO_WritePin
 .text.LL_RADIO_SetRadioConfigurationAddressPointer
                0x10044c50       0x20 ./Drivers/STM32WB0x_HAL_Driver/Src/stm32wb0x_hal_radio.o
 .text.LL_RADIO_SetWakeupInitDelay
                0x10044c70       0x30 ./Drivers/STM32WB0x_HAL_Driver/Src/stm32wb0x_hal_radio.o
 .text.LL_RADIO_SetTimer12InitDelayCal
                0x10044ca0       0x34 ./Drivers/STM32WB0x_HAL_Driver/Src/stm32wb0x_hal_radio.o
 .text.LL_RADIO_SetTimer12InitDelayNoCal
                0x10044cd4       0x28 ./Drivers/STM32WB0x_HAL_Driver/Src/stm32wb0x_hal_radio.o
 .text.LL_RADIO_SetTransmitCalDelayChk
                0x10044cfc       0x2c ./Drivers/STM32WB0x_HAL_Driver/Src/stm32wb0x_hal_radio.o
 .text.LL_RADIO_SetTransmitNoCalDelayChk
                0x10044d28       0x30 ./Drivers/STM32WB0x_HAL_Driver/Src/stm32wb0x_hal_radio.o
 .text.LL_RADIO_SetReceivedCalDelayChk
                0x10044d58       0x34 ./Drivers/STM32WB0x_HAL_Driver/Src/stm32wb0x_hal_radio.o
 .text.LL_RADIO_SetReceivedNoCalDelayChk
                0x10044d8c       0x28 ./Drivers/STM32WB0x_HAL_Driver/Src/stm32wb0x_hal_radio.o
 .text.LL_RADIO_SetConfigurationEndDuration
                0x10044db4       0x2c ./Drivers/STM32WB0x_HAL_Driver/Src/stm32wb0x_hal_radio.o
 .text.LL_RADIO_SetTxDataReadyCheck
                0x10044de0       0x30 ./Drivers/STM32WB0x_HAL_Driver/Src/stm32wb0x_hal_radio.o
 .text.LL_RADIO_SetTxDelayStart
                0x10044e10       0x34 ./Drivers/STM32WB0x_HAL_Driver/Src/stm32wb0x_hal_radio.o
 .text.LL_RADIO_SetTxDelayEnd
                0x10044e44       0x34 ./Drivers/STM32WB0x_HAL_Driver/Src/stm32wb0x_hal_radio.o
 .text.LL_RADIO_SetTransmissionReadyTimeout
                0x10044e78       0x2c ./Drivers/STM32WB0x_HAL_Driver/Src/stm32wb0x_hal_radio.o
 .text.LL_RADIO_ChkFlagAutoclearEnable_Enable
                0x10044ea4       0x1c ./Drivers/STM32WB0x_HAL_Driver/Src/stm32wb0x_hal_radio.o
 .text.LL_RADIO_NoActiveLErrorInterrupt_Enable
                0x10044ec0       0x1c ./Drivers/STM32WB0x_HAL_Driver/Src/stm32wb0x_hal_radio.o
 .text.LL_RADIO_TxRxSkipInterrupt_Enable
                0x10044edc       0x1c ./Drivers/STM32WB0x_HAL_Driver/Src/stm32wb0x_hal_radio.o
 .text.LL_RADIO_Active2ErrorInterrupt_Enable
                0x10044ef8       0x1c ./Drivers/STM32WB0x_HAL_Driver/Src/stm32wb0x_hal_radio.o
 .text.LL_RADIO_TIMER_DisableTimer1
                0x10044f14       0x1e ./Drivers/STM32WB0x_HAL_Driver/Src/stm32wb0x_hal_radio.o
 .text.LL_RADIO_TIMER_DisableTimer2
                0x10044f32       0x1e ./Drivers/STM32WB0x_HAL_Driver/Src/stm32wb0x_hal_radio.o
 .text.LL_RADIO_TIMER_DisableBLEWakeupTimer
                0x10044f50       0x20 ./Drivers/STM32WB0x_HAL_Driver/Src/stm32wb0x_hal_radio.o
 .text.CondRoutineTrue
                0x10044f70       0x12 ./Drivers/STM32WB0x_HAL_Driver/Src/stm32wb0x_hal_radio.o
 .text.CondRoutineRxTrue
                0x10044f82       0x1e ./Drivers/STM32WB0x_HAL_Driver/Src/stm32wb0x_hal_radio.o
 .text.HAL_RADIO_Init
                0x10044fa0      0x5d0 ./Drivers/STM32WB0x_HAL_Driver/Src/stm32wb0x_hal_radio.o
                0x10044fa0                HAL_RADIO_Init
 .text.HAL_RADIO_ReadRSSI
                0x10045570       0xa0 ./Drivers/STM32WB0x_HAL_Driver/Src/stm32wb0x_hal_radio.o
                0x10045570                HAL_RADIO_ReadRSSI
 .text.HAL_RADIO_Callback
                0x10045610       0xd6 ./Drivers/STM32WB0x_HAL_Driver/Src/stm32wb0x_hal_radio.o
                0x10045610                HAL_RADIO_Callback
 .text.HAL_RADIO_CallbackRcvEncryptErr
                0x100456e6       0x10 ./Drivers/STM32WB0x_HAL_Driver/Src/stm32wb0x_hal_radio.o
                0x100456e6                HAL_RADIO_CallbackRcvEncryptErr
 *fill*         0x100456f6        0x2 
 .text.HAL_RADIO_ActionPacketIsr
                0x100456f8      0x238 ./Drivers/STM32WB0x_HAL_Driver/Src/stm32wb0x_hal_radio.o
 .text.HAL_RADIO_SetChannelMap
                0x10045930       0x98 ./Drivers/STM32WB0x_HAL_Driver/Src/stm32wb0x_hal_radio.o
                0x10045930                HAL_RADIO_SetChannelMap
 .text.HAL_RADIO_SetChannel
                0x100459c8       0xc0 ./Drivers/STM32WB0x_HAL_Driver/Src/stm32wb0x_hal_radio.o
                0x100459c8                HAL_RADIO_SetChannel
 .text.HAL_RADIO_SetTxAttributes
                0x10045a88       0x88 ./Drivers/STM32WB0x_HAL_Driver/Src/stm32wb0x_hal_radio.o
                0x10045a88                HAL_RADIO_SetTxAttributes
 .text.HAL_RADIO_SetGlobalReceiveTimeout
                0x10045b10      0x100 ./Drivers/STM32WB0x_HAL_Driver/Src/stm32wb0x_hal_radio.o
                0x10045b10                HAL_RADIO_SetGlobalReceiveTimeout
 .text.HAL_RADIO_SetReservedArea
                0x10045c10      0x15c ./Drivers/STM32WB0x_HAL_Driver/Src/stm32wb0x_hal_radio.o
                0x10045c10                HAL_RADIO_SetReservedArea
 .text.HAL_RADIO_MakeActionPacketPending
                0x10045d6c      0x18c ./Drivers/STM32WB0x_HAL_Driver/Src/stm32wb0x_hal_radio.o
                0x10045d6c                HAL_RADIO_MakeActionPacketPending
 .text.HAL_RADIO_GetStatus
                0x10045ef8       0x3c ./Drivers/STM32WB0x_HAL_Driver/Src/stm32wb0x_hal_radio.o
                0x10045ef8                HAL_RADIO_GetStatus
 .text.HAL_RADIO_SetTxPower
                0x10045f34       0x54 ./Drivers/STM32WB0x_HAL_Driver/Src/stm32wb0x_hal_radio.o
                0x10045f34                HAL_RADIO_SetTxPower
 .text.HAL_RADIO_SetNetworkID
                0x10045f88       0x1c ./Drivers/STM32WB0x_HAL_Driver/Src/stm32wb0x_hal_radio.o
                0x10045f88                HAL_RADIO_SetNetworkID
 .text.HAL_RADIO_ReceivePacketWithAck
                0x10045fa4      0x164 ./Drivers/STM32WB0x_HAL_Driver/Src/stm32wb0x_hal_radio.o
                0x10045fa4                HAL_RADIO_ReceivePacketWithAck
 .text.HAL_RADIO_TxRxCallback
                0x10046108       0x10 ./Drivers/STM32WB0x_HAL_Driver/Src/stm32wb0x_hal_radio.o
                0x10046108                HAL_RADIO_TxRxCallback
 .text.HAL_RADIO_TxRxSeqCallback
                0x10046118        0xa ./Drivers/STM32WB0x_HAL_Driver/Src/stm32wb0x_hal_radio.o
                0x10046118                HAL_RADIO_TxRxSeqCallback
 .text.HAL_RADIO_TXRX_IRQHandler
                0x10046122       0x4e ./Drivers/STM32WB0x_HAL_Driver/Src/stm32wb0x_hal_radio.o
                0x10046122                HAL_RADIO_TXRX_IRQHandler
 .text.HAL_RADIO_TXRX_SEQ_IRQHandler
                0x10046170        0xe ./Drivers/STM32WB0x_HAL_Driver/Src/stm32wb0x_hal_radio.o
                0x10046170                HAL_RADIO_TXRX_SEQ_IRQHandler
 *fill*         0x1004617e        0x2 
 .text.__NVIC_EnableIRQ
                0x10046180       0x34 ./Drivers/STM32WB0x_HAL_Driver/Src/stm32wb0x_hal_radio_timer.o
 .text.LL_RADIO_TIMER_EnableTimer1
                0x100461b4       0x20 ./Drivers/STM32WB0x_HAL_Driver/Src/stm32wb0x_hal_radio_timer.o
 .text.LL_RADIO_TIMER_DisableTimer1
                0x100461d4       0x1e ./Drivers/STM32WB0x_HAL_Driver/Src/stm32wb0x_hal_radio_timer.o
 .text.LL_RADIO_TIMER_IsEnabledTimer1
                0x100461f2       0x22 ./Drivers/STM32WB0x_HAL_Driver/Src/stm32wb0x_hal_radio_timer.o
 .text.LL_RADIO_TIMER_DisableTimer2
                0x10046214       0x1e ./Drivers/STM32WB0x_HAL_Driver/Src/stm32wb0x_hal_radio_timer.o
 .text.LL_RADIO_TIMER_IsEnabledTimer2
                0x10046232       0x22 ./Drivers/STM32WB0x_HAL_Driver/Src/stm32wb0x_hal_radio_timer.o
 .text.LL_RADIO_TIMER_SetTimeout
                0x10046254       0x18 ./Drivers/STM32WB0x_HAL_Driver/Src/stm32wb0x_hal_radio_timer.o
 .text.LL_RADIO_TIMER_GetTimeout
                0x1004626c       0x14 ./Drivers/STM32WB0x_HAL_Driver/Src/stm32wb0x_hal_radio_timer.o
 .text.LL_RADIO_TIMER_EnableBLEWakeupTimer
                0x10046280       0x1e ./Drivers/STM32WB0x_HAL_Driver/Src/stm32wb0x_hal_radio_timer.o
 *fill*         0x1004629e        0x2 
 .text.LL_RADIO_TIMER_DisableBLEWakeupTimer
                0x100462a0       0x20 ./Drivers/STM32WB0x_HAL_Driver/Src/stm32wb0x_hal_radio_timer.o
 .text.LL_RADIO_TIMER_IsEnabledBLEWakeupTimer
                0x100462c0       0x28 ./Drivers/STM32WB0x_HAL_Driver/Src/stm32wb0x_hal_radio_timer.o
 .text.LL_RADIO_TIMER_EnableCPUWakeupTimer
                0x100462e8       0x1e ./Drivers/STM32WB0x_HAL_Driver/Src/stm32wb0x_hal_radio_timer.o
 *fill*         0x10046306        0x2 
 .text.LL_RADIO_TIMER_DisableCPUWakeupTimer
                0x10046308       0x20 ./Drivers/STM32WB0x_HAL_Driver/Src/stm32wb0x_hal_radio_timer.o
 .text.LL_RADIO_TIMER_SetWakeupOffset
                0x10046328       0x1e ./Drivers/STM32WB0x_HAL_Driver/Src/stm32wb0x_hal_radio_timer.o
 .text.LL_RADIO_TIMER_SetBLEWakeupTime
                0x10046346       0x18 ./Drivers/STM32WB0x_HAL_Driver/Src/stm32wb0x_hal_radio_timer.o
 .text.LL_RADIO_TIMER_GetBLEWakeupTime
                0x1004635e       0x14 ./Drivers/STM32WB0x_HAL_Driver/Src/stm32wb0x_hal_radio_timer.o
 .text.LL_RADIO_TIMER_SetCPUWakeupTime
                0x10046372       0x18 ./Drivers/STM32WB0x_HAL_Driver/Src/stm32wb0x_hal_radio_timer.o
 .text.LL_RADIO_TIMER_GetAbsoluteTime
                0x1004638a       0x14 ./Drivers/STM32WB0x_HAL_Driver/Src/stm32wb0x_hal_radio_timer.o
 .text.LL_RADIO_TIMER_EnableWakeupTimerLowPowerMode
                0x1004639e       0x1e ./Drivers/STM32WB0x_HAL_Driver/Src/stm32wb0x_hal_radio_timer.o
 .text.LL_RADIO_TIMER_SetSleepRequestMode
                0x100463bc       0x34 ./Drivers/STM32WB0x_HAL_Driver/Src/stm32wb0x_hal_radio_timer.o
 .text.LL_RADIO_TIMER_EnableBLEWakeupIT
                0x100463f0       0x1c ./Drivers/STM32WB0x_HAL_Driver/Src/stm32wb0x_hal_radio_timer.o
 .text.LL_RADIO_TIMER_EnableCPUWakeupIT
                0x1004640c       0x1c ./Drivers/STM32WB0x_HAL_Driver/Src/stm32wb0x_hal_radio_timer.o
 .text.LL_RADIO_TIMER_ClearFlag_BLEWakeup
                0x10046428       0x1c ./Drivers/STM32WB0x_HAL_Driver/Src/stm32wb0x_hal_radio_timer.o
 .text.LL_RADIO_TIMER_IsActiveFlag_BLEWakeup
                0x10046444       0x22 ./Drivers/STM32WB0x_HAL_Driver/Src/stm32wb0x_hal_radio_timer.o
 .text.LL_RADIO_TIMER_ClearFlag_CPUWakeup
                0x10046466       0x1c ./Drivers/STM32WB0x_HAL_Driver/Src/stm32wb0x_hal_radio_timer.o
 .text.LL_RADIO_TIMER_IsActiveFlag_CPUWakeup
                0x10046482       0x22 ./Drivers/STM32WB0x_HAL_Driver/Src/stm32wb0x_hal_radio_timer.o
 .text.LL_RADIO_TIMER_SetLSIWindowCalibrationLength
                0x100464a4       0x18 ./Drivers/STM32WB0x_HAL_Driver/Src/stm32wb0x_hal_radio_timer.o
 .text.LL_RADIO_TIMER_StartLSICalibration
                0x100464bc       0x16 ./Drivers/STM32WB0x_HAL_Driver/Src/stm32wb0x_hal_radio_timer.o
 .text.LL_RADIO_TIMER_GetLSIPeriod
                0x100464d2       0x14 ./Drivers/STM32WB0x_HAL_Driver/Src/stm32wb0x_hal_radio_timer.o
 .text.LL_RADIO_TIMER_GetLSIFrequency
                0x100464e6       0x14 ./Drivers/STM32WB0x_HAL_Driver/Src/stm32wb0x_hal_radio_timer.o
 .text.LL_RADIO_TIMER_ClearFlag_LSICalibrationEnded
                0x100464fa       0x1c ./Drivers/STM32WB0x_HAL_Driver/Src/stm32wb0x_hal_radio_timer.o
 .text.LL_RADIO_TIMER_IsActiveFlag_LSICalibrationEnded
                0x10046516       0x22 ./Drivers/STM32WB0x_HAL_Driver/Src/stm32wb0x_hal_radio_timer.o
 .text.HAL_RADIO_TIMER_Init
                0x10046538      0x220 ./Drivers/STM32WB0x_HAL_Driver/Src/stm32wb0x_hal_radio_timer.o
                0x10046538                HAL_RADIO_TIMER_Init
 .text.HAL_RADIO_TIMER_Tick
                0x10046758      0x338 ./Drivers/STM32WB0x_HAL_Driver/Src/stm32wb0x_hal_radio_timer.o
                0x10046758                HAL_RADIO_TIMER_Tick
 .text.HAL_RADIO_TIMER_GetAnchorPoint
                0x10046a90       0x26 ./Drivers/STM32WB0x_HAL_Driver/Src/stm32wb0x_hal_radio_timer.o
                0x10046a90                HAL_RADIO_TIMER_GetAnchorPoint
 *fill*         0x10046ab6        0x2 
 .text.HAL_RADIO_TIMER_SetRadioTimerValue
                0x10046ab8      0x18c ./Drivers/STM32WB0x_HAL_Driver/Src/stm32wb0x_hal_radio_timer.o
                0x10046ab8                HAL_RADIO_TIMER_SetRadioTimerValue
 .text.HAL_RADIO_TIMER_GetRadioTimerValue
                0x10046c44       0x1a ./Drivers/STM32WB0x_HAL_Driver/Src/stm32wb0x_hal_radio_timer.o
                0x10046c44                HAL_RADIO_TIMER_GetRadioTimerValue
 .text.HAL_RADIO_TIMER_RadioTimerIsr
                0x10046c5e       0x2a ./Drivers/STM32WB0x_HAL_Driver/Src/stm32wb0x_hal_radio_timer.o
                0x10046c5e                HAL_RADIO_TIMER_RadioTimerIsr
 .text.HAL_RADIO_TIMER_EndOfRadioActivityIsr
                0x10046c88       0x18 ./Drivers/STM32WB0x_HAL_Driver/Src/stm32wb0x_hal_radio_timer.o
                0x10046c88                HAL_RADIO_TIMER_EndOfRadioActivityIsr
 .text.HAL_RADIO_TIMER_UsToSystime
                0x10046ca0       0x1a ./Drivers/STM32WB0x_HAL_Driver/Src/stm32wb0x_hal_radio_timer.o
                0x10046ca0                HAL_RADIO_TIMER_UsToSystime
 *fill*         0x10046cba        0x2 
 .text.HAL_RADIO_TIMER_MachineTimeToSysTime
                0x10046cbc       0x2c ./Drivers/STM32WB0x_HAL_Driver/Src/stm32wb0x_hal_radio_timer.o
                0x10046cbc                HAL_RADIO_TIMER_MachineTimeToSysTime
 .text.HAL_RADIO_TIMER_GetCurrentSysTime
                0x10046ce8       0x24 ./Drivers/STM32WB0x_HAL_Driver/Src/stm32wb0x_hal_radio_timer.o
                0x10046ce8                HAL_RADIO_TIMER_GetCurrentSysTime
 .text.HAL_RADIO_TIMER_StopVirtualTimer
                0x10046d0c       0xb0 ./Drivers/STM32WB0x_HAL_Driver/Src/stm32wb0x_hal_radio_timer.o
                0x10046d0c                HAL_RADIO_TIMER_StopVirtualTimer
 .text.HAL_RADIO_TIMER_WakeUpCallback
                0x10046dbc       0x58 ./Drivers/STM32WB0x_HAL_Driver/Src/stm32wb0x_hal_radio_timer.o
                0x10046dbc                HAL_RADIO_TIMER_WakeUpCallback
 .text.HAL_RADIO_TIMER_TimeoutCallback
                0x10046e14       0x6c ./Drivers/STM32WB0x_HAL_Driver/Src/stm32wb0x_hal_radio_timer.o
                0x10046e14                HAL_RADIO_TIMER_TimeoutCallback
 .text._calibrationProcedure
                0x10046e80       0x40 ./Drivers/STM32WB0x_HAL_Driver/Src/stm32wb0x_hal_radio_timer.o
 .text._timer_start_calibration
                0x10046ec0       0x20 ./Drivers/STM32WB0x_HAL_Driver/Src/stm32wb0x_hal_radio_timer.o
 .text._timer_calibrate
                0x10046ee0       0x30 ./Drivers/STM32WB0x_HAL_Driver/Src/stm32wb0x_hal_radio_timer.o
 .text._get_calibration_data
                0x10046f10       0xd0 ./Drivers/STM32WB0x_HAL_Driver/Src/stm32wb0x_hal_radio_timer.o
 .text._configureTxRxDelay
                0x10046fe0       0xf8 ./Drivers/STM32WB0x_HAL_Driver/Src/stm32wb0x_hal_radio_timer.o
 .text._us_to_systime
                0x100470d8       0x2a ./Drivers/STM32WB0x_HAL_Driver/Src/stm32wb0x_hal_radio_timer.o
 *fill*         0x10047102        0x2 
 .text._us_to_machinetime
                0x10047104       0x64 ./Drivers/STM32WB0x_HAL_Driver/Src/stm32wb0x_hal_radio_timer.o
 .text._update_xtal_startup_time
                0x10047168       0x5c ./Drivers/STM32WB0x_HAL_Driver/Src/stm32wb0x_hal_radio_timer.o
 .text._calibration_callback
                0x100471c4       0x28 ./Drivers/STM32WB0x_HAL_Driver/Src/stm32wb0x_hal_radio_timer.o
 .text._start_timer
                0x100471ec       0xbc ./Drivers/STM32WB0x_HAL_Driver/Src/stm32wb0x_hal_radio_timer.o
 .text._get_system_time_and_machine
                0x100472a8       0xd0 ./Drivers/STM32WB0x_HAL_Driver/Src/stm32wb0x_hal_radio_timer.o
 .text._update_user_timeout
                0x10047378      0x16c ./Drivers/STM32WB0x_HAL_Driver/Src/stm32wb0x_hal_radio_timer.o
 .text._insert_timer_in_queue
                0x100474e4       0x60 ./Drivers/STM32WB0x_HAL_Driver/Src/stm32wb0x_hal_radio_timer.o
 .text._virtualTimeBaseEnable
                0x10047544       0x58 ./Drivers/STM32WB0x_HAL_Driver/Src/stm32wb0x_hal_radio_timer.o
 .text._remove_timer_in_queue
                0x1004759c       0x58 ./Drivers/STM32WB0x_HAL_Driver/Src/stm32wb0x_hal_radio_timer.o
 .text._check_callbacks
                0x100475f4       0x92 ./Drivers/STM32WB0x_HAL_Driver/Src/stm32wb0x_hal_radio_timer.o
 *fill*         0x10047686        0x2 
 .text._updateCalibrationData
                0x10047688       0x6c ./Drivers/STM32WB0x_HAL_Driver/Src/stm32wb0x_hal_radio_timer.o
 .text._update_system_time
                0x100476f4       0xbc ./Drivers/STM32WB0x_HAL_Driver/Src/stm32wb0x_hal_radio_timer.o
 .text._check_radio_activity
                0x100477b0      0x114 ./Drivers/STM32WB0x_HAL_Driver/Src/stm32wb0x_hal_radio_timer.o
 .text.TIMER_SetRadioHostWakeupTime
                0x100478c4       0xd4 ./Drivers/STM32WB0x_HAL_Driver/Src/stm32wb0x_hal_radio_timer.o
 .text._set_controller_as_host
                0x10047998       0x2c ./Drivers/STM32WB0x_HAL_Driver/Src/stm32wb0x_hal_radio_timer.o
 .text._check_host_activity
                0x100479c4       0x5c ./Drivers/STM32WB0x_HAL_Driver/Src/stm32wb0x_hal_radio_timer.o
 .text.TIMER_SetRadioTimerValue
                0x10047a20      0x1f8 ./Drivers/STM32WB0x_HAL_Driver/Src/stm32wb0x_hal_radio_timer.o
 .text.TIMER_GetPastSysTime
                0x10047c18       0x60 ./Drivers/STM32WB0x_HAL_Driver/Src/stm32wb0x_hal_radio_timer.o
 .text.TIMER_GetRadioTimerValue
                0x10047c78       0x78 ./Drivers/STM32WB0x_HAL_Driver/Src/stm32wb0x_hal_radio_timer.o
 .text.HAL_RADIO_TIMER_CpuWakeUpCallback
                0x10047cf0        0xa ./Drivers/STM32WB0x_HAL_Driver/Src/stm32wb0x_hal_radio_timer.o
                0x10047cf0                HAL_RADIO_TIMER_CpuWakeUpCallback
 .text.HAL_RADIO_TIMER_TxRxWakeUpCallback
                0x10047cfa        0xa ./Drivers/STM32WB0x_HAL_Driver/Src/stm32wb0x_hal_radio_timer.o
                0x10047cfa                HAL_RADIO_TIMER_TxRxWakeUpCallback
 .text.HAL_RADIO_TIMER_CPU_WKUP_IRQHandler
                0x10047d04       0x12 ./Drivers/STM32WB0x_HAL_Driver/Src/stm32wb0x_hal_radio_timer.o
                0x10047d04                HAL_RADIO_TIMER_CPU_WKUP_IRQHandler
 .text.HAL_RADIO_TIMER_TXRX_WKUP_IRQHandler
                0x10047d16       0x12 ./Drivers/STM32WB0x_HAL_Driver/Src/stm32wb0x_hal_radio_timer.o
                0x10047d16                HAL_RADIO_TIMER_TXRX_WKUP_IRQHandler
 .text.HAL_RADIO_TIMER_ERROR_IRQHandler
                0x10047d28       0x2c ./Drivers/STM32WB0x_HAL_Driver/Src/stm32wb0x_hal_radio_timer.o
                0x10047d28                HAL_RADIO_TIMER_ERROR_IRQHandler
 .text.LL_PWR_SetNoPullB
                0x10047d54       0x30 ./Drivers/STM32WB0x_HAL_Driver/Src/stm32wb0x_hal_rcc.o
 .text.LL_RCC_HSE_Enable
                0x10047d84       0x1c ./Drivers/STM32WB0x_HAL_Driver/Src/stm32wb0x_hal_rcc.o
 .text.LL_RCC_HSE_Disable
                0x10047da0       0x20 ./Drivers/STM32WB0x_HAL_Driver/Src/stm32wb0x_hal_rcc.o
 .text.LL_RCC_HSE_IsReady
                0x10047dc0       0x28 ./Drivers/STM32WB0x_HAL_Driver/Src/stm32wb0x_hal_rcc.o
 .text.LL_RCC_HSE_SetCapacitorTuning
                0x10047de8       0x40 ./Drivers/STM32WB0x_HAL_Driver/Src/stm32wb0x_hal_rcc.o
 .text.LL_RCC_HSE_SetCurrentControl
                0x10047e28       0x2c ./Drivers/STM32WB0x_HAL_Driver/Src/stm32wb0x_hal_rcc.o
 .text.LL_RCC_HSI_Enable
                0x10047e54       0x28 ./Drivers/STM32WB0x_HAL_Driver/Src/stm32wb0x_hal_rcc.o
 .text.LL_RCC_HSI_Disable
                0x10047e7c       0x28 ./Drivers/STM32WB0x_HAL_Driver/Src/stm32wb0x_hal_rcc.o
 .text.LL_RCC_HSI_IsReady
                0x10047ea4       0x28 ./Drivers/STM32WB0x_HAL_Driver/Src/stm32wb0x_hal_rcc.o
 .text.LL_RCC_DIRECT_HSE_Enable
                0x10047ecc       0x4c ./Drivers/STM32WB0x_HAL_Driver/Src/stm32wb0x_hal_rcc.o
 .text.LL_RCC_LSCO_SetSource
                0x10047f18       0x2c ./Drivers/STM32WB0x_HAL_Driver/Src/stm32wb0x_hal_rcc.o
 .text.LL_RCC_LSE_Enable
                0x10047f44       0x1c ./Drivers/STM32WB0x_HAL_Driver/Src/stm32wb0x_hal_rcc.o
 .text.LL_RCC_LSE_Disable
                0x10047f60       0x1c ./Drivers/STM32WB0x_HAL_Driver/Src/stm32wb0x_hal_rcc.o
 .text.LL_RCC_LSE_IsReady
                0x10047f7c       0x20 ./Drivers/STM32WB0x_HAL_Driver/Src/stm32wb0x_hal_rcc.o
 .text.LL_RCC_LSE_EnableBypass
                0x10047f9c       0x1c ./Drivers/STM32WB0x_HAL_Driver/Src/stm32wb0x_hal_rcc.o
 .text.LL_RCC_LSE_DisableBypass
                0x10047fb8       0x1c ./Drivers/STM32WB0x_HAL_Driver/Src/stm32wb0x_hal_rcc.o
 .text.LL_RCC_LSE_IsBypassEnabled
                0x10047fd4       0x20 ./Drivers/STM32WB0x_HAL_Driver/Src/stm32wb0x_hal_rcc.o
 .text.LL_RCC_LSE_SetDriveCapability
                0x10047ff4       0x28 ./Drivers/STM32WB0x_HAL_Driver/Src/stm32wb0x_hal_rcc.o
 .text.LL_RCC_LSI_Enable
                0x1004801c       0x1c ./Drivers/STM32WB0x_HAL_Driver/Src/stm32wb0x_hal_rcc.o
 .text.LL_RCC_LSI_Disable
                0x10048038       0x1c ./Drivers/STM32WB0x_HAL_Driver/Src/stm32wb0x_hal_rcc.o
 .text.LL_RCC_LSI_IsReady
                0x10048054       0x20 ./Drivers/STM32WB0x_HAL_Driver/Src/stm32wb0x_hal_rcc.o
 .text.LL_RCC_RC64MPLL_Enable
                0x10048074       0x1c ./Drivers/STM32WB0x_HAL_Driver/Src/stm32wb0x_hal_rcc.o
 .text.LL_RCC_RC64MPLL_Disable
                0x10048090       0x20 ./Drivers/STM32WB0x_HAL_Driver/Src/stm32wb0x_hal_rcc.o
 .text.LL_RCC_RC64MPLL_IsReady
                0x100480b0       0x28 ./Drivers/STM32WB0x_HAL_Driver/Src/stm32wb0x_hal_rcc.o
 .text.LL_RCC_SetRC64MPLLPrescaler
                0x100480d8       0x28 ./Drivers/STM32WB0x_HAL_Driver/Src/stm32wb0x_hal_rcc.o
 .text.HAL_RCC_OscConfig
                0x10048100      0x2a0 ./Drivers/STM32WB0x_HAL_Driver/Src/stm32wb0x_hal_rcc.o
                0x10048100                HAL_RCC_OscConfig
 .text.HAL_RCC_ClockConfig
                0x100483a0      0x158 ./Drivers/STM32WB0x_HAL_Driver/Src/stm32wb0x_hal_rcc.o
                0x100483a0                HAL_RCC_ClockConfig
 .text.HAL_RCC_GetSysClockFreq
                0x100484f8       0x14 ./Drivers/STM32WB0x_HAL_Driver/Src/stm32wb0x_hal_rcc.o
                0x100484f8                HAL_RCC_GetSysClockFreq
 .text.LL_RCC_LSCO_SetSource
                0x1004850c       0x2c ./Drivers/STM32WB0x_HAL_Driver/Src/stm32wb0x_hal_rcc_ex.o
 .text.LL_RCC_SetRFClock
                0x10048538       0x28 ./Drivers/STM32WB0x_HAL_Driver/Src/stm32wb0x_hal_rcc_ex.o
 .text.LL_RCC_SetSMPSPrescaler
                0x10048560       0x2c ./Drivers/STM32WB0x_HAL_Driver/Src/stm32wb0x_hal_rcc_ex.o
 .text.LL_RCC_SetSPI2I2SClockSource
                0x1004858c       0x2c ./Drivers/STM32WB0x_HAL_Driver/Src/stm32wb0x_hal_rcc_ex.o
 .text.LL_RCC_SetSPI3I2SClockSource
                0x100485b8       0x2c ./Drivers/STM32WB0x_HAL_Driver/Src/stm32wb0x_hal_rcc_ex.o
 .text.HAL_RCCEx_PeriphCLKConfig
                0x100485e4       0x76 ./Drivers/STM32WB0x_HAL_Driver/Src/stm32wb0x_hal_rcc_ex.o
                0x100485e4                HAL_RCCEx_PeriphCLKConfig
 *fill*         0x1004865a        0x2 
 .text.HAL_SPI_Init
                0x1004865c      0x170 ./Drivers/STM32WB0x_HAL_Driver/Src/stm32wb0x_hal_spi.o
                0x1004865c                HAL_SPI_Init
 .text.HAL_UART_Init
                0x100487cc       0xac ./Drivers/STM32WB0x_HAL_Driver/Src/stm32wb0x_hal_uart.o
                0x100487cc                HAL_UART_Init
 .text.HAL_UART_Transmit
                0x10048878      0x148 ./Drivers/STM32WB0x_HAL_Driver/Src/stm32wb0x_hal_uart.o
                0x10048878                HAL_UART_Transmit
 .text.UART_SetConfig
                0x100489c0      0x2cc ./Drivers/STM32WB0x_HAL_Driver/Src/stm32wb0x_hal_uart.o
                0x100489c0                UART_SetConfig
 .text.UART_AdvFeatureConfig
                0x10048c8c      0x168 ./Drivers/STM32WB0x_HAL_Driver/Src/stm32wb0x_hal_uart.o
                0x10048c8c                UART_AdvFeatureConfig
 .text.UART_CheckIdleState
                0x10048df4      0x154 ./Drivers/STM32WB0x_HAL_Driver/Src/stm32wb0x_hal_uart.o
                0x10048df4                UART_CheckIdleState
 .text.UART_WaitOnFlagUntilTimeout
                0x10048f48       0xde ./Drivers/STM32WB0x_HAL_Driver/Src/stm32wb0x_hal_uart.o
                0x10048f48                UART_WaitOnFlagUntilTimeout
 *fill*         0x10049026        0x2 
 .text.UART_EndRxTransfer
                0x10049028       0xcc ./Drivers/STM32WB0x_HAL_Driver/Src/stm32wb0x_hal_uart.o
 .text.HAL_UARTEx_DisableFifoMode
                0x100490f4       0x74 ./Drivers/STM32WB0x_HAL_Driver/Src/stm32wb0x_hal_uart_ex.o
                0x100490f4                HAL_UARTEx_DisableFifoMode
 .text.HAL_UARTEx_SetTxFifoThreshold
                0x10049168       0x7e ./Drivers/STM32WB0x_HAL_Driver/Src/stm32wb0x_hal_uart_ex.o
                0x10049168                HAL_UARTEx_SetTxFifoThreshold
 *fill*         0x100491e6        0x2 
 .text.HAL_UARTEx_SetRxFifoThreshold
                0x100491e8       0x84 ./Drivers/STM32WB0x_HAL_Driver/Src/stm32wb0x_hal_uart_ex.o
                0x100491e8                HAL_UARTEx_SetRxFifoThreshold
 .text.UARTEx_SetNbDataToProcess
                0x1004926c       0xbc ./Drivers/STM32WB0x_HAL_Driver/Src/stm32wb0x_hal_uart_ex.o
 .text.memcmp   0x10049328       0x1c C:/ST/STM32CubeIDE_1.16.0/STM32CubeIDE/plugins/com.st.stm32cube.ide.mcu.externaltools.gnu-tools-for-stm32.12.3.rel1.win32_1.1.0.202410251130/tools/bin/../lib/gcc/arm-none-eabi/12.3.1/../../../../arm-none-eabi/lib/thumb/v6-m/nofp\libc_nano.a(libc_a-memcmp.o)
                0x10049328                memcmp
 .text.memset   0x10049344       0x10 C:/ST/STM32CubeIDE_1.16.0/STM32CubeIDE/plugins/com.st.stm32cube.ide.mcu.externaltools.gnu-tools-for-stm32.12.3.rel1.win32_1.1.0.202410251130/tools/bin/../lib/gcc/arm-none-eabi/12.3.1/../../../../arm-none-eabi/lib/thumb/v6-m/nofp\libc_nano.a(libc_a-memset.o)
                0x10049344                memset
 *(i.*)
 *(.constdata)
 *(.glue_7)
 .glue_7        0x10049354        0x0 linker stubs
 *(.glue_7t)
 .glue_7t       0x10049354        0x0 linker stubs
                0x10049354                        . = ALIGN (0x4)
                0x10049354                        _etext = .

.vfp11_veneer   0x10049354        0x0
 .vfp11_veneer  0x10049354        0x0 linker stubs

.v4_bx          0x10049354        0x0
 .v4_bx         0x10049354        0x0 linker stubs

.init           0x10049354        0x4
 .init          0x10049354        0x4 C:/ST/STM32CubeIDE_1.16.0/STM32CubeIDE/plugins/com.st.stm32cube.ide.mcu.externaltools.gnu-tools-for-stm32.12.3.rel1.win32_1.1.0.202410251130/tools/bin/../lib/gcc/arm-none-eabi/12.3.1/thumb/v6-m/nofp/crti.o
                0x10049354                _init

.fini           0x10049358        0x4
 .fini          0x10049358        0x4 C:/ST/STM32CubeIDE_1.16.0/STM32CubeIDE/plugins/com.st.stm32cube.ide.mcu.externaltools.gnu-tools-for-stm32.12.3.rel1.win32_1.1.0.202410251130/tools/bin/../lib/gcc/arm-none-eabi/12.3.1/thumb/v6-m/nofp/crti.o
                0x10049358                _fini

.iplt           0x1004935c        0x0
 .iplt          0x1004935c        0x0 ./Core/Src/main.o

.rodata         0x1004935c       0x70
                0x1004935c                        . = ALIGN (0x4)
 *(.rodata)
 .rodata        0x1004935c        0x5 ./Drivers/STM32WB0x_HAL_Driver/Src/stm32wb0x_hal_radio.o
 *fill*         0x10049361        0x3 
 .rodata        0x10049364       0x40 C:/ST/STM32CubeIDE_1.16.0/STM32CubeIDE/plugins/com.st.stm32cube.ide.mcu.externaltools.gnu-tools-for-stm32.12.3.rel1.win32_1.1.0.202410251130/tools/bin/../lib/gcc/arm-none-eabi/12.3.1/thumb/v6-m/nofp\libgcc.a(divdf3.o)
 *(.rodata*)
 .rodata.UARTPrescTable
                0x100493a4       0x18 ./Drivers/STM32WB0x_HAL_Driver/Src/stm32wb0x_hal_uart.o
                0x100493a4                UARTPrescTable
 .rodata.numerator.1
                0x100493bc        0x8 ./Drivers/STM32WB0x_HAL_Driver/Src/stm32wb0x_hal_uart_ex.o
 .rodata.denominator.0
                0x100493c4        0x8 ./Drivers/STM32WB0x_HAL_Driver/Src/stm32wb0x_hal_uart_ex.o
                0x100493cc                        . = ALIGN (0x4)

.ARM.extab
 *(.ARM.extab*)

.ARM            0x100493cc        0x8
                0x100493cc                        __exidx_start = .
 *(.ARM.exidx*)
 .ARM.exidx     0x100493cc        0x8 C:/ST/STM32CubeIDE_1.16.0/STM32CubeIDE/plugins/com.st.stm32cube.ide.mcu.externaltools.gnu-tools-for-stm32.12.3.rel1.win32_1.1.0.202410251130/tools/bin/../lib/gcc/arm-none-eabi/12.3.1/thumb/v6-m/nofp\libgcc.a(_udivmoddi4.o)
                0x100493d4                        __exidx_end = .
                0x100493d4                        _sidata = LOADADDR (.data)

.rel.dyn        0x100493d4        0x0
 .rel.iplt      0x100493d4        0x0 ./Core/Src/main.o

.ram_preamble   0x20000004       0x2c
 *(.ram_vr)
 .ram_vr        0x20000004       0x2c ./Core/Src/system_stm32wb0x.o
                0x20000004                RAM_VR

.ram_preamble_2
 *(.crash_info_ram_vr)

.bss.blueRAM    0x200000c0       0xbc
                0x200000c0                        . = ALIGN (0x4)
                0x200000c0                        _sbssblue = .
 *(.bss.__blue_RAM)
 .bss.__blue_RAM
                0x200000c0       0xbc ./Drivers/STM32WB0x_HAL_Driver/Src/stm32wb0x_hal_radio.o
                0x200000c0                __blue_RAM
                0x2000017c                        . = ALIGN (0x4)
                0x2000017c                        _ebssblue = .

.bss            0x2000017c      0x4bc
                0x2000017c                        . = ALIGN (0x4)
                0x2000017c                        _sbss = .
 *(.bss)
 *(.bss*)
 .bss.hspi2     0x2000017c       0x64 ./Core/Src/main.o
                0x2000017c                hspi2
 .bss.huart1    0x200001e0       0x94 ./Core/Src/main.o
                0x200001e0                huart1
 .bss.ranging   0x20000274        0x1 ./Core/Src/main.o
                0x20000274                ranging
 .bss.printPacket
                0x20000275        0x1 ./Core/Src/main.o
                0x20000275                printPacket
 *fill*         0x20000276        0x2 
 .bss.sendAckData
                0x20000278      0x101 ./Core/Src/main.o
                0x20000278                sendAckData
 *fill*         0x20000379        0x3 
 .bss.receivedData
                0x2000037c      0x101 ./Core/Src/main.o
                0x2000037c                receivedData
 .bss.beacon_channel
                0x2000047d        0x1 ./Core/Src/main.o
                0x2000047d                beacon_channel
 *fill*         0x2000047e        0x2 
 .bss.txFCTRL   0x20000480        0x4 ./Drivers/DW1000/DW1000.o
                0x20000480                txFCTRL
 .bss.status_reg
                0x20000484        0x4 ./Drivers/DW1000/DW1000.o
                0x20000484                status_reg
 .bss.tof       0x20000488        0x8 ./Drivers/DW1000/DW1000.o
 .bss.distance  0x20000490        0x8 ./Drivers/DW1000/DW1000.o
 .bss.rx_buffer
                0x20000498       0x19 ./Drivers/DW1000/DW1000.o
                0x20000498                rx_buffer
 *fill*         0x200004b1        0x7 
 .bss.poll_rx_ts
                0x200004b8        0x8 ./Drivers/DW1000/DW1000.o
                0x200004b8                poll_rx_ts
 .bss.resp_tx_ts
                0x200004c0        0x8 ./Drivers/DW1000/DW1000.o
                0x200004c0                resp_tx_ts
 .bss.final_rx_ts
                0x200004c8        0x8 ./Drivers/DW1000/DW1000.o
                0x200004c8                final_rx_ts
 .bss.frame_seq_nb
                0x200004d0        0x1 ./Drivers/DW1000/DW1000.o
                0x200004d0                frame_seq_nb
 *fill*         0x200004d1        0x3 
 .bss.uwTick    0x200004d4        0x4 ./Drivers/STM32WB0x_HAL_Driver/Src/stm32wb0x_hal.o
                0x200004d4                uwTick
 .bss.globalParameters
                0x200004d8        0xc ./Drivers/STM32WB0x_HAL_Driver/Src/stm32wb0x_hal_radio.o
                0x200004d8                globalParameters
 .bss.aPacket   0x200004e4       0x80 ./Drivers/STM32WB0x_HAL_Driver/Src/stm32wb0x_hal_radio.o
 .bss.hot_table_radio_config_u32
                0x20000564       0x30 ./Drivers/STM32WB0x_HAL_Driver/Src/stm32wb0x_hal_radio.o
                0x20000564                hot_table_radio_config_u32
 *fill*         0x20000594        0x4 
 .bss.RADIO_TIMER_Context
                0x20000598       0xa0 ./Drivers/STM32WB0x_HAL_Driver/Src/stm32wb0x_hal_radio_timer.o
 *(COMMON)
                0x20000638                        . = ALIGN (0x4)
                0x20000638                        _ebss = .

.data           0x20000638       0x6c load address 0x100493d4
                0x20000638                        . = ALIGN (0x4)
                0x20000638                        _sdata = .
 *(.data)
 *(.data*)
 .data.dw1000   0x20000638       0x14 ./Core/Src/main.o
                0x20000638                dw1000
 .data.SystemCoreClock
                0x2000064c        0x4 ./Core/Src/system_stm32wb0x.o
                0x2000064c                SystemCoreClock
 .data.dw1000_cfg
                0x20000650        0xc ./Drivers/DW1000/DW1000.o
                0x20000650                dw1000_cfg
 .data.rx_poll_msg
                0x2000065c        0xd ./Drivers/DW1000/DW1000.o
                0x2000065c                rx_poll_msg
 *fill*         0x20000669        0x3 
 .data.tx_resp_msg
                0x2000066c       0x10 ./Drivers/DW1000/DW1000.o
                0x2000066c                tx_resp_msg
 .data.rx_final_msg
                0x2000067c       0x19 ./Drivers/DW1000/DW1000.o
                0x2000067c                rx_final_msg
 *fill*         0x20000695        0x3 
 .data.uwTickPrio
                0x20000698        0x4 ./Drivers/STM32WB0x_HAL_Driver/Src/stm32wb0x_hal.o
                0x20000698                uwTickPrio
 .data.uwTickFreq
                0x2000069c        0x1 ./Drivers/STM32WB0x_HAL_Driver/Src/stm32wb0x_hal.o
                0x2000069c                uwTickFreq
 *fill*         0x2000069d        0x3 
 .data.networkID
                0x200006a0        0x4 ./Drivers/STM32WB0x_HAL_Driver/Src/stm32wb0x_hal_radio.o
                0x200006a4                        . = ALIGN (0x4)
                0x200006a4                        _edata = .

.igot.plt       0x200006a4        0x0 load address 0x10049440
 .igot.plt      0x200006a4        0x0 ./Core/Src/main.o

.noinit         0x200006a4        0x0 load address 0x10049440
                0x200006a4                        . = ALIGN (0x4)
 *(.noinit)
                0x200006a4                        . = ALIGN (0x4)

.ota_region_end
                0x10049440        0x0
                0x10049440                        . = ALIGN (0x4)
 *(TAG_OTA_END)
                0x10049440                        . = ALIGN (0x4)

.heap           0x200006a4        0x0
                0x200006a4                        . = ALIGN (0x4)
                [!provide]                        PROVIDE (end = .)
                0x200006a4                        PROVIDE (_end = .)
                0x200006a4                        . = (. + _Min_Heap_Size)
                0x200006a4                        . = ALIGN (0x4)

.stack          0x2000f400      0xc00
                0x2000f400                        . = ALIGN (0x4)
                0x20010000                        . = (. + _Min_Stack_Size)
 *fill*         0x2000f400      0xc00 
                0x20010000                        . = ALIGN (0x4)
                0x20010000                        _estack = .
                0x20010000                        . = ALIGN (0x4)

.rom_info       0x10000000        0x0
                0x10000000                        . = ALIGN (0x4)
 *(.rom_info)
                0x10000000                        . = ALIGN (0x4)

/DISCARD/
 libc.a(*)
 libm.a(*)
 libgcc.a(*)

.ARM.attributes
                0x00000000       0x28
 *(.ARM.attributes)
 .ARM.attributes
                0x00000000       0x1e C:/ST/STM32CubeIDE_1.16.0/STM32CubeIDE/plugins/com.st.stm32cube.ide.mcu.externaltools.gnu-tools-for-stm32.12.3.rel1.win32_1.1.0.202410251130/tools/bin/../lib/gcc/arm-none-eabi/12.3.1/thumb/v6-m/nofp/crti.o
 .ARM.attributes
                0x0000001e       0x21 ./Core/Src/blue_unit_conversion.o
 .ARM.attributes
                0x0000003f       0x2c ./Core/Src/main.o
 .ARM.attributes
                0x0000006b       0x2c ./Core/Src/stm32wb0x_hal_msp.o
 .ARM.attributes
                0x00000097       0x2c ./Core/Src/stm32wb0x_it.o
 .ARM.attributes
                0x000000c3       0x2c ./Core/Src/system_stm32wb0x.o
 .ARM.attributes
                0x000000ef       0x22 ./Core/Startup/startup_stm32wb07ccvx.o
 .ARM.attributes
                0x00000111       0x2c ./Drivers/DW1000/DW1000.o
 .ARM.attributes
                0x0000013d       0x2c ./Drivers/DW1000/SPI.o
 .ARM.attributes
                0x00000169       0x2c ./Drivers/STM32WB0x_HAL_Driver/Src/stm32wb0x_hal.o
 .ARM.attributes
                0x00000195       0x2c ./Drivers/STM32WB0x_HAL_Driver/Src/stm32wb0x_hal_cortex.o
 .ARM.attributes
                0x000001c1       0x2c ./Drivers/STM32WB0x_HAL_Driver/Src/stm32wb0x_hal_gpio.o
 .ARM.attributes
                0x000001ed       0x2c ./Drivers/STM32WB0x_HAL_Driver/Src/stm32wb0x_hal_radio.o
 .ARM.attributes
                0x00000219       0x2c ./Drivers/STM32WB0x_HAL_Driver/Src/stm32wb0x_hal_radio_timer.o
 .ARM.attributes
                0x00000245       0x2c ./Drivers/STM32WB0x_HAL_Driver/Src/stm32wb0x_hal_rcc.o
 .ARM.attributes
                0x00000271       0x2c ./Drivers/STM32WB0x_HAL_Driver/Src/stm32wb0x_hal_rcc_ex.o
 .ARM.attributes
                0x0000029d       0x2c ./Drivers/STM32WB0x_HAL_Driver/Src/stm32wb0x_hal_spi.o
 .ARM.attributes
                0x000002c9       0x2c ./Drivers/STM32WB0x_HAL_Driver/Src/stm32wb0x_hal_uart.o
 .ARM.attributes
                0x000002f5       0x2c ./Drivers/STM32WB0x_HAL_Driver/Src/stm32wb0x_hal_uart_ex.o
 .ARM.attributes
                0x00000321       0x2c C:/ST/STM32CubeIDE_1.16.0/STM32CubeIDE/plugins/com.st.stm32cube.ide.mcu.externaltools.gnu-tools-for-stm32.12.3.rel1.win32_1.1.0.202410251130/tools/bin/../lib/gcc/arm-none-eabi/12.3.1/../../../../arm-none-eabi/lib/thumb/v6-m/nofp\libc_nano.a(libc_a-memcmp.o)
 .ARM.attributes
                0x0000034d       0x2c C:/ST/STM32CubeIDE_1.16.0/STM32CubeIDE/plugins/com.st.stm32cube.ide.mcu.externaltools.gnu-tools-for-stm32.12.3.rel1.win32_1.1.0.202410251130/tools/bin/../lib/gcc/arm-none-eabi/12.3.1/../../../../arm-none-eabi/lib/thumb/v6-m/nofp\libc_nano.a(libc_a-memset.o)
 .ARM.attributes
                0x00000379       0x1c C:/ST/STM32CubeIDE_1.16.0/STM32CubeIDE/plugins/com.st.stm32cube.ide.mcu.externaltools.gnu-tools-for-stm32.12.3.rel1.win32_1.1.0.202410251130/tools/bin/../lib/gcc/arm-none-eabi/12.3.1/../../../../arm-none-eabi/lib/thumb/v6-m/nofp\libc_nano.a(libc_a-strlen.o)
 .ARM.attributes
                0x00000395       0x1e C:/ST/STM32CubeIDE_1.16.0/STM32CubeIDE/plugins/com.st.stm32cube.ide.mcu.externaltools.gnu-tools-for-stm32.12.3.rel1.win32_1.1.0.202410251130/tools/bin/../lib/gcc/arm-none-eabi/12.3.1/thumb/v6-m/nofp\libgcc.a(_udivsi3.o)
 .ARM.attributes
                0x000003b3       0x1e C:/ST/STM32CubeIDE_1.16.0/STM32CubeIDE/plugins/com.st.stm32cube.ide.mcu.externaltools.gnu-tools-for-stm32.12.3.rel1.win32_1.1.0.202410251130/tools/bin/../lib/gcc/arm-none-eabi/12.3.1/thumb/v6-m/nofp\libgcc.a(_divsi3.o)
 .ARM.attributes
                0x000003d1       0x1e C:/ST/STM32CubeIDE_1.16.0/STM32CubeIDE/plugins/com.st.stm32cube.ide.mcu.externaltools.gnu-tools-for-stm32.12.3.rel1.win32_1.1.0.202410251130/tools/bin/../lib/gcc/arm-none-eabi/12.3.1/thumb/v6-m/nofp\libgcc.a(_dvmd_tls.o)
 .ARM.attributes
                0x000003ef       0x1e C:/ST/STM32CubeIDE_1.16.0/STM32CubeIDE/plugins/com.st.stm32cube.ide.mcu.externaltools.gnu-tools-for-stm32.12.3.rel1.win32_1.1.0.202410251130/tools/bin/../lib/gcc/arm-none-eabi/12.3.1/thumb/v6-m/nofp\libgcc.a(_aeabi_uldivmod.o)
 .ARM.attributes
                0x0000040d       0x2c C:/ST/STM32CubeIDE_1.16.0/STM32CubeIDE/plugins/com.st.stm32cube.ide.mcu.externaltools.gnu-tools-for-stm32.12.3.rel1.win32_1.1.0.202410251130/tools/bin/../lib/gcc/arm-none-eabi/12.3.1/thumb/v6-m/nofp\libgcc.a(_muldi3.o)
 .ARM.attributes
                0x00000439       0x2c C:/ST/STM32CubeIDE_1.16.0/STM32CubeIDE/plugins/com.st.stm32cube.ide.mcu.externaltools.gnu-tools-for-stm32.12.3.rel1.win32_1.1.0.202410251130/tools/bin/../lib/gcc/arm-none-eabi/12.3.1/thumb/v6-m/nofp\libgcc.a(_fixunsdfsi.o)
 .ARM.attributes
                0x00000465       0x2c C:/ST/STM32CubeIDE_1.16.0/STM32CubeIDE/plugins/com.st.stm32cube.ide.mcu.externaltools.gnu-tools-for-stm32.12.3.rel1.win32_1.1.0.202410251130/tools/bin/../lib/gcc/arm-none-eabi/12.3.1/thumb/v6-m/nofp\libgcc.a(_fixdfdi.o)
 .ARM.attributes
                0x00000491       0x2c C:/ST/STM32CubeIDE_1.16.0/STM32CubeIDE/plugins/com.st.stm32cube.ide.mcu.externaltools.gnu-tools-for-stm32.12.3.rel1.win32_1.1.0.202410251130/tools/bin/../lib/gcc/arm-none-eabi/12.3.1/thumb/v6-m/nofp\libgcc.a(_fixunsdfdi.o)
 .ARM.attributes
                0x000004bd       0x2c C:/ST/STM32CubeIDE_1.16.0/STM32CubeIDE/plugins/com.st.stm32cube.ide.mcu.externaltools.gnu-tools-for-stm32.12.3.rel1.win32_1.1.0.202410251130/tools/bin/../lib/gcc/arm-none-eabi/12.3.1/thumb/v6-m/nofp\libgcc.a(_floatdidf.o)
 .ARM.attributes
                0x000004e9       0x2c C:/ST/STM32CubeIDE_1.16.0/STM32CubeIDE/plugins/com.st.stm32cube.ide.mcu.externaltools.gnu-tools-for-stm32.12.3.rel1.win32_1.1.0.202410251130/tools/bin/../lib/gcc/arm-none-eabi/12.3.1/thumb/v6-m/nofp\libgcc.a(_udivmoddi4.o)
 .ARM.attributes
                0x00000515       0x2c C:/ST/STM32CubeIDE_1.16.0/STM32CubeIDE/plugins/com.st.stm32cube.ide.mcu.externaltools.gnu-tools-for-stm32.12.3.rel1.win32_1.1.0.202410251130/tools/bin/../lib/gcc/arm-none-eabi/12.3.1/thumb/v6-m/nofp\libgcc.a(adddf3.o)
 .ARM.attributes
                0x00000541       0x2c C:/ST/STM32CubeIDE_1.16.0/STM32CubeIDE/plugins/com.st.stm32cube.ide.mcu.externaltools.gnu-tools-for-stm32.12.3.rel1.win32_1.1.0.202410251130/tools/bin/../lib/gcc/arm-none-eabi/12.3.1/thumb/v6-m/nofp\libgcc.a(divdf3.o)
 .ARM.attributes
                0x0000056d       0x2c C:/ST/STM32CubeIDE_1.16.0/STM32CubeIDE/plugins/com.st.stm32cube.ide.mcu.externaltools.gnu-tools-for-stm32.12.3.rel1.win32_1.1.0.202410251130/tools/bin/../lib/gcc/arm-none-eabi/12.3.1/thumb/v6-m/nofp\libgcc.a(muldf3.o)
 .ARM.attributes
                0x00000599       0x2c C:/ST/STM32CubeIDE_1.16.0/STM32CubeIDE/plugins/com.st.stm32cube.ide.mcu.externaltools.gnu-tools-for-stm32.12.3.rel1.win32_1.1.0.202410251130/tools/bin/../lib/gcc/arm-none-eabi/12.3.1/thumb/v6-m/nofp\libgcc.a(subdf3.o)
 .ARM.attributes
                0x000005c5       0x2c C:/ST/STM32CubeIDE_1.16.0/STM32CubeIDE/plugins/com.st.stm32cube.ide.mcu.externaltools.gnu-tools-for-stm32.12.3.rel1.win32_1.1.0.202410251130/tools/bin/../lib/gcc/arm-none-eabi/12.3.1/thumb/v6-m/nofp\libgcc.a(fixdfsi.o)
 .ARM.attributes
                0x000005f1       0x2c C:/ST/STM32CubeIDE_1.16.0/STM32CubeIDE/plugins/com.st.stm32cube.ide.mcu.externaltools.gnu-tools-for-stm32.12.3.rel1.win32_1.1.0.202410251130/tools/bin/../lib/gcc/arm-none-eabi/12.3.1/thumb/v6-m/nofp\libgcc.a(floatsidf.o)
 .ARM.attributes
                0x0000061d       0x2c C:/ST/STM32CubeIDE_1.16.0/STM32CubeIDE/plugins/com.st.stm32cube.ide.mcu.externaltools.gnu-tools-for-stm32.12.3.rel1.win32_1.1.0.202410251130/tools/bin/../lib/gcc/arm-none-eabi/12.3.1/thumb/v6-m/nofp\libgcc.a(floatunsidf.o)
 .ARM.attributes
                0x00000649       0x1e C:/ST/STM32CubeIDE_1.16.0/STM32CubeIDE/plugins/com.st.stm32cube.ide.mcu.externaltools.gnu-tools-for-stm32.12.3.rel1.win32_1.1.0.202410251130/tools/bin/../lib/gcc/arm-none-eabi/12.3.1/thumb/v6-m/nofp\libgcc.a(_arm_cmpdf2.o)
 .ARM.attributes
                0x00000667       0x1e C:/ST/STM32CubeIDE_1.16.0/STM32CubeIDE/plugins/com.st.stm32cube.ide.mcu.externaltools.gnu-tools-for-stm32.12.3.rel1.win32_1.1.0.202410251130/tools/bin/../lib/gcc/arm-none-eabi/12.3.1/thumb/v6-m/nofp\libgcc.a(_clzsi2.o)
 .ARM.attributes
                0x00000685       0x1e C:/ST/STM32CubeIDE_1.16.0/STM32CubeIDE/plugins/com.st.stm32cube.ide.mcu.externaltools.gnu-tools-for-stm32.12.3.rel1.win32_1.1.0.202410251130/tools/bin/../lib/gcc/arm-none-eabi/12.3.1/thumb/v6-m/nofp\libgcc.a(_clzdi2.o)
 .ARM.attributes
                0x000006a3       0x2c C:/ST/STM32CubeIDE_1.16.0/STM32CubeIDE/plugins/com.st.stm32cube.ide.mcu.externaltools.gnu-tools-for-stm32.12.3.rel1.win32_1.1.0.202410251130/tools/bin/../lib/gcc/arm-none-eabi/12.3.1/thumb/v6-m/nofp\libgcc.a(eqdf2.o)
 .ARM.attributes
                0x000006cf       0x2c C:/ST/STM32CubeIDE_1.16.0/STM32CubeIDE/plugins/com.st.stm32cube.ide.mcu.externaltools.gnu-tools-for-stm32.12.3.rel1.win32_1.1.0.202410251130/tools/bin/../lib/gcc/arm-none-eabi/12.3.1/thumb/v6-m/nofp\libgcc.a(gedf2.o)
 .ARM.attributes
                0x000006fb       0x2c C:/ST/STM32CubeIDE_1.16.0/STM32CubeIDE/plugins/com.st.stm32cube.ide.mcu.externaltools.gnu-tools-for-stm32.12.3.rel1.win32_1.1.0.202410251130/tools/bin/../lib/gcc/arm-none-eabi/12.3.1/thumb/v6-m/nofp\libgcc.a(ledf2.o)
OUTPUT(Server_Software.elf elf32-littlearm)
LOAD linker stubs
LOAD C:/ST/STM32CubeIDE_1.16.0/STM32CubeIDE/plugins/com.st.stm32cube.ide.mcu.externaltools.gnu-tools-for-stm32.12.3.rel1.win32_1.1.0.202410251130/tools/bin/../lib/gcc/arm-none-eabi/12.3.1/../../../../arm-none-eabi/lib/thumb/v6-m/nofp\libc.a
LOAD C:/ST/STM32CubeIDE_1.16.0/STM32CubeIDE/plugins/com.st.stm32cube.ide.mcu.externaltools.gnu-tools-for-stm32.12.3.rel1.win32_1.1.0.202410251130/tools/bin/../lib/gcc/arm-none-eabi/12.3.1/../../../../arm-none-eabi/lib/thumb/v6-m/nofp\libm.a
LOAD C:/ST/STM32CubeIDE_1.16.0/STM32CubeIDE/plugins/com.st.stm32cube.ide.mcu.externaltools.gnu-tools-for-stm32.12.3.rel1.win32_1.1.0.202410251130/tools/bin/../lib/gcc/arm-none-eabi/12.3.1/thumb/v6-m/nofp\libgcc.a

.debug_line     0x00000000    0x122a9
 .debug_line    0x00000000       0x69 ./Core/Src/blue_unit_conversion.o
 .debug_line    0x00000069      0xdd2 ./Core/Src/main.o
 .debug_line    0x00000e3b      0xa4a ./Core/Src/stm32wb0x_hal_msp.o
 .debug_line    0x00001885      0x8f2 ./Core/Src/stm32wb0x_it.o
 .debug_line    0x00002177      0x9aa ./Core/Src/system_stm32wb0x.o
 .debug_line    0x00002b21       0x88 ./Core/Startup/startup_stm32wb07ccvx.o
 .debug_line    0x00002ba9      0xfdb ./Drivers/DW1000/DW1000.o
 .debug_line    0x00003b84      0x9c3 ./Drivers/DW1000/SPI.o
 .debug_line    0x00004547      0xb98 ./Drivers/STM32WB0x_HAL_Driver/Src/stm32wb0x_hal.o
 .debug_line    0x000050df      0xc12 ./Drivers/STM32WB0x_HAL_Driver/Src/stm32wb0x_hal_cortex.o
 .debug_line    0x00005cf1      0xc45 ./Drivers/STM32WB0x_HAL_Driver/Src/stm32wb0x_hal_gpio.o
 .debug_line    0x00006936     0x1b0d ./Drivers/STM32WB0x_HAL_Driver/Src/stm32wb0x_hal_radio.o
 .debug_line    0x00008443     0x1def ./Drivers/STM32WB0x_HAL_Driver/Src/stm32wb0x_hal_radio_timer.o
 .debug_line    0x0000a232     0x10e3 ./Drivers/STM32WB0x_HAL_Driver/Src/stm32wb0x_hal_rcc.o
 .debug_line    0x0000b315      0xbdf ./Drivers/STM32WB0x_HAL_Driver/Src/stm32wb0x_hal_rcc_ex.o
 .debug_line    0x0000bef4     0x20bf ./Drivers/STM32WB0x_HAL_Driver/Src/stm32wb0x_hal_spi.o
 .debug_line    0x0000dfb3     0x35b5 ./Drivers/STM32WB0x_HAL_Driver/Src/stm32wb0x_hal_uart.o
 .debug_line    0x00011568      0xd41 ./Drivers/STM32WB0x_HAL_Driver/Src/stm32wb0x_hal_uart_ex.o

.debug_line_str
                0x00000000       0x88
 .debug_line_str
                0x00000000       0x60 ./Core/Src/blue_unit_conversion.o
 .debug_line_str
                0x00000060       0x28 ./Core/Startup/startup_stm32wb07ccvx.o
                                 0x65 (size before relaxing)

.debug_info     0x00000000    0x128b1
 .debug_info    0x00000000       0x24 ./Core/Src/blue_unit_conversion.o
 .debug_info    0x00000024     0x1bcb ./Core/Src/main.o
 .debug_info    0x00001bef     0x1420 ./Core/Src/stm32wb0x_hal_msp.o
 .debug_info    0x0000300f      0x149 ./Core/Src/stm32wb0x_it.o
 .debug_info    0x00003158      0x84d ./Core/Src/system_stm32wb0x.o
 .debug_info    0x000039a5       0x30 ./Core/Startup/startup_stm32wb07ccvx.o
 .debug_info    0x000039d5      0xf4a ./Drivers/DW1000/DW1000.o
 .debug_info    0x0000491f      0x6e9 ./Drivers/DW1000/SPI.o
 .debug_info    0x00005008      0x8b2 ./Drivers/STM32WB0x_HAL_Driver/Src/stm32wb0x_hal.o
 .debug_info    0x000058ba      0x818 ./Drivers/STM32WB0x_HAL_Driver/Src/stm32wb0x_hal_cortex.o
 .debug_info    0x000060d2      0x568 ./Drivers/STM32WB0x_HAL_Driver/Src/stm32wb0x_hal_gpio.o
 .debug_info    0x0000663a     0x22aa ./Drivers/STM32WB0x_HAL_Driver/Src/stm32wb0x_hal_radio.o
 .debug_info    0x000088e4     0x242f ./Drivers/STM32WB0x_HAL_Driver/Src/stm32wb0x_hal_radio_timer.o
 .debug_info    0x0000ad13      0xc1a ./Drivers/STM32WB0x_HAL_Driver/Src/stm32wb0x_hal_rcc.o
 .debug_info    0x0000b92d      0x6b5 ./Drivers/STM32WB0x_HAL_Driver/Src/stm32wb0x_hal_rcc_ex.o
 .debug_info    0x0000bfe2     0x1687 ./Drivers/STM32WB0x_HAL_Driver/Src/stm32wb0x_hal_spi.o
 .debug_info    0x0000d669     0x45bf ./Drivers/STM32WB0x_HAL_Driver/Src/stm32wb0x_hal_uart.o
 .debug_info    0x00011c28      0xc89 ./Drivers/STM32WB0x_HAL_Driver/Src/stm32wb0x_hal_uart_ex.o

.debug_abbrev   0x00000000     0x2a03
 .debug_abbrev  0x00000000       0x14 ./Core/Src/blue_unit_conversion.o
 .debug_abbrev  0x00000014      0x39c ./Core/Src/main.o
 .debug_abbrev  0x000003b0      0x268 ./Core/Src/stm32wb0x_hal_msp.o
 .debug_abbrev  0x00000618       0x8b ./Core/Src/stm32wb0x_it.o
 .debug_abbrev  0x000006a3      0x26d ./Core/Src/system_stm32wb0x.o
 .debug_abbrev  0x00000910       0x24 ./Core/Startup/startup_stm32wb07ccvx.o
 .debug_abbrev  0x00000934      0x348 ./Drivers/DW1000/DW1000.o
 .debug_abbrev  0x00000c7c      0x1b7 ./Drivers/DW1000/SPI.o
 .debug_abbrev  0x00000e33      0x28f ./Drivers/STM32WB0x_HAL_Driver/Src/stm32wb0x_hal.o
 .debug_abbrev  0x000010c2      0x29a ./Drivers/STM32WB0x_HAL_Driver/Src/stm32wb0x_hal_cortex.o
 .debug_abbrev  0x0000135c      0x1c3 ./Drivers/STM32WB0x_HAL_Driver/Src/stm32wb0x_hal_gpio.o
 .debug_abbrev  0x0000151f      0x3ad ./Drivers/STM32WB0x_HAL_Driver/Src/stm32wb0x_hal_radio.o
 .debug_abbrev  0x000018cc      0x405 ./Drivers/STM32WB0x_HAL_Driver/Src/stm32wb0x_hal_radio_timer.o
 .debug_abbrev  0x00001cd1      0x2e1 ./Drivers/STM32WB0x_HAL_Driver/Src/stm32wb0x_hal_rcc.o
 .debug_abbrev  0x00001fb2      0x215 ./Drivers/STM32WB0x_HAL_Driver/Src/stm32wb0x_hal_rcc_ex.o
 .debug_abbrev  0x000021c7      0x265 ./Drivers/STM32WB0x_HAL_Driver/Src/stm32wb0x_hal_spi.o
 .debug_abbrev  0x0000242c      0x313 ./Drivers/STM32WB0x_HAL_Driver/Src/stm32wb0x_hal_uart.o
 .debug_abbrev  0x0000273f      0x2c4 ./Drivers/STM32WB0x_HAL_Driver/Src/stm32wb0x_hal_uart_ex.o

.debug_aranges  0x00000000     0x1100
 .debug_aranges
                0x00000000       0x20 ./Core/Src/blue_unit_conversion.o
 .debug_aranges
                0x00000020       0xc8 ./Core/Src/main.o
 .debug_aranges
                0x000000e8       0xa0 ./Core/Src/stm32wb0x_hal_msp.o
 .debug_aranges
                0x00000188       0x68 ./Core/Src/stm32wb0x_it.o
 .debug_aranges
                0x000001f0       0x40 ./Core/Src/system_stm32wb0x.o
 .debug_aranges
                0x00000230       0x28 ./Core/Startup/startup_stm32wb07ccvx.o
 .debug_aranges
                0x00000258       0x68 ./Drivers/DW1000/DW1000.o
 .debug_aranges
                0x000002c0       0x28 ./Drivers/DW1000/SPI.o
 .debug_aranges
                0x000002e8      0x118 ./Drivers/STM32WB0x_HAL_Driver/Src/stm32wb0x_hal.o
 .debug_aranges
                0x00000400       0xd0 ./Drivers/STM32WB0x_HAL_Driver/Src/stm32wb0x_hal_cortex.o
 .debug_aranges
                0x000004d0       0x60 ./Drivers/STM32WB0x_HAL_Driver/Src/stm32wb0x_hal_gpio.o
 .debug_aranges
                0x00000530      0x228 ./Drivers/STM32WB0x_HAL_Driver/Src/stm32wb0x_hal_radio.o
 .debug_aranges
                0x00000758      0x2e0 ./Drivers/STM32WB0x_HAL_Driver/Src/stm32wb0x_hal_radio_timer.o
 .debug_aranges
                0x00000a38      0x168 ./Drivers/STM32WB0x_HAL_Driver/Src/stm32wb0x_hal_rcc.o
 .debug_aranges
                0x00000ba0       0xc0 ./Drivers/STM32WB0x_HAL_Driver/Src/stm32wb0x_hal_rcc_ex.o
 .debug_aranges
                0x00000c60      0x1d8 ./Drivers/STM32WB0x_HAL_Driver/Src/stm32wb0x_hal_spi.o
 .debug_aranges
                0x00000e38      0x248 ./Drivers/STM32WB0x_HAL_Driver/Src/stm32wb0x_hal_uart.o
 .debug_aranges
                0x00001080       0x80 ./Drivers/STM32WB0x_HAL_Driver/Src/stm32wb0x_hal_uart_ex.o

.debug_str      0x00000000    0xb6c75
 .debug_str     0x00000000       0x6e ./Core/Src/blue_unit_conversion.o
 .debug_str     0x0000006e    0xab666 ./Core/Src/main.o
                              0xac61a (size before relaxing)
 .debug_str     0x000ab6d4      0x2da ./Core/Src/stm32wb0x_hal_msp.o
                              0xa877a (size before relaxing)
 .debug_str     0x000ab9ae      0x124 ./Core/Src/stm32wb0x_it.o
                              0xa7aa2 (size before relaxing)
 .debug_str     0x000abad2      0x244 ./Core/Src/system_stm32wb0x.o
                              0xa7e27 (size before relaxing)
 .debug_str     0x000abd16       0x36 ./Core/Startup/startup_stm32wb07ccvx.o
                                 0x81 (size before relaxing)
 .debug_str     0x000abd4c     0x62e2 ./Drivers/DW1000/DW1000.o
                              0xb1606 (size before relaxing)
 .debug_str     0x000b202e       0x4a ./Drivers/DW1000/SPI.o
                              0xa7dc7 (size before relaxing)
 .debug_str     0x000b2078      0x379 ./Drivers/STM32WB0x_HAL_Driver/Src/stm32wb0x_hal.o
                              0xa7f9d (size before relaxing)
 .debug_str     0x000b23f1      0x1f7 ./Drivers/STM32WB0x_HAL_Driver/Src/stm32wb0x_hal_cortex.o
                              0xa7e4b (size before relaxing)
 .debug_str     0x000b25e8      0x10b ./Drivers/STM32WB0x_HAL_Driver/Src/stm32wb0x_hal_gpio.o
                              0xa7bcc (size before relaxing)
 .debug_str     0x000b26f3     0x1835 ./Drivers/STM32WB0x_HAL_Driver/Src/stm32wb0x_hal_radio.o
                              0xa986d (size before relaxing)
 .debug_str     0x000b3f28     0x1382 ./Drivers/STM32WB0x_HAL_Driver/Src/stm32wb0x_hal_radio_timer.o
                              0xa9702 (size before relaxing)
 .debug_str     0x000b52aa      0x60c ./Drivers/STM32WB0x_HAL_Driver/Src/stm32wb0x_hal_rcc.o
                              0xa8325 (size before relaxing)
 .debug_str     0x000b58b6      0x35f ./Drivers/STM32WB0x_HAL_Driver/Src/stm32wb0x_hal_rcc_ex.o
                              0xa7f43 (size before relaxing)
 .debug_str     0x000b5c15      0x5c3 ./Drivers/STM32WB0x_HAL_Driver/Src/stm32wb0x_hal_spi.o
                              0xa83a9 (size before relaxing)
 .debug_str     0x000b61d8      0x8d8 ./Drivers/STM32WB0x_HAL_Driver/Src/stm32wb0x_hal_uart.o
                              0xa87de (size before relaxing)
 .debug_str     0x000b6ab0      0x1c5 ./Drivers/STM32WB0x_HAL_Driver/Src/stm32wb0x_hal_uart_ex.o
                              0xa8144 (size before relaxing)

.debug_rnglists
                0x00000000      0xd03
 .debug_rnglists
                0x00000000       0x94 ./Core/Src/main.o
 .debug_rnglists
                0x00000094       0x74 ./Core/Src/stm32wb0x_hal_msp.o
 .debug_rnglists
                0x00000108       0x49 ./Core/Src/stm32wb0x_it.o
 .debug_rnglists
                0x00000151       0x2d ./Core/Src/system_stm32wb0x.o
 .debug_rnglists
                0x0000017e       0x19 ./Core/Startup/startup_stm32wb07ccvx.o
 .debug_rnglists
                0x00000197       0x51 ./Drivers/DW1000/DW1000.o
 .debug_rnglists
                0x000001e8       0x1b ./Drivers/DW1000/SPI.o
 .debug_rnglists
                0x00000203       0xce ./Drivers/STM32WB0x_HAL_Driver/Src/stm32wb0x_hal.o
 .debug_rnglists
                0x000002d1       0x99 ./Drivers/STM32WB0x_HAL_Driver/Src/stm32wb0x_hal_cortex.o
 .debug_rnglists
                0x0000036a       0x45 ./Drivers/STM32WB0x_HAL_Driver/Src/stm32wb0x_hal_gpio.o
 .debug_rnglists
                0x000003af      0x1b0 ./Drivers/STM32WB0x_HAL_Driver/Src/stm32wb0x_hal_radio.o
 .debug_rnglists
                0x0000055f      0x234 ./Drivers/STM32WB0x_HAL_Driver/Src/stm32wb0x_hal_radio_timer.o
 .debug_rnglists
                0x00000793      0x10d ./Drivers/STM32WB0x_HAL_Driver/Src/stm32wb0x_hal_rcc.o
 .debug_rnglists
                0x000008a0       0x8d ./Drivers/STM32WB0x_HAL_Driver/Src/stm32wb0x_hal_rcc_ex.o
 .debug_rnglists
                0x0000092d      0x17a ./Drivers/STM32WB0x_HAL_Driver/Src/stm32wb0x_hal_spi.o
 .debug_rnglists
                0x00000aa7      0x1fb ./Drivers/STM32WB0x_HAL_Driver/Src/stm32wb0x_hal_uart.o
 .debug_rnglists
                0x00000ca2       0x61 ./Drivers/STM32WB0x_HAL_Driver/Src/stm32wb0x_hal_uart_ex.o

.debug_macro    0x00000000    0x1c9db
 .debug_macro   0x00000000      0x36e ./Core/Src/main.o
 .debug_macro   0x0000036e      0xa8a ./Core/Src/main.o
 .debug_macro   0x00000df8       0x22 ./Core/Src/main.o
 .debug_macro   0x00000e1a       0x5b ./Core/Src/main.o
 .debug_macro   0x00000e75       0x24 ./Core/Src/main.o
 .debug_macro   0x00000e99       0x94 ./Core/Src/main.o
 .debug_macro   0x00000f2d       0x43 ./Core/Src/main.o
 .debug_macro   0x00000f70       0x34 ./Core/Src/main.o
 .debug_macro   0x00000fa4       0x16 ./Core/Src/main.o
 .debug_macro   0x00000fba       0x57 ./Core/Src/main.o
 .debug_macro   0x00001011       0x9e ./Core/Src/main.o
 .debug_macro   0x000010af      0x369 ./Core/Src/main.o
 .debug_macro   0x00001418      0x10b ./Core/Src/main.o
 .debug_macro   0x00001523       0x10 ./Core/Src/main.o
 .debug_macro   0x00001533       0x16 ./Core/Src/main.o
 .debug_macro   0x00001549       0x43 ./Core/Src/main.o
 .debug_macro   0x0000158c       0x34 ./Core/Src/main.o
 .debug_macro   0x000015c0       0x10 ./Core/Src/main.o
 .debug_macro   0x000015d0       0x58 ./Core/Src/main.o
 .debug_macro   0x00001628       0x8e ./Core/Src/main.o
 .debug_macro   0x000016b6       0x1c ./Core/Src/main.o
 .debug_macro   0x000016d2      0x177 ./Core/Src/main.o
 .debug_macro   0x00001849       0x16 ./Core/Src/main.o
 .debug_macro   0x0000185f       0x16 ./Core/Src/main.o
 .debug_macro   0x00001875      0x146 ./Core/Src/main.o
 .debug_macro   0x000019bb       0x16 ./Core/Src/main.o
 .debug_macro   0x000019d1       0x35 ./Core/Src/main.o
 .debug_macro   0x00001a06       0x20 ./Core/Src/main.o
 .debug_macro   0x00001a26       0xf6 ./Core/Src/main.o
 .debug_macro   0x00001b1c       0x2e ./Core/Src/main.o
 .debug_macro   0x00001b4a       0x4c ./Core/Src/main.o
 .debug_macro   0x00001b96      0x103 ./Core/Src/main.o
 .debug_macro   0x00001c99       0x6a ./Core/Src/main.o
 .debug_macro   0x00001d03      0x1df ./Core/Src/main.o
 .debug_macro   0x00001ee2       0x1c ./Core/Src/main.o
 .debug_macro   0x00001efe       0x22 ./Core/Src/main.o
 .debug_macro   0x00001f20       0xd1 ./Core/Src/main.o
 .debug_macro   0x00001ff1      0x4da ./Core/Src/main.o
 .debug_macro   0x000024cb      0x11f ./Core/Src/main.o
 .debug_macro   0x000025ea     0xf32f ./Core/Src/main.o
 .debug_macro   0x00011919       0x98 ./Core/Src/main.o
 .debug_macro   0x000119b1       0x82 ./Core/Src/main.o
 .debug_macro   0x00011a33     0x3439 ./Core/Src/main.o
 .debug_macro   0x00014e6c       0x64 ./Core/Src/main.o
 .debug_macro   0x00014ed0       0xbb ./Core/Src/main.o
 .debug_macro   0x00014f8b      0x2c5 ./Core/Src/main.o
 .debug_macro   0x00015250      0x2b9 ./Core/Src/main.o
 .debug_macro   0x00015509      0x1f8 ./Core/Src/main.o
 .debug_macro   0x00015701      0x1d7 ./Core/Src/main.o
 .debug_macro   0x000158d8       0x90 ./Core/Src/main.o
 .debug_macro   0x00015968      0x224 ./Core/Src/main.o
 .debug_macro   0x00015b8c      0x130 ./Core/Src/main.o
 .debug_macro   0x00015cbc      0x3d6 ./Core/Src/main.o
 .debug_macro   0x00016092      0x20a ./Core/Src/main.o
 .debug_macro   0x0001629c      0x3c8 ./Core/Src/main.o
 .debug_macro   0x00016664       0xc3 ./Core/Src/main.o
 .debug_macro   0x00016727      0x8be ./Core/Src/main.o
 .debug_macro   0x00016fe5       0x22 ./Core/Src/main.o
 .debug_macro   0x00017007       0x34 ./Core/Src/main.o
 .debug_macro   0x0001703b       0x28 ./Core/Src/main.o
 .debug_macro   0x00017063      0x2a9 ./Core/Src/main.o
 .debug_macro   0x0001730c       0xad ./Core/Src/main.o
 .debug_macro   0x000173b9      0x753 ./Core/Src/main.o
 .debug_macro   0x00017b0c      0x117 ./Core/Src/main.o
 .debug_macro   0x00017c23      0x2fe ./Core/Src/main.o
 .debug_macro   0x00017f21      0x64d ./Core/Src/main.o
 .debug_macro   0x0001856e       0xa6 ./Core/Src/main.o
 .debug_macro   0x00018614       0x77 ./Core/Src/main.o
 .debug_macro   0x0001868b       0x70 ./Core/Src/main.o
 .debug_macro   0x000186fb      0x22b ./Core/Src/stm32wb0x_hal_msp.o
 .debug_macro   0x00018926       0x8e ./Core/Src/stm32wb0x_hal_msp.o
 .debug_macro   0x000189b4       0x51 ./Core/Src/stm32wb0x_hal_msp.o
 .debug_macro   0x00018a05      0x189 ./Core/Src/stm32wb0x_hal_msp.o
 .debug_macro   0x00018b8e       0x6a ./Core/Src/stm32wb0x_hal_msp.o
 .debug_macro   0x00018bf8      0x235 ./Core/Src/stm32wb0x_it.o
 .debug_macro   0x00018e2d      0x23f ./Core/Src/system_stm32wb0x.o
 .debug_macro   0x0001906c      0x315 ./Drivers/DW1000/DW1000.o
 .debug_macro   0x00019381       0x10 ./Drivers/DW1000/DW1000.o
 .debug_macro   0x00019391     0x1be6 ./Drivers/DW1000/DW1000.o
 .debug_macro   0x0001af77      0x22f ./Drivers/DW1000/SPI.o
 .debug_macro   0x0001b1a6      0x221 ./Drivers/STM32WB0x_HAL_Driver/Src/stm32wb0x_hal.o
 .debug_macro   0x0001b3c7      0x221 ./Drivers/STM32WB0x_HAL_Driver/Src/stm32wb0x_hal_cortex.o
 .debug_macro   0x0001b5e8      0x228 ./Drivers/STM32WB0x_HAL_Driver/Src/stm32wb0x_hal_gpio.o
 .debug_macro   0x0001b810      0x34d ./Drivers/STM32WB0x_HAL_Driver/Src/stm32wb0x_hal_radio.o
 .debug_macro   0x0001bb5d      0x2ec ./Drivers/STM32WB0x_HAL_Driver/Src/stm32wb0x_hal_radio_timer.o
 .debug_macro   0x0001be49      0x287 ./Drivers/STM32WB0x_HAL_Driver/Src/stm32wb0x_hal_rcc.o
 .debug_macro   0x0001c0d0      0x269 ./Drivers/STM32WB0x_HAL_Driver/Src/stm32wb0x_hal_rcc_ex.o
 .debug_macro   0x0001c339      0x229 ./Drivers/STM32WB0x_HAL_Driver/Src/stm32wb0x_hal_spi.o
 .debug_macro   0x0001c562      0x24c ./Drivers/STM32WB0x_HAL_Driver/Src/stm32wb0x_hal_uart.o
 .debug_macro   0x0001c7ae      0x22d ./Drivers/STM32WB0x_HAL_Driver/Src/stm32wb0x_hal_uart_ex.o

.comment        0x00000000       0x43
 .comment       0x00000000       0x43 ./Core/Src/main.o
                                 0x44 (size before relaxing)
 .comment       0x00000043       0x44 ./Core/Src/stm32wb0x_hal_msp.o
 .comment       0x00000043       0x44 ./Core/Src/stm32wb0x_it.o
 .comment       0x00000043       0x44 ./Core/Src/system_stm32wb0x.o
 .comment       0x00000043       0x44 ./Drivers/DW1000/DW1000.o
 .comment       0x00000043       0x44 ./Drivers/DW1000/SPI.o
 .comment       0x00000043       0x44 ./Drivers/STM32WB0x_HAL_Driver/Src/stm32wb0x_hal.o
 .comment       0x00000043       0x44 ./Drivers/STM32WB0x_HAL_Driver/Src/stm32wb0x_hal_cortex.o
 .comment       0x00000043       0x44 ./Drivers/STM32WB0x_HAL_Driver/Src/stm32wb0x_hal_gpio.o
 .comment       0x00000043       0x44 ./Drivers/STM32WB0x_HAL_Driver/Src/stm32wb0x_hal_radio.o
 .comment       0x00000043       0x44 ./Drivers/STM32WB0x_HAL_Driver/Src/stm32wb0x_hal_radio_timer.o
 .comment       0x00000043       0x44 ./Drivers/STM32WB0x_HAL_Driver/Src/stm32wb0x_hal_rcc.o
 .comment       0x00000043       0x44 ./Drivers/STM32WB0x_HAL_Driver/Src/stm32wb0x_hal_rcc_ex.o
 .comment       0x00000043       0x44 ./Drivers/STM32WB0x_HAL_Driver/Src/stm32wb0x_hal_spi.o
 .comment       0x00000043       0x44 ./Drivers/STM32WB0x_HAL_Driver/Src/stm32wb0x_hal_uart.o
 .comment       0x00000043       0x44 ./Drivers/STM32WB0x_HAL_Driver/Src/stm32wb0x_hal_uart_ex.o

.debug_frame    0x00000000     0x40d4
 .debug_frame   0x00000000      0x2c8 ./Core/Src/main.o
 .debug_frame   0x000002c8      0x22c ./Core/Src/stm32wb0x_hal_msp.o
 .debug_frame   0x000004f4      0x128 ./Core/Src/stm32wb0x_it.o
 .debug_frame   0x0000061c       0xa8 ./Core/Src/system_stm32wb0x.o
 .debug_frame   0x000006c4      0x16c ./Drivers/DW1000/DW1000.o
 .debug_frame   0x00000830       0x58 ./Drivers/DW1000/SPI.o
 .debug_frame   0x00000888      0x3c0 ./Drivers/STM32WB0x_HAL_Driver/Src/stm32wb0x_hal.o
 .debug_frame   0x00000c48      0x2dc ./Drivers/STM32WB0x_HAL_Driver/Src/stm32wb0x_hal_cortex.o
 .debug_frame   0x00000f24      0x130 ./Drivers/STM32WB0x_HAL_Driver/Src/stm32wb0x_hal_gpio.o
 .debug_frame   0x00001054      0x854 ./Drivers/STM32WB0x_HAL_Driver/Src/stm32wb0x_hal_radio.o
 .debug_frame   0x000018a8      0xb4c ./Drivers/STM32WB0x_HAL_Driver/Src/stm32wb0x_hal_radio_timer.o
 .debug_frame   0x000023f4      0x4e4 ./Drivers/STM32WB0x_HAL_Driver/Src/stm32wb0x_hal_rcc.o
 .debug_frame   0x000028d8      0x28c ./Drivers/STM32WB0x_HAL_Driver/Src/stm32wb0x_hal_rcc_ex.o
 .debug_frame   0x00002b64      0x710 ./Drivers/STM32WB0x_HAL_Driver/Src/stm32wb0x_hal_spi.o
 .debug_frame   0x00003274      0x8d8 ./Drivers/STM32WB0x_HAL_Driver/Src/stm32wb0x_hal_uart.o
 .debug_frame   0x00003b4c      0x1b8 ./Drivers/STM32WB0x_HAL_Driver/Src/stm32wb0x_hal_uart_ex.o
 .debug_frame   0x00003d04       0x2c C:/ST/STM32CubeIDE_1.16.0/STM32CubeIDE/plugins/com.st.stm32cube.ide.mcu.externaltools.gnu-tools-for-stm32.12.3.rel1.win32_1.1.0.202410251130/tools/bin/../lib/gcc/arm-none-eabi/12.3.1/../../../../arm-none-eabi/lib/thumb/v6-m/nofp\libc_nano.a(libc_a-memcmp.o)
 .debug_frame   0x00003d30       0x20 C:/ST/STM32CubeIDE_1.16.0/STM32CubeIDE/plugins/com.st.stm32cube.ide.mcu.externaltools.gnu-tools-for-stm32.12.3.rel1.win32_1.1.0.202410251130/tools/bin/../lib/gcc/arm-none-eabi/12.3.1/../../../../arm-none-eabi/lib/thumb/v6-m/nofp\libc_nano.a(libc_a-memset.o)
 .debug_frame   0x00003d50       0x20 C:/ST/STM32CubeIDE_1.16.0/STM32CubeIDE/plugins/com.st.stm32cube.ide.mcu.externaltools.gnu-tools-for-stm32.12.3.rel1.win32_1.1.0.202410251130/tools/bin/../lib/gcc/arm-none-eabi/12.3.1/thumb/v6-m/nofp\libgcc.a(_udivsi3.o)
 .debug_frame   0x00003d70       0x20 C:/ST/STM32CubeIDE_1.16.0/STM32CubeIDE/plugins/com.st.stm32cube.ide.mcu.externaltools.gnu-tools-for-stm32.12.3.rel1.win32_1.1.0.202410251130/tools/bin/../lib/gcc/arm-none-eabi/12.3.1/thumb/v6-m/nofp\libgcc.a(_divsi3.o)
 .debug_frame   0x00003d90       0x34 C:/ST/STM32CubeIDE_1.16.0/STM32CubeIDE/plugins/com.st.stm32cube.ide.mcu.externaltools.gnu-tools-for-stm32.12.3.rel1.win32_1.1.0.202410251130/tools/bin/../lib/gcc/arm-none-eabi/12.3.1/thumb/v6-m/nofp\libgcc.a(_muldi3.o)
 .debug_frame   0x00003dc4       0x2c C:/ST/STM32CubeIDE_1.16.0/STM32CubeIDE/plugins/com.st.stm32cube.ide.mcu.externaltools.gnu-tools-for-stm32.12.3.rel1.win32_1.1.0.202410251130/tools/bin/../lib/gcc/arm-none-eabi/12.3.1/thumb/v6-m/nofp\libgcc.a(_fixunsdfsi.o)
 .debug_frame   0x00003df0       0x2c C:/ST/STM32CubeIDE_1.16.0/STM32CubeIDE/plugins/com.st.stm32cube.ide.mcu.externaltools.gnu-tools-for-stm32.12.3.rel1.win32_1.1.0.202410251130/tools/bin/../lib/gcc/arm-none-eabi/12.3.1/thumb/v6-m/nofp\libgcc.a(_fixdfdi.o)
 .debug_frame   0x00003e1c       0x2c C:/ST/STM32CubeIDE_1.16.0/STM32CubeIDE/plugins/com.st.stm32cube.ide.mcu.externaltools.gnu-tools-for-stm32.12.3.rel1.win32_1.1.0.202410251130/tools/bin/../lib/gcc/arm-none-eabi/12.3.1/thumb/v6-m/nofp\libgcc.a(_fixunsdfdi.o)
 .debug_frame   0x00003e48       0x2c C:/ST/STM32CubeIDE_1.16.0/STM32CubeIDE/plugins/com.st.stm32cube.ide.mcu.externaltools.gnu-tools-for-stm32.12.3.rel1.win32_1.1.0.202410251130/tools/bin/../lib/gcc/arm-none-eabi/12.3.1/thumb/v6-m/nofp\libgcc.a(_floatdidf.o)
 .debug_frame   0x00003e74       0x3c C:/ST/STM32CubeIDE_1.16.0/STM32CubeIDE/plugins/com.st.stm32cube.ide.mcu.externaltools.gnu-tools-for-stm32.12.3.rel1.win32_1.1.0.202410251130/tools/bin/../lib/gcc/arm-none-eabi/12.3.1/thumb/v6-m/nofp\libgcc.a(_udivmoddi4.o)
 .debug_frame   0x00003eb0       0x3c C:/ST/STM32CubeIDE_1.16.0/STM32CubeIDE/plugins/com.st.stm32cube.ide.mcu.externaltools.gnu-tools-for-stm32.12.3.rel1.win32_1.1.0.202410251130/tools/bin/../lib/gcc/arm-none-eabi/12.3.1/thumb/v6-m/nofp\libgcc.a(adddf3.o)