../Drivers/STM32WB0x_HAL_Driver/Inc/stm32wb0x_ll_pwr.h:2503:22:LL_PWR_EnableGPIOPullUp	1
../Drivers/STM32WB0x_HAL_Driver/Inc/stm32wb0x_ll_pwr.h:2694:22:LL_PWR_SetNoPullA	1
../Drivers/STM32WB0x_HAL_Driver/Inc/stm32wb0x_ll_pwr.h:2723:22:LL_PWR_SetNoPullB	1
../Drivers/STM32WB0x_HAL_Driver/Inc/stm32wb0x_ll_radio_timer.h:325:26:LL_RADIO_TIMER_GetAbsoluteTime	1
../Drivers/STM32WB0x_HAL_Driver/Inc/stm32wb0x_ll_bus.h:229:22:LL_AHB1_GRP1_EnableClock	1
../Drivers/STM32WB0x_HAL_Driver/Inc/stm32wb0x_ll_bus.h:642:22:LL_APB2_GRP1_EnableClock	1
../Drivers/STM32WB0x_HAL_Driver/Inc/stm32wb0x_ll_bus.h:659:26:LL_APB2_GRP1_IsEnabledClock	2
../Drivers/STM32WB0x_HAL_Driver/Inc/stm32wb0x_ll_bus.h:685:22:LL_APB2_GRP1_ForceReset	1
../Drivers/STM32WB0x_HAL_Driver/Inc/stm32wb0x_ll_bus.h:698:22:LL_APB2_GRP1_ReleaseReset	1
../Core/Src/main.c:88:5:main	7
../Core/Src/main.c:171:6:SystemClock_Config	3
../Core/Src/main.c:201:6:PeriphCommonClock_Config	2
../Core/Src/main.c:219:13:MX_RADIO_Init	1
../Core/Src/main.c:243:13:MX_RADIO_TIMER_Init	3
../Core/Src/main.c:281:13:MX_SPI2_Init	2
../Core/Src/main.c:319:13:MX_USART1_UART_Init	5
../Core/Src/main.c:364:13:MX_GPIO_Init	1
../Core/Src/main.c:421:6:HAL_RADIO_CallbackRcvError	1
../Core/Src/main.c:428:6:HAL_RADIO_CallbackRcvTimeout	1
../Core/Src/main.c:435:6:HAL_RADIO_CallbackTxDone	1
../Core/Src/main.c:442:6:HAL_RADIO_CallbackRcvOk	4
../Core/Src/main.c:460:6:Error_Handler	1
